04-25 18:42:49.876  2681  2681 I TelecomFramework: PstnPhoneCapabilitiesNotifier: handleVideoCapabilitesChanged. Video capability - false
04-25 18:42:49.969  1008  1115 I ActivityManager: Start proc 3724:com.android.dialer/u0a17 for broadcast com.android.dialer/.app.voicemail.LegacyVoicemailNotificationReceiver
04-25 18:42:50.001  2681  2681 I TelecomFramework: PstnIncomingCallNotifier: Unregistering: Handler (com.android.internal.telephony.GsmCdmaPhone) {a343c51}
04-25 18:42:50.173  1008  2198 I Telecom : PhoneAccountRegistrar: Modify account: [ComponentInfo{com.android.phone/com.android.services.telephony.TelephonyConnectionService}, [****], UserHandle{0}]: TSI.rPA@ADs
04-25 18:42:50.276  2681  2681 I TelecomFramework: AccountEntry: Registered phoneAccount: [[ ] PhoneAccount: ComponentInfo{com.android.phone/com.android.services.telephony.TelephonyConnectionService}, [****], UserHandle{0} Capabilities: SuppVideo CallProvider MultiUser PlaceEmerg SimSub  Audio Routes: BESW Schemes: tel voicemail  Extras: Bundle[{android.telecom.extra.SUPPORTS_VIDEO_CALLING_FALLBACK=false, android.telecom.extra.SORT_ORDER=0}] GroupId: [****]] with handle: ComponentInfo{com.android.phone/com.android.services.telephony.TelephonyConnectionService}, [****], UserHandle{0}
04-25 18:42:50.298  2681  2681 I TelecomFramework: PstnIncomingCallNotifier: Registering: Handler (com.android.internal.telephony.GsmCdmaPhone) {a343c51}
04-25 18:42:50.327  2681  2681 I TelecomFramework: PstnIncomingCallNotifier: Unregistering: Handler (com.android.internal.telephony.GsmCdmaPhone) {a343c51}
04-25 18:42:50.355  1008  2617 I Telecom : PhoneAccountRegistrar: Modify account: [ComponentInfo{com.android.phone/com.android.services.telephony.TelephonyConnectionService}, [****], UserHandle{0}]: TSI.rPA@AD4
04-25 18:42:50.359  2681  2681 I TelecomFramework: AccountEntry: Registered phoneAccount: [[ ] PhoneAccount: ComponentInfo{com.android.phone/com.android.services.telephony.TelephonyConnectionService}, [****], UserHandle{0} Capabilities: SuppVideo CallProvider MultiUser PlaceEmerg SimSub  Audio Routes: BESW Schemes: tel voicemail  Extras: Bundle[{android.telecom.extra.SUPPORTS_VIDEO_CALLING_FALLBACK=false, android.telecom.extra.SORT_ORDER=0}] GroupId: [****]] with handle: ComponentInfo{com.android.phone/com.android.services.telephony.TelephonyConnectionService}, [****], UserHandle{0}
04-25 18:42:50.359  2681  2681 I TelecomFramework: PstnIncomingCallNotifier: Registering: Handler (com.android.internal.telephony.GsmCdmaPhone) {a343c51}
04-25 18:42:50.559  2681  2681 I TelecomFramework: PstnPhoneCapabilitiesNotifier: handleVideoCapabilitesChanged. Video capability - false
04-25 18:42:50.744  3701  3701 I chatty  : uid=1001(radio) org.codeaurora.ims expire 1 line
04-25 18:42:50.581  2681  2681 I chatty  : uid=1001(radio) com.android.phone identical 1 line
04-25 18:42:50.581  2681  2681 I TelecomFramework: PstnPhoneCapabilitiesNotifier: handleVideoCapabilitesChanged. Video capability - false
04-25 18:42:50.793  1008  2617 I ActivityManager: Process org.codeaurora.ims (pid 3701) has died: cch  CEM 
04-25 18:42:51.010  3724  3724 I chatty  : uid=10017(com.android.dialer) expire 19 lines
04-25 18:42:51.045  3724  3766 I chatty  : uid=10017(com.android.dialer) expire 1 line
04-25 18:42:51.336  2681  3770 I chatty  : uid=1001(radio) com.android.phone expire 1 line
04-25 18:42:51.342  2681  3769 I chatty  : uid=1001(radio) com.android.phone expire 2 lines
04-25 18:42:51.408  2681  3694 I chatty  : uid=1001(radio) ImsConfigImplHa expire 18 lines
04-25 18:42:51.483  1008  3636 I chatty  : uid=1000(system) Binder:1008_F expire 8 lines
04-25 18:42:51.581  1008  3636 I ActivityManager: Process com.android.dialer (pid 3724) has died: cch  CEM 
04-25 18:42:51.661  2681  2681 I TelecomFramework: PstnPhoneCapabilitiesNotifier: handleVideoCapabilitesChanged. Video capability - false
04-25 18:42:51.732  2681  2681 I TelecomFramework: PstnPhoneCapabilitiesNotifier: handleVideoCapabilitesChanged. Video capability - false
04-25 18:42:51.809  1008  1008 I Telecom : PhoneAccountRegistrar: SimCallManager queried, returning: null: TSI.gSCMFU@AEk
04-25 18:42:51.814  1008  3636 I Telecom : PhoneAccountRegistrar: Modify account: [ComponentInfo{com.android.phone/com.android.services.telephony.TelephonyConnectionService}, [****], UserHandle{0}]: TSI.rPA@AEo
04-25 18:42:51.952  2681  2681 D MccTable: updateMccMncConfiguration mccmnc='405870' fromServiceState=true
04-25 18:42:51.958  2681  2681 D MccTable: updateMccMncConfiguration defaultMccMnc=
04-25 18:42:51.958  2681  2681 D MccTable: updateMccMncConfiguration: mcc=405, mnc=870
04-25 18:42:51.958  2681  2681 D MccTable: WIFI_COUNTRY_CODE set to in
04-25 18:42:51.997  3333  3689 I vol.Events: writeEvent level_changed STREAM_VOICE_CALL 4
04-25 18:42:51.999  3333  3689 I vol.Events: writeEvent level_changed STREAM_SYSTEM 7
04-25 18:42:52.000  3333  3689 I vol.Events: writeEvent level_changed STREAM_RING 7
04-25 18:42:52.003  3333  3689 I vol.Events: writeEvent level_changed STREAM_MUSIC 15
04-25 18:42:52.007  1008  3636 I WifiService: WifiService trying to set country code to in with persist set to false
04-25 18:42:52.009  3333  3689 I vol.Events: writeEvent level_changed STREAM_ALARM 7
04-25 18:42:52.014  3333  3689 I vol.Events: writeEvent level_changed STREAM_BLUETOOTH_SCO 7
04-25 18:42:52.055  3333  3333 W SystemUIService: Initialization of com.android.systemui.volume.VolumeUI took 4213 ms
04-25 18:42:52.229  3333  3773 D OpenGLRenderer: HWUI GL Pipeline
04-25 18:42:52.633  2681  2681 I TelecomFramework: PstnPhoneCapabilitiesNotifier: handleVideoCapabilitesChanged. Video capability - false
04-25 18:42:52.653  2822  2822 D SimSelectNotification:  no of slots 2 provision = false
04-25 18:42:52.689  1008  2617 I Telecom : PhoneAccountRegistrar: Modify account: [ComponentInfo{com.android.phone/com.android.services.telephony.TelephonyConnectionService}, [****], UserHandle{0}]: TSI.rPA@AEs
04-25 18:42:52.695  1008  3636 I ActivityManager: Start proc 3775:org.codeaurora.ims/1001 for broadcast org.codeaurora.ims/.ImsServiceAutoboot
04-25 18:42:52.909  2681  2681 I chatty  : uid=1001(radio) com.android.phone expire 61 lines
04-25 18:42:52.933  2681  3794 I chatty  : uid=1001(radio) com.android.phone expire 1 line
04-25 18:42:52.935  2681  3793 I chatty  : uid=1001(radio) com.android.phone expire 2 lines
04-25 18:42:53.226  2681  2681 I TelecomFramework: PstnIncomingCallNotifier: Unregistering: Handler (com.android.internal.telephony.GsmCdmaPhone) {a343c51}
04-25 18:42:53.276  1008  1115 I ActivityManager: Start proc 3795:com.android.dialer/u0a17 for broadcast com.android.dialer/.app.voicemail.LegacyVoicemailNotificationReceiver
04-25 18:42:53.276  1008  1115 W ActivityManager: Slow operation: 53ms so far, now at startProcess: starting to update pids map
04-25 18:42:53.276  1008  1115 W ActivityManager: Slow operation: 53ms so far, now at startProcess: done updating pids map
04-25 18:42:53.276  1008  1115 W ActivityManager: Slow operation: 55ms so far, now at startProcess: done starting proc!
04-25 18:42:53.313  1008  2617 W WallpaperManagerService: Cannot extract colors because wallpaper could not be read.
04-25 18:42:53.314  1008  2617 W WallpaperManagerService: Cannot extract colors because wallpaper could not be read.
04-25 18:42:53.330  1008  3636 I Telecom : PhoneAccountRegistrar: Modify account: [ComponentInfo{com.android.phone/com.android.services.telephony.TelephonyConnectionService}, [****], UserHandle{0}]: TSI.rPA@AFI
04-25 18:42:53.382  2681  2681 I TelecomFramework: AccountEntry: Registered phoneAccount: [[ ] PhoneAccount: ComponentInfo{com.android.phone/com.android.services.telephony.TelephonyConnectionService}, [****], UserHandle{0} Capabilities: SuppVideo CallProvider MultiUser PlaceEmerg SimSub  Audio Routes: BESW Schemes: tel voicemail  Extras: Bundle[{android.telecom.extra.SUPPORTS_VIDEO_CALLING_FALLBACK=false, android.telecom.extra.SORT_ORDER=0}] GroupId: [****]] with handle: ComponentInfo{com.android.phone/com.android.services.telephony.TelephonyConnectionService}, [****], UserHandle{0}
04-25 18:42:53.391  2681  2681 I TelecomFramework: PstnIncomingCallNotifier: Registering: Handler (com.android.internal.telephony.GsmCdmaPhone) {a343c51}
04-25 18:42:53.401  2681  2681 I TelecomFramework: PstnIncomingCallNotifier: Unregistering: Handler (com.android.internal.telephony.GsmCdmaPhone) {a343c51}
04-25 18:42:53.430  1008  2617 I Telecom : PhoneAccountRegistrar: Modify account: [ComponentInfo{com.android.phone/com.android.services.telephony.TelephonyConnectionService}, [****], UserHandle{0}]: TSI.rPA@AFU
04-25 18:42:53.435  2681  2681 I TelecomFramework: AccountEntry: Registered phoneAccount: [[ ] PhoneAccount: ComponentInfo{com.android.phone/com.android.services.telephony.TelephonyConnectionService}, [****], UserHandle{0} Capabilities: SuppVideo CallProvider MultiUser PlaceEmerg SimSub  Audio Routes: BESW Schemes: tel voicemail  Extras: Bundle[{android.telecom.extra.SUPPORTS_VIDEO_CALLING_FALLBACK=false, android.telecom.extra.SORT_ORDER=0}] GroupId: [****]] with handle: ComponentInfo{com.android.phone/com.android.services.telephony.TelephonyConnectionService}, [****], UserHandle{0}
04-25 18:42:53.435  2681  2681 I TelecomFramework: PstnIncomingCallNotifier: Registering: Handler (com.android.internal.telephony.GsmCdmaPhone) {a343c51}
04-25 18:42:53.857  2681  3812 I chatty  : uid=1001(radio) com.android.phone expire 2 lines
04-25 18:42:53.859  2681  3813 I chatty  : uid=1001(radio) com.android.phone expire 1 line
04-25 18:42:53.931  3333  3333 D StatusBar: disable<e i a s b h r c s q >
04-25 18:42:53.939  1008  2198 I StatusBarManagerService: registerStatusBar bar=com.android.internal.statusbar.IStatusBar$Stub$Proxy@2346353
04-25 18:42:53.994  2681  2681 I TelecomFramework: PstnPhoneCapabilitiesNotifier: handleVideoCapabilitesChanged. Video capability - false
04-25 18:42:54.008  2681  2681 I TelecomFramework: PstnPhoneCapabilitiesNotifier: handleVideoCapabilitesChanged. Video capability - false
04-25 18:42:54.107  1008  2198 I Telecom : PhoneAccountRegistrar: Modify account: [ComponentInfo{com.android.phone/com.android.services.telephony.TelephonyConnectionService}, [****], UserHandle{0}]: TSI.rPA@AFs
04-25 18:42:54.349  3775  3775 I chatty  : uid=1001(radio) org.codeaurora.ims expire 1 line
04-25 18:42:54.393  1008  3636 I ActivityManager: Process org.codeaurora.ims (pid 3775) has died: cch  CEM 
04-25 18:42:54.455  2822  2822 D SimSelectNotification:  no of slots 2 provision = false
04-25 18:42:54.543  1008  2617 W ActivityManager: Slow operation: 88ms so far, now at startProcess: returned from zygote!
04-25 18:42:54.552  1008  2617 W ActivityManager: Slow operation: 97ms so far, now at startProcess: done updating battery stats
04-25 18:42:54.552  1008  2617 W ActivityManager: Slow operation: 97ms so far, now at startProcess: building log message
04-25 18:42:54.552  1008  2617 I ActivityManager: Start proc 3816:org.codeaurora.ims/1001 for broadcast org.codeaurora.ims/.ImsServiceAutoboot
04-25 18:42:54.552  1008  2617 W ActivityManager: Slow operation: 97ms so far, now at startProcess: starting to update pids map
04-25 18:42:54.552  1008  2617 W ActivityManager: Slow operation: 97ms so far, now at startProcess: done updating pids map
04-25 18:42:54.552  1008  2617 W ActivityManager: Slow operation: 97ms so far, now at startProcess: done starting proc!
04-25 18:42:54.556  3795  3795 I chatty  : uid=10017(com.android.dialer) expire 7 lines
04-25 18:42:54.618  3795  3827 I chatty  : uid=10017(com.android.dialer) expire 1 line
04-25 18:42:54.976  3816  3816 I chatty  : uid=1001(radio) org.codeaurora.ims expire 1 line
04-25 18:42:55.005  1008  2617 I ActivityManager: Start proc 3834:com.android.deskclock/u0a50 for broadcast com.android.deskclock/.AlarmInitReceiver
04-25 18:42:55.132  1008  2617 I ActivityManager: Process com.android.dialer (pid 3795) has died: cch+2CEM 
04-25 18:42:55.149  1008  2617 I ActivityManager: Process org.codeaurora.ims (pid 3816) has died: cch  CEM 
04-25 18:42:55.416  3834  3834 I AlarmClock: AlarmInitReceiver android.intent.action.TIME_SET
04-25 18:42:55.469  3834  3850 I AlarmClock: Fixing alarm instances
04-25 18:42:55.548  3333  3851 I SecurityController: could not bind to KeyChainService
04-25 18:42:55.656  1008  2617 I ActivityManager: Start proc 3852:com.android.cellbroadcastreceiver/u0a10 for broadcast com.android.cellbroadcastreceiver/.CellBroadcastReceiver
04-25 18:42:55.734  1008  2617 I ActivityManager: Process com.android.deskclock (pid 3834) has died: cch  CEM 
04-25 18:42:55.873  3333  3333 I CameraManagerGlobal: Connecting to camera service
04-25 18:42:56.022  3852  3852 D CellBroadcastReceiver: onReceive Intent { act=android.telephony.action.CARRIER_CONFIG_CHANGED flg=0x5000010 cmp=com.android.cellbroadcastreceiver/.CellBroadcastReceiver (has extras) }
04-25 18:42:56.023  3852  3852 D CellBroadcastReceiver: Start Cell Broadcast configuration.
04-25 18:42:56.064  3852  3852 D CellBroadcastReceiver: Default interval 0 did not change.
04-25 18:42:56.100  1008  2876 I ActivityManager: Process com.android.cellbroadcastreceiver (pid 3852) has died: svc  SVC 
04-25 18:42:56.101  1008  2876 W ActivityManager: Scheduling restart of crashed service com.android.cellbroadcastreceiver/.CellBroadcastConfigService in 1000ms
04-25 18:42:56.921  3333  3333 I ndroid.systemui: type=1400 audit(0.0:434): avc: denied { open } for path="/dev/__properties__/u:object_r:qemu_hw_mainkeys_prop:s0" dev="tmpfs" ino=7333 scontext=u:r:platform_app:s0:c512,c768 tcontext=u:object_r:qemu_hw_mainkeys_prop:s0 tclass=file permissive=1
04-25 18:42:56.921  3333  3333 I ndroid.systemui: type=1400 audit(0.0:435): avc: denied { getattr } for path="/dev/__properties__/u:object_r:qemu_hw_mainkeys_prop:s0" dev="tmpfs" ino=7333 scontext=u:r:platform_app:s0:c512,c768 tcontext=u:object_r:qemu_hw_mainkeys_prop:s0 tclass=file permissive=1
04-25 18:42:57.268  3333  3696 W Tile.BluetoothTile: Error in handleRefreshState
04-25 18:42:57.268  3333  3696 W Tile.BluetoothTile: java.lang.NullPointerException: Attempt to invoke interface method 'boolean com.android.systemui.statusbar.policy.BluetoothController.isBluetoothEnabled()' on a null object reference
04-25 18:42:57.268  3333  3696 W Tile.BluetoothTile: 	at com.android.systemui.qs.tiles.BluetoothTile.handleUpdateState(BluetoothTile.java:119)
04-25 18:42:57.268  3333  3696 W Tile.BluetoothTile: 	at com.android.systemui.qs.tiles.BluetoothTile.handleUpdateState(BluetoothTile.java:117)
04-25 18:42:57.268  3333  3696 W Tile.BluetoothTile: 	at com.android.systemui.qs.tileimpl.QSTileImpl.handleRefreshState(QSTileImpl.java:286)
04-25 18:42:57.268  3333  3696 W Tile.BluetoothTile: 	at com.android.systemui.qs.tileimpl.QSTileImpl$H.handleMessage(QSTileImpl.java:439)
04-25 18:42:57.268  3333  3696 W Tile.BluetoothTile: 	at android.os.Handler.dispatchMessage(Handler.java:106)
04-25 18:42:57.268  3333  3696 W Tile.BluetoothTile: 	at android.os.Looper.loop(Looper.java:164)
04-25 18:42:57.268  3333  3696 W Tile.BluetoothTile: 	at android.os.HandlerThread.run(HandlerThread.java:65)
04-25 18:42:57.291  3333  3333 D LocalBluetoothProfileManager: Adding local MAP profile
04-25 18:42:57.304  3333  3333 D BluetoothMap: Create BluetoothMap proxy object
04-25 18:42:57.311  3333  3333 D LocalBluetoothProfileManager: LocalBluetoothProfileManager construction complete
04-25 18:42:57.320  3333  3696 W Tile.DndTile: Error in handleRefreshState
04-25 18:42:57.320  3333  3696 W Tile.DndTile: java.lang.NullPointerException: Attempt to invoke interface method 'int com.android.systemui.statusbar.policy.ZenModeController.getZen()' on a null object reference
04-25 18:42:57.320  3333  3696 W Tile.DndTile: 	at com.android.systemui.qs.tiles.DndTile.handleUpdateState(DndTile.java:177)
04-25 18:42:57.320  3333  3696 W Tile.DndTile: 	at com.android.systemui.qs.tiles.DndTile.handleUpdateState(DndTile.java:175)
04-25 18:42:57.320  3333  3696 W Tile.DndTile: 	at com.android.systemui.qs.tileimpl.QSTileImpl.handleRefreshState(QSTileImpl.java:286)
04-25 18:42:57.320  3333  3696 W Tile.DndTile: 	at com.android.systemui.qs.tileimpl.QSTileImpl$H.handleMessage(QSTileImpl.java:439)
04-25 18:42:57.320  3333  3696 W Tile.DndTile: 	at android.os.Handler.dispatchMessage(Handler.java:106)
04-25 18:42:57.320  3333  3696 W Tile.DndTile: 	at android.os.Looper.loop(Looper.java:164)
04-25 18:42:57.320  3333  3696 W Tile.DndTile: 	at android.os.HandlerThread.run(HandlerThread.java:65)
04-25 18:42:57.324  3333  3696 W Tile.FlashlightTile: Error in handleSetListening
04-25 18:42:57.324  3333  3696 W Tile.FlashlightTile: java.lang.NullPointerException: Attempt to invoke interface method 'void com.android.systemui.statusbar.policy.FlashlightController.addCallback(java.lang.Object)' on a null object reference
04-25 18:42:57.324  3333  3696 W Tile.FlashlightTile: 	at com.android.systemui.qs.tiles.FlashlightTile.handleSetListening(FlashlightTile.java:59)
04-25 18:42:57.324  3333  3696 W Tile.FlashlightTile: 	at com.android.systemui.qs.tileimpl.QSTileImpl$H.handleMessage(QSTileImpl.java:460)
04-25 18:42:57.324  3333  3696 W Tile.FlashlightTile: 	at android.os.Handler.dispatchMessage(Handler.java:106)
04-25 18:42:57.324  3333  3696 W Tile.FlashlightTile: 	at android.os.Looper.loop(Looper.java:164)
04-25 18:42:57.324  3333  3696 W Tile.FlashlightTile: 	at android.os.HandlerThread.run(HandlerThread.java:65)
04-25 18:42:57.333  3333  3696 W Tile.CellularTile: Error in handleSetListening
04-25 18:42:57.333  3333  3696 W Tile.CellularTile: java.lang.NullPointerException: Attempt to invoke interface method 'void com.android.systemui.statusbar.policy.NetworkController.addCallback(com.android.systemui.statusbar.policy.NetworkController$SignalCallback)' on a null object reference
04-25 18:42:57.333  3333  3696 W Tile.CellularTile: 	at com.android.systemui.qs.tiles.CellularTile.handleSetListening(CellularTile.java:97)
04-25 18:42:57.333  3333  3696 W Tile.CellularTile: 	at com.android.systemui.qs.tileimpl.QSTileImpl$H.handleMessage(QSTileImpl.java:460)
04-25 18:42:57.333  3333  3696 W Tile.CellularTile: 	at android.os.Handler.dispatchMessage(Handler.java:106)
04-25 18:42:57.333  3333  3696 W Tile.CellularTile: 	at android.os.Looper.loop(Looper.java:164)
04-25 18:42:57.333  3333  3696 W Tile.CellularTile: 	at android.os.HandlerThread.run(HandlerThread.java:65)
04-25 18:42:57.360  3333  3696 W Tile.CastTile: Error in handleRefreshState
04-25 18:42:57.360  3333  3696 W Tile.CastTile: java.lang.NullPointerException: Attempt to invoke interface method 'java.util.Set com.android.systemui.statusbar.policy.CastController.getCastDevices()' on a null object reference
04-25 18:42:57.360  3333  3696 W Tile.CastTile: 	at com.android.systemui.qs.tiles.CastTile.handleUpdateState(CastTile.java:163)
04-25 18:42:57.360  3333  3696 W Tile.CastTile: 	at com.android.systemui.qs.tiles.CastTile.handleUpdateState(CastTile.java:158)
04-25 18:42:57.360  3333  3696 W Tile.CastTile: 	at com.android.systemui.qs.tileimpl.QSTileImpl.handleRefreshState(QSTileImpl.java:286)
04-25 18:42:57.360  3333  3696 W Tile.CastTile: 	at com.android.systemui.qs.tileimpl.QSTileImpl$H.handleMessage(QSTileImpl.java:439)
04-25 18:42:57.360  3333  3696 W Tile.CastTile: 	at android.os.Handler.dispatchMessage(Handler.java:106)
04-25 18:42:57.360  3333  3696 W Tile.CastTile: 	at android.os.Looper.loop(Looper.java:164)
04-25 18:42:57.360  3333  3696 W Tile.CastTile: 	at android.os.HandlerThread.run(HandlerThread.java:65)
04-25 18:42:57.368  3333  3696 W Tile.HotspotTile: Error in handleSetListening
04-25 18:42:57.368  3333  3696 W Tile.HotspotTile: java.lang.NullPointerException: Attempt to invoke interface method 'void com.android.systemui.statusbar.policy.HotspotController.addCallback(java.lang.Object)' on a null object reference
04-25 18:42:57.368  3333  3696 W Tile.HotspotTile: 	at com.android.systemui.qs.tiles.HotspotTile.handleSetListening(HotspotTile.java:81)
04-25 18:42:57.368  3333  3696 W Tile.HotspotTile: 	at com.android.systemui.qs.tileimpl.QSTileImpl$H.handleMessage(QSTileImpl.java:460)
04-25 18:42:57.368  3333  3696 W Tile.HotspotTile: 	at android.os.Handler.dispatchMessage(Handler.java:106)
04-25 18:42:57.368  3333  3696 W Tile.HotspotTile: 	at android.os.Looper.loop(Looper.java:164)
04-25 18:42:57.368  3333  3696 W Tile.HotspotTile: 	at android.os.HandlerThread.run(HandlerThread.java:65)
04-25 18:42:57.372  3333  3696 W Tile.HotspotTile: Error in handleRefreshState
04-25 18:42:57.372  3333  3696 W Tile.HotspotTile: java.lang.NullPointerException: Attempt to invoke interface method 'boolean com.android.systemui.statusbar.policy.HotspotController.isHotspotEnabled()' on a null object reference
04-25 18:42:57.372  3333  3696 W Tile.HotspotTile: 	at com.android.systemui.qs.tiles.HotspotTile.handleUpdateState(HotspotTile.java:121)
04-25 18:42:57.372  3333  3696 W Tile.HotspotTile: 	at com.android.systemui.qs.tiles.HotspotTile.handleUpdateState(HotspotTile.java:110)
04-25 18:42:57.372  3333  3696 W Tile.HotspotTile: 	at com.android.systemui.qs.tileimpl.QSTileImpl.handleRefreshState(QSTileImpl.java:286)
04-25 18:42:57.372  3333  3696 W Tile.HotspotTile: 	at com.android.systemui.qs.tileimpl.QSTileImpl$H.handleMessage(QSTileImpl.java:439)
04-25 18:42:57.372  3333  3696 W Tile.HotspotTile: 	at android.os.Handler.dispatchMessage(Handler.java:106)
04-25 18:42:57.372  3333  3696 W Tile.HotspotTile: 	at android.os.Looper.loop(Looper.java:164)
04-25 18:42:57.372  3333  3696 W Tile.HotspotTile: 	at android.os.HandlerThread.run(HandlerThread.java:65)
04-25 18:42:57.432  3333  3773 D OpenGLRenderer: profile bars disabled
04-25 18:42:57.434  3333  3773 D OpenGLRenderer: ambientRatio = 1.50
04-25 18:42:57.496  3333  3333 D StatusBar: disable<e i a s b h r c s q >
04-25 18:42:57.678  3333  3333 D StatusBar: heads up is enabled
04-25 18:42:57.756  3333  3333 W SystemUIService: Initialization of com.android.systemui.SystemBars took 5400 ms
04-25 18:42:57.820  3333  3333 D StorageNotification: Notifying about private volume: VolumeInfo{private}:
04-25 18:42:57.820  3333  3333 D StorageNotification:     type=PRIVATE diskId=null partGuid=null mountFlags=0 mountUserId=-1 
04-25 18:42:57.820  3333  3333 D StorageNotification:     state=MOUNTED 
04-25 18:42:57.820  3333  3333 D StorageNotification:     fsType=null fsUuid=null fsLabel=null 
04-25 18:42:57.820  3333  3333 D StorageNotification:     path=/data internalPath=null 
04-25 18:42:57.826  3333  3333 D StorageNotification: Notifying about public volume: VolumeInfo{public:179_65}:
04-25 18:42:57.826  3333  3333 D StorageNotification:     type=PUBLIC diskId=disk:179_64 partGuid=null mountFlags=VISIBLE 
04-25 18:42:57.826  3333  3333 D StorageNotification:     mountUserId=0 state=MOUNTED 
04-25 18:42:57.826  3333  3333 D StorageNotification:     fsType=vfat fsUuid=0000-9DF7 fsLabel=sdcard1 
04-25 18:42:57.826  3333  3333 D StorageNotification:     path=/storage/0000-9DF7 internalPath=/mnt/media_rw/0000-9DF7 
04-25 18:42:58.055  1008  3326 D CryptdConnector: SND -> {3 cryptfs getpw}
04-25 18:42:58.072   251   255 D VoldCryptCmdListener: cryptfs getpw
04-25 18:42:58.074  1008  1299 D CryptdConnector: RCV <- {200 3 -1}
04-25 18:42:58.078  1008  3326 D CryptdConnector: SND -> {4 cryptfs clearpw}
04-25 18:42:58.079   251   255 D VoldCryptCmdListener: cryptfs clearpw
04-25 18:42:58.079  1008  1299 D CryptdConnector: RCV <- {200 4 0}
04-25 18:42:58.102  3333  3333 I Choreographer: Skipped 349 frames!  The application may be doing too much work on its main thread.
04-25 18:42:58.230  3333  3773 I Adreno-EGL: <qeglDrvAPI_eglInitialize:379>: EGL 1.4 QUALCOMM build: Nondeterministic_AU_msm8916_64_LA.BR.1.2.9_RB1__release_AU (I38fdb1353f)
04-25 18:42:58.230  3333  3773 I Adreno-EGL: OpenGL ES Shader Compiler Version: XE031.09.00.03
04-25 18:42:58.230  3333  3773 I Adreno-EGL: Build Date: 10/24/16 Mon
04-25 18:42:58.230  3333  3773 I Adreno-EGL: Local Branch: mybranch22985090
04-25 18:42:58.230  3333  3773 I Adreno-EGL: Remote Branch: quic/LA.BR.1.2.9_rb1.8
04-25 18:42:58.230  3333  3773 I Adreno-EGL: Local Patches: NONE
04-25 18:42:58.230  3333  3773 I Adreno-EGL: Reconstruct Branch: NOTHING
04-25 18:42:58.252  3333  3333 D ViewRootImpl[StatusBar]: changeCanvasOpacity: opaque=true
04-25 18:42:58.465   233   233 W /system/bin/hwservicemanager: getTransport: Cannot find entry android.hardware.configstore@1.0::ISurfaceFlingerConfigs/default in either framework or device manifest.
04-25 18:42:58.469  3333  3773 I com.android.systemui: android::hardware::configstore::V1_0::ISurfaceFlingerConfigs::hasWideColorDisplay retrieved: 0
04-25 18:42:58.469  3333  3773 I OpenGLRenderer: Initialized EGL, version 1.4
04-25 18:42:58.470  3333  3773 D OpenGLRenderer: Swap behavior 1
04-25 18:42:58.493  3333  3773 W Adreno-EGL: <qeglDrvAPI_eglGetConfigAttrib:607>: EGL_BAD_ATTRIBUTE
04-25 18:42:58.514  3333  3773 W Adreno-EGL: <qeglDrvAPI_eglGetConfigAttrib:607>: EGL_BAD_ATTRIBUTE
04-25 18:42:58.521  3333  3773 D vndksupport: Loading /vendor/lib/hw/gralloc.msm8916.so from current namespace instead of sphal namespace.
04-25 18:42:58.909  3333  3773 W Adreno-EGL: <qeglDrvAPI_eglGetConfigAttrib:607>: EGL_BAD_ATTRIBUTE
04-25 18:42:58.910  3333  3773 D vndksupport: Loading /vendor/lib/hw/gralloc.msm8916.so from current namespace instead of sphal namespace.
04-25 18:42:58.930  3333  3333 D StatusBar: disable<e i a s b H!R!c s q >
04-25 18:42:58.979  1008  1329 D WifiService: New client listening to asynchronous messages
04-25 18:42:59.034  3333  3344 I zygote  : Do partial code cache collection, code=22KB, data=30KB
04-25 18:42:59.047  3333  3344 I zygote  : After code cache collection, code=22KB, data=30KB
04-25 18:42:59.047  3333  3344 I zygote  : Increasing code cache capacity to 128KB
04-25 18:43:00.100  3333  3333 W ResourceType: No package identifier when getting value for resource number 0x00000000
04-25 18:43:00.205  1008  1143 W WindowManager: Window freeze timeout expired.
04-25 18:43:00.207  1008  1143 W WindowManager: Force clearing orientation change: Window{f0ccaf0 u0 NavigationBar}
04-25 18:43:00.207  1008  1143 W WindowManager: Force clearing orientation change: Window{7519b75 u0 StatusBar}
04-25 18:43:00.784  3333  3333 I PowerUI.Notification: show low battery warning: level=13 [-1] playSound=true
04-25 18:43:00.100  3333  3333 W ResourceType: No package identifier when getting value for resource number 0x00000000
04-25 18:43:00.804  3333  3344 I zygote  : Do partial code cache collection, code=63KB, data=55KB
04-25 18:43:00.817  3333  3344 I zygote  : After code cache collection, code=63KB, data=55KB
04-25 18:43:00.817  3333  3344 I zygote  : Increasing code cache capacity to 256KB
04-25 18:43:01.225  1008  1344 I chatty  : uid=1000(system) notification-sq expire 1 line
04-25 18:43:01.254   340  1569 D NuPlayerDriver: NuPlayerDriver(0xa4d8b500) created, clientPid(3333)
04-25 18:43:01.310  1008  1246 W LocalDisplayAdapter: Unable to find color mode 0, ignoring request.
04-25 18:43:01.314   340  3880 D GenericSource: FileSource remote
04-25 18:43:01.342  3333  3333 W KeyguardUpdateMonitor: invalid subId in handleServiceStateChange()
04-25 18:43:01.355   340  3879 D NuPlayerDriver: notifyListener_l(0xa4d8b500), (1, 0, 0, -1), loop setting(0, 0)
04-25 18:43:01.408   314   314 I chatty  : uid=1000(system) /system/bin/vm_bms expire 21 lines
04-25 18:43:01.659  3333  3333 D StatusBar: disable<e i a s b H R c s q >
04-25 18:43:01.944  3333  3333 I chatty  : uid=10032(com.android.systemui) identical 7 lines
04-25 18:43:01.945  3333  3333 D StatusBar: disable<e i a s b H R c s q >
04-25 18:43:01.960  3333  3333 I Choreographer: Skipped 229 frames!  The application may be doing too much work on its main thread.
04-25 18:43:01.979   340   340 D NuPlayerDriver: start(0xa4d8b500), state is 4, eos is 0
04-25 18:43:01.985   340  3879 I GenericSource: start
04-25 18:43:02.069  2359  2359 I OMXMaster: makeComponentInstance(OMX.google.vorbis.decoder) in android.hardwar process
04-25 18:43:02.118  2359  2598 E OMXNodeInstance: setConfig(0xb53187e0:google.vorbis.decoder, ConfigPriority(0x6f800002)) ERROR: Undefined(0x80001001)
04-25 18:43:02.119   340  3884 I ACodec  : codec does not support config priority (err -2147483648)
04-25 18:43:02.124   340  3884 I MediaCodec: MediaCodec will operate in async mode
04-25 18:43:02.168  1008  1287 I chatty  : uid=1000(system) InputDispatcher expire 36 lines
04-25 18:43:02.207   340  3882 D AudioTrack: Client defaulted notificationFrames to 12480 for frameCount 24960
04-25 18:43:02.328  3333  3773 W Adreno-EGL: <qeglDrvAPI_eglGetConfigAttrib:607>: EGL_BAD_ATTRIBUTE
04-25 18:43:02.330  3333  3773 D vndksupport: Loading /vendor/lib/hw/gralloc.msm8916.so from current namespace instead of sphal namespace.
04-25 18:43:02.370  3333  3333 D StatusBar: disable<e i a s b H R c s q >
04-25 18:43:02.375  3333  3333 W View    : requestLayout() improperly called by com.android.systemui.cosmic.carrierlabel.CarrierLabel{b1ec688 I.ED..... ......I. 0,0-0,0 #7f0a028a app:id/statusbar_carrier_text} during layout: running second layout pass
04-25 18:43:02.461   340  3879 D NuPlayerDriver: notifyListener_l(0xa4d8b500), (6, 0, 0, -1), loop setting(0, 0)
04-25 18:43:02.486   331  3888 I chatty  : uid=1041(audioserver) writer expire 38 lines
04-25 18:43:02.553   233   233 W /system/bin/hwservicemanager: getTransport: Cannot find entry android.hardware.graphics.mapper@2.0::IMapper/default in either framework or device manifest.
04-25 18:43:02.560  3333  3773 D vndksupport: Loading /vendor/lib/hw/android.hardware.graphics.mapper@2.0-impl.so from current namespace instead of sphal namespace.
04-25 18:43:02.562  3333  3773 D vndksupport: Loading /vendor/lib/hw/gralloc.msm8916.so from current namespace instead of sphal namespace.
04-25 18:43:02.728   331   486 I chatty  : uid=1041(audioserver) AudioOut_D expire 5 lines
04-25 18:43:03.356  3333  3333 W Adreno-EGL: <qeglDrvAPI_eglGetConfigAttrib:607>: EGL_BAD_ATTRIBUTE
04-25 18:43:03.382  3333  3333 W Adreno-EGL: <qeglDrvAPI_eglGetConfigAttrib:607>: EGL_BAD_ATTRIBUTE
04-25 18:43:03.383  3333  3333 D vndksupport: Loading /vendor/lib/hw/gralloc.msm8916.so from current namespace instead of sphal namespace.
04-25 18:43:03.518  1008  1251 I WindowManager: WIN DEATH: Window{1ff26c6 u0 com.android.settings/com.android.settings.FallbackHome}
04-25 18:43:03.554  1008  1117 I chatty  : uid=1000(system) ActivityManager expire 17 lines
04-25 18:43:03.573  1008  3327 I ActivityManager: Process com.android.settings (pid 2822) has died: fore TPSL
04-25 18:43:03.613  1008  1143 W ActivityManager: setHasOverlayUi called on unknown pid: 2822
04-25 18:43:03.688   340  3883 I NuPlayerDecoder: [audio] saw output EOS
04-25 18:43:03.699   340  3882 D AudioTrack: stop() called with 75712 frames delivered
04-25 18:43:03.994  3333  3333 D StatusBar: disable<e i a s b H R c s q >
04-25 18:43:03.995  3333  3333 D StatusBar: disable<e i a s b H R c s q >
04-25 18:43:04.141   340  3879 D NuPlayerDriver: notifyListener_l(0xa4d8b500), (2, 0, 0, -1), loop setting(0, 0)
04-25 18:43:04.236  1008  2876 V MediaRouterService: restoreBluetoothA2dp(false)
04-25 18:43:04.296  3333  3333 I zygote  : Deoptimizing void com.android.systemui.qs.tileimpl.QSIconViewImpl.updateIcon(android.widget.ImageView, com.android.systemui.plugins.qs.QSTile$State) due to JIT inline cache
04-25 18:43:04.463  3333  3333 I Choreographer: Skipped 148 frames!  The application may be doing too much work on its main thread.
04-25 18:43:04.623  3333  3333 W StaticLayout: maxLineHeight should not be -1.  maxLines:2 lineCount:2
04-25 18:43:04.623  3333  3333 W StaticLayout: maxLineHeight should not be -1.  maxLines:2 lineCount:2
04-25 18:43:04.627  3333  3333 I zygote  : Deoptimizing void com.android.systemui.qs.tileimpl.QSIconViewImpl.onMeasure(int, int) due to JIT inline cache
04-25 18:43:04.632  3333  3333 W StaticLayout: maxLineHeight should not be -1.  maxLines:2 lineCount:2
04-25 18:43:04.768  3333  3333 W StaticLayout: maxLineHeight should not be -1.  maxLines:2 lineCount:2
04-25 18:43:05.102  3333  3333 V MediaRouter: onRestoreRoute() : route=RouteInfo{ name=Phone, description=null, status=null, category=RouteCategory{ name=System types=ROUTE_TYPE_LIVE_AUDIO ROUTE_TYPE_LIVE_VIDEO  groupable=false }, supportedTypes=ROUTE_TYPE_LIVE_AUDIO ROUTE_TYPE_LIVE_VIDEO , presentationDisplay=null }
04-25 18:43:05.102  3333  3333 V MediaRouter: Selecting route: RouteInfo{ name=Phone, description=null, status=null, category=RouteCategory{ name=System types=ROUTE_TYPE_LIVE_AUDIO ROUTE_TYPE_LIVE_VIDEO  groupable=false }, supportedTypes=ROUTE_TYPE_LIVE_AUDIO ROUTE_TYPE_LIVE_VIDEO , presentationDisplay=null }
04-25 18:43:06.414  1008  3894 I chatty  : uid=1000 system_server expire 1 line
04-25 18:43:06.462  3333  3333 W Adreno-EGL: <qeglDrvAPI_eglGetConfigAttrib:607>: EGL_BAD_ATTRIBUTE
04-25 18:43:06.496  1008  1326 D NetworkStats: Resolving plan for NetworkTemplate: matchRule=MOBILE_ALL, subscriberId=405870..., matchSubscriberIds=[405870...]
04-25 18:43:06.551  1008  1326 D NetworkStats: Found active matching subId 2
04-25 18:43:06.559  3333  3333 W Adreno-EGL: <qeglDrvAPI_eglGetConfigAttrib:607>: EGL_BAD_ATTRIBUTE
04-25 18:43:06.585  3333  3333 D vndksupport: Loading /vendor/lib/hw/gralloc.msm8916.so from current namespace instead of sphal namespace.
04-25 18:43:06.705  3333  3344 I zygote  : Do full code cache collection, code=119KB, data=94KB
04-25 18:43:06.741  3333  3344 I zygote  : After code cache collection, code=70KB, data=47KB
04-25 18:43:06.785  1008  1326 D NetworkStats: Resolved to plan null
04-25 18:43:06.977   316   316 D vndksupport: Loading /vendor/lib/hw/gralloc.msm8916.so from current namespace instead of sphal namespace.
04-25 18:43:06.997   398   398 I chatty  : uid=1001(radio) /system/bin/qmuxd expire 7 lines
04-25 18:43:08.894  3333  3333 I Choreographer: Skipped 262 frames!  The application may be doing too much work on its main thread.
04-25 18:43:10.305  1008  1143 W WindowManager: ***** BOOT TIMEOUT: forcing display enabled
04-25 18:43:10.321  1008  1143 I WindowManager: ******* TELLING SURFACE FLINGER WE ARE BOOTED!
04-25 18:43:10.347  3333  3333 I Choreographer: Skipped 70 frames!  The application may be doing too much work on its main thread.
04-25 18:43:10.397   316  2817 I SurfaceFlinger: Boot is finished (74001 ms)
04-25 18:43:10.722  1008  1143 I SystemServiceManager: Starting phase 1000
04-25 18:43:10.782  1008  1143 W SystemServiceManager: Service com.android.server.power.PowerManagerService took 54 ms in onBootPhase
04-25 18:43:11.050  1008  1160 I chatty  : uid=1000(system) PowerManagerSer expire 4 lines
04-25 18:43:11.086  1008  1143 W SystemServiceManager: Service com.android.server.BatteryService took 294 ms in onBootPhase
04-25 18:43:11.477  1008  1143 W SystemServiceManager: Service com.android.server.SensorNotificationService took 300 ms in onBootPhase
04-25 18:43:11.533   233   233 E hw-IPCThreadState: attemptIncStrongHandle(16): Not supported
04-25 18:43:11.533   233   233 I chatty  : uid=1000(system) hwservicemanage identical 9 lines
04-25 18:43:11.796  2681  3692 I chatty  : uid=1001(radio) IFMsg_Rxr expire 71 lines
04-25 18:43:11.915  1008  1143 D ActivityManager: Finishing user boot 0
04-25 18:43:11.979  1008  1143 I ActivityManager: User 0 state changed from BOOTING to RUNNING_LOCKED
04-25 18:43:12.178  3948  3948 I bootstat: Service started: /system/bin/bootstat --record_boot_complete 
04-25 18:43:12.188  3948  3948 E bootstat: Failed to read /data/misc/bootstat/post_decrypt_time_elapsed: No such file or directory
04-25 18:43:12.188  3948  3948 E bootstat: Failed to parse boot time record: /data/misc/bootstat/post_decrypt_time_elapsed
04-25 18:43:12.228  1008  1143 D StorageManagerService: Setting property: sys.user.0.ce_available=true
04-25 18:43:12.250  1008  1143 I ActivityManager: User 0 state changed from RUNNING_LOCKED to RUNNING_UNLOCKING
04-25 18:43:12.251  3949  3949 I bootstat: Service started: /system/bin/bootstat --record_boot_reason 
04-25 18:43:12.258  3949  3949 I bootstat: Unknown boot reason: 
04-25 18:43:12.319  3950  3950 I bootstat: Service started: /system/bin/bootstat --record_time_since_factory_reset 
04-25 18:43:12.367  3951  3951 I bootstat: Service started: /system/bin/bootstat -l 
04-25 18:43:12.404  3953  3953 I init    : type=1400 audit(0.0:438): avc: denied { execute_no_trans } for path="/system/bin/sh" dev="mmcblk0p24" ino=401 scontext=u:r:init:s0 tcontext=u:object_r:shell_exec:s0 tclass=file permissive=1
04-25 18:43:12.511  1008  1143 D CryptdConnector: SND -> {5 cryptfs prepare_user_storage ! 0 0 2}
04-25 18:43:12.621  3955  3955 I uname   : type=1400 audit(0.0:439): avc: denied { write } for path="pipe:[38165]" dev="pipefs" ino=38165 scontext=u:r:toolbox:s0 tcontext=u:r:init:s0 tclass=fifo_file permissive=1
04-25 18:43:12.747  3958  3958 I perfd   : type=1400 audit(0.0:440): avc: denied { write } for name="max_pwrlevel" dev="sysfs" ino=9591 scontext=u:r:perfd:s0 tcontext=u:object_r:sysfs_kgsl:s0 tclass=file permissive=1
04-25 18:43:12.806   251   255 D vold    : e4crypt_prepare_user_storage for volume null, user 0, serial 0, flags 2
04-25 18:43:12.809   251   255 D vold    : Preparing: /data/system_ce/0
04-25 18:43:12.811  3954  3958 I CM-PERF : Cyanogen performance module initialized
04-25 18:43:12.832   251   255 D vold    : Preparing: /data/misc_ce/0
04-25 18:43:12.838   251   255 D vold    : Preparing: /data/media/0
04-25 18:43:12.841   251   255 D vold    : Preparing: /data/data
04-25 18:43:12.926  1008  1299 D CryptdConnector: RCV <- {200 5 Command succeeded}
04-25 18:43:12.947  3333  3333 I Choreographer: Skipped 109 frames!  The application may be doing too much work on its main thread.
04-25 18:43:13.011  3955  3955 I uname   : type=1400 audit(0.0:441): avc: denied { write } for path="pipe:[38165]" dev="pipefs" ino=38165 scontext=u:r:toolbox:s0 tcontext=u:r:init:s0 tclass=fifo_file permissive=1
04-25 18:43:13.011  3955  3955 I uname   : type=1400 audit(0.0:442): avc: denied { getattr } for path="pipe:[38165]" dev="pipefs" ino=38165 scontext=u:r:toolbox:s0 tcontext=u:r:init:s0 tclass=fifo_file permissive=1
04-25 18:43:13.197  1008  1287 I chatty  : uid=1000(system) InputDispatcher expire 4 lines
04-25 18:43:13.272  1008  1143 E CryptdConnector: NDC Command {5 cryptfs prepare_user_storage ! 0 0 2} took too long (765ms)
04-25 18:43:13.285  1008  1143 V UserDataPreparer: Found /data/user/0 with serial number 0
04-25 18:43:13.286  1008  1143 V UserDataPreparer: Found /data/system_ce/0 with serial number 0
04-25 18:43:13.372  1008  1143 V PackageManager: reconcileAppsData for null u0 0x2 migrateAppData=false
04-25 18:43:13.581  3963  3963 I cat     : type=1400 audit(0.0:443): avc: denied { read } for name="meminfo" dev="proc" ino=4026534121 scontext=u:r:toolbox:s0 tcontext=u:object_r:proc_meminfo:s0 tclass=file permissive=1
04-25 18:43:13.581  3963  3963 I cat     : type=1400 audit(0.0:444): avc: denied { open } for path="/proc/meminfo" dev="proc" ino=4026534121 scontext=u:r:toolbox:s0 tcontext=u:object_r:proc_meminfo:s0 tclass=file permissive=1
04-25 18:43:13.738  3962  3962 I libmdmdetect: ESOC framework not supported
04-25 18:43:13.750  3962  3962 I libmdmdetect: Found internal modem: modem
04-25 18:43:13.887  3962  3962 I netmgrd : type=1400 audit(0.0:445): avc: denied { write } for name="diag" dev="tmpfs" ino=8553 scontext=u:r:init:s0 tcontext=u:object_r:diag_device:s0 tclass=chr_file permissive=1
04-25 18:43:13.887  3962  3962 W netmgrd : type=1400 audit(0.0:446): avc: granted { read open } for path="/dev/diag" dev="tmpfs" ino=8553 scontext=u:r:init:s0 tcontext=u:object_r:diag_device:s0 tclass=chr_file
04-25 18:43:13.887  3962  3962 I netmgrd : type=1400 audit(0.0:447): avc: denied { ioctl } for path="/dev/diag" dev="tmpfs" ino=8553 ioctlcmd=20 scontext=u:r:init:s0 tcontext=u:object_r:diag_device:s0 tclass=chr_file permissive=1
04-25 18:43:14.264  3965  3965 I cat     : type=1400 audit(0.0:448): avc: denied { search } for name="lowmemorykiller" dev="sysfs" ino=4920 scontext=u:r:toolbox:s0 tcontext=u:object_r:sysfs_lowmemorykiller:s0 tclass=dir permissive=1
04-25 18:43:14.264  3965  3965 I cat     : type=1400 audit(0.0:449): avc: denied { read } for name="adj" dev="sysfs" ino=4925 scontext=u:r:toolbox:s0 tcontext=u:object_r:sysfs_lowmemorykiller:s0 tclass=file permissive=1
04-25 18:43:14.264  3965  3965 I cat     : type=1400 audit(0.0:450): avc: denied { open } for path="/sys/module/lowmemorykiller/parameters/adj" dev="sysfs" ino=4925 scontext=u:r:toolbox:s0 tcontext=u:object_r:sysfs_lowmemorykiller:s0 tclass=file permissive=1
04-25 18:43:14.941  3333  3333 I Choreographer: Skipped 106 frames!  The application may be doing too much work on its main thread.
04-25 18:43:15.600  1008  1143 V PackageManager: reconcileAppsData finished 103 packages
04-25 18:43:15.639  1008  1115 I SystemServiceManager: Calling onUnlockUser u0
04-25 18:43:15.656  1008  1115 D BluetoothManagerService: User 0 unlocked
04-25 18:43:15.658  1008  1115 D StorageManagerService: onUnlockUser 0
04-25 18:43:15.663  1008  1115 D VoldConnector: SND -> {7 volume user_started 0}
04-25 18:43:15.775  1008  1142 D BluetoothManagerService: MESSAGE_USER_UNLOCKED
04-25 18:43:15.850  2681  2681 I chatty  : uid=1001(radio) com.android.phone expire 240 lines
04-25 18:43:15.851  1008  1008 W ActivityManager: Slow operation: 180ms so far, now at startProcess: asking zygote to start proc
04-25 18:43:16.066   251   254 D vold    : Linking /storage/emulated/0 to /mnt/user/0/primary
04-25 18:43:16.067  1008  1298 D VoldConnector: RCV <- {200 7 Command succeeded}
04-25 18:43:16.081  1008  1296 D StorageManagerService: Volume public:179_65 broadcasting mounted to UserHandle{0}
04-25 18:43:16.147  1008  1115 W SystemServiceManager: Service com.android.server.StorageManagerService$Lifecycle took 491 ms in onUnlockUser 
04-25 18:43:16.217  1008  1008 W ActivityManager: Slow operation: 546ms so far, now at startProcess: returned from zygote!
04-25 18:43:16.217  1008  1008 W ActivityManager: Slow operation: 546ms so far, now at startProcess: done updating battery stats
04-25 18:43:16.217  1008  1008 W ActivityManager: Slow operation: 546ms so far, now at startProcess: building log message
04-25 18:43:16.217  1008  1008 I ActivityManager: Start proc 3967:com.android.deskclock/u0a50 for broadcast com.android.deskclock/.AlarmInitReceiver
04-25 18:43:16.218  1008  1008 W ActivityManager: Slow operation: 547ms so far, now at startProcess: starting to update pids map
04-25 18:43:16.218  1008  1008 W ActivityManager: Slow operation: 547ms so far, now at startProcess: done updating pids map
04-25 18:43:16.218  1008  1008 W ActivityManager: Slow operation: 580ms so far, now at startProcess: done starting proc!
04-25 18:43:16.243  1008  1296 D StorageManagerService: Volume emulated broadcasting mounted to UserHandle{0}
04-25 18:43:16.248  1008  1115 W SystemServiceManager: Service com.android.server.midi.MidiService$Lifecycle took 57 ms in onUnlockUser 
04-25 18:43:16.269  1008  1115 W VoiceInteractionManagerService: no available voice interaction services found for user 0
04-25 18:43:16.271  1008  1115 W VoiceInteractionManagerService: no available voice recognition services found for user 0
04-25 18:43:16.276  1008  1141 I BackupManagerService: Instantiating BackupManagerService
04-25 18:43:16.288  1008  1115 I ActivityManager: Loading recents for user 0 into memory.
04-25 18:43:16.367   316   316 D modemanager: Panel Name: nt35521_dijing_4p7inch_hd_video_panel
04-25 18:43:16.466   316   316 E modemanager: readXMLOp: XML:pProfile node couldn't retrieve
04-25 18:43:16.469   316   316 E modemanager: retrieveMode: Failed to enumerate modes
04-25 18:43:16.469   316   316 E modemanager: instantiateModeMgr: Failed to update default cache!
04-25 18:43:16.554   316   316 E modemanager: readXMLOp: XML:pProfile node couldn't retrieve
04-25 18:43:16.556   316   316 E modemanager: retrieveMode: Failed to enumerate modes
04-25 18:43:16.556   316   316 E modemanager: in applyDefaultMode fail to retrieve default mode!
04-25 18:43:16.556   316   316 I modemanager: in applyDefaultMode ret = 0 mCurMode = -1
04-25 18:43:16.556   316   316 E qdhwcomposer: qdcmApplyDefaultAfterBootAnimationDone: Not able to apply default mode
04-25 18:43:16.568  1008  1141 V BackupManagerService: No ancestral data
04-25 18:43:16.588  1008  1115 I ActivityManager: User 0 state changed from RUNNING_UNLOCKING to RUNNING_UNLOCKED
04-25 18:43:16.593  1008  1115 I ActivityManager: Sending BOOT_COMPLETE user #0
04-25 18:43:16.756   316   316 D vndksupport: Loading /vendor/lib/hw/gralloc.msm8916.so from current namespace instead of sphal namespace.
04-25 18:43:16.810  2681  2681 D MccTable: updateMccMncConfiguration mccmnc='null' fromServiceState=true
04-25 18:43:16.810  2681  2681 D MccTable: WIFI_COUNTRY_CODE set to 
04-25 18:43:16.812  1008  3636 I WifiService: WifiService trying to set country code to  with persist set to false
04-25 18:43:16.841  1008  1141 V BackupManagerService: Starting with transport com.google.android.backup/.BackupTransportService
04-25 18:43:16.875  1008  1141 D BackupTransportManager: Binding to transport: android/com.android.internal.backup.LocalTransportService
04-25 18:43:16.875  1008  3973 V KeyValueBackupJob: Scheduling k/v pass in 247 minutes
04-25 18:43:16.983  3952  3952 I chatty  : uid=1001(radio) /vendor/bin/hw/rild expire 6 lines
04-25 18:43:17.040  1008  1008 V NotificationListeners: enabling notification listener for 0: ComponentInfo{com.android.launcher3/com.android.launcher3.notification.NotificationListener}
04-25 18:43:17.040  1008  1008 V NotificationListeners: binding: Intent { act=android.service.notification.NotificationListenerService cmp=com.android.launcher3/.notification.NotificationListener (has extras) }
04-25 18:43:17.049  1008  3973 I BackupManagerService: Found stale backup journal, scheduling
04-25 18:43:17.066  1008  1141 I BackupManagerService: Backup enabled => false
04-25 18:43:17.071  1008  1008 I ActivityManager: Start proc 3987:com.android.launcher3/u0a18 for service com.android.launcher3/.notification.NotificationListener
04-25 18:43:17.100  1008  1141 I BackupManagerService: Async processing of onUserUnlocked u0 tooks 833 ms
04-25 18:43:17.213  2681  2681 I TelecomFramework: PstnIncomingCallNotifier: Unregistering: Handler (com.android.internal.telephony.GsmCdmaPhone) {a343c51}
04-25 18:43:17.261  1008  1008 D BackupTransportManager: Bound to transport: android/com.android.internal.backup.LocalTransportService
04-25 18:43:17.402  3967  3967 I AlarmClock: AlarmInitReceiver android.intent.action.LOCKED_BOOT_COMPLETED
04-25 18:43:17.402  3333  3333 I zygote  : Deoptimizing void com.android.systemui.statusbar.ExpandableView.updateClipping() due to JIT inline cache
04-25 18:43:17.408  1008  2876 I Telecom : PhoneAccountRegistrar: New phone account registered: [[ ] PhoneAccount: ComponentInfo{com.android.phone/com.android.services.telephony.TelephonyConnectionService}, [****], UserHandle{0} Capabilities: SuppVideo CallProvider MultiUser PlaceEmerg SimSub  Audio Routes: BESW Schemes: tel voicemail  Extras: Bundle[mParcelledData.dataSize=208] GroupId: [****]]: TSI.rPA@AGs
04-25 18:43:17.422  1008  2876 I Telecom : CallsManager: Sending phone-account ComponentInfo{com.android.phone/com.android.services.telephony.TelephonyConnectionService}, [****], UserHandle{0} registered intent as user: TSI.rPA@AGs
04-25 18:43:17.423  3967  4008 I AlarmClock: Fixing alarm instances
04-25 18:43:17.424  1008  2876 I Telecom : CallsManager: Sending phone-account registered intent to default dialer: TSI.rPA@AGs
04-25 18:43:17.462  2681  2681 I TelecomFramework: AccountEntry: Registered phoneAccount: [[ ] PhoneAccount: ComponentInfo{com.android.phone/com.android.services.telephony.TelephonyConnectionService}, [****], UserHandle{0} Capabilities: SuppVideo CallProvider MultiUser PlaceEmerg SimSub  Audio Routes: BESW Schemes: tel voicemail  Extras: Bundle[{android.telecom.extra.SUPPORTS_VIDEO_CALLING_FALLBACK=false, android.telecom.extra.SORT_ORDER=0}] GroupId: [****]] with handle: ComponentInfo{com.android.phone/com.android.services.telephony.TelephonyConnectionService}, [****], UserHandle{0}
04-25 18:43:17.464  2681  2681 I TelecomFramework: PstnIncomingCallNotifier: Registering: Handler (com.android.internal.telephony.GsmCdmaPhone) {a343c51}
04-25 18:43:17.470  2681  2681 I TelecomFramework: TelecomAccountRegistry: Unregistering phone account ComponentInfo{com.android.phone/com.android.services.telephony.TelephonyConnectionService}, [****], UserHandle{0}.
04-25 18:43:17.482  1008  2876 I Telecom : CallsManager: Sending phone-account ComponentInfo{com.android.phone/com.android.services.telephony.TelephonyConnectionService}, [****], UserHandle{0} unregistered intent as user: TSI.uPA@AG0
04-25 18:43:17.483  1008  2876 I Telecom : CallsManager: Sending phone-account unregistered intent to default dialer: TSI.uPA@AG0
04-25 18:43:17.517  1008  1114 I ActivityManager: Start proc 4018:com.android.printspooler/u0a64 for service com.android.printspooler/.model.PrintSpoolerService
04-25 18:43:17.553  1008  2876 I ActivityManager: Start proc 4028:com.android.smspush/u0a71 for service com.android.smspush/.WapPushManager
04-25 18:43:17.577  1008  1008 I chatty  : uid=1000 system_server expire 11 lines
04-25 18:43:17.577  3333  3333 W KeyguardUpdateMonitor: invalid subId in handleSimStateChange()
04-25 18:43:17.600  3952  3984 I chatty  : uid=1001(radio) /vendor/bin/hw/rild expire 35 lines
04-25 18:43:17.615  1008  2876 I ActivityManager: Start proc 4046:org.codeaurora.ims/1001 for broadcast org.codeaurora.ims/.ImsServiceAutoboot
04-25 18:43:17.731  1008  1141 I AppWidgetServiceImpl: Async processing of onUserUnlocked u0 took 626 ms
