--------- beginning of system
01-04 21:45:33.164   251   251 I vold    : Vold 3.0 (the awakening) firing up
01-04 21:45:33.165   251   251 V vold    : Detected support for: ext4 f2fs ntfs vfat
01-04 21:45:33.179   251   251 I vold    : [libfs_mgr]fs_mgr_read_fstab_dt(): failed to read fstab from dt
01-04 21:45:33.189   251   255 D vold    : e4crypt_init_user0
01-04 21:45:33.190   251   255 D vold    : e4crypt_prepare_user_storage for volume null, user 0, serial 0, flags 1
01-04 21:45:33.190   251   255 D vold    : Preparing: /data/system/users/0
01-04 21:45:33.191   251   255 D vold    : Preparing: /data/misc/profiles/cur/0
01-04 21:45:33.192   251   255 D vold    : Preparing: /data/system_de/0
01-04 21:45:33.192   251   255 D vold    : Preparing: /data/misc_de/0
01-04 21:45:33.192   251   255 D vold    : Preparing: /data/user_de/0
01-04 21:45:33.193   251   255 D vold    : e4crypt_unlock_user_key 0 serial=0 token_present=0
01-04 21:45:33.214   251   253 V vold    : /system/bin/sgdisk
01-04 21:45:33.215   251   253 V vold    :     --android-dump
01-04 21:45:33.215   251   253 V vold    :     /dev/block/vold/disk:179_64
01-04 21:45:33.272   251   253 V vold    : DISK mbr
01-04 21:45:33.272   251   253 V vold    : 
01-04 21:45:33.272   251   253 V vold    : PART 1 c
01-04 21:45:33.272   251   253 V vold    : 
01-04 21:45:33.800   251   253 D vold    : Disk at 7:0 changed
01-04 21:45:33.828   251   253 I chatty  : uid=0(root) /system/bin/vold identical 1 line
01-04 21:45:33.900   251   253 D vold    : Disk at 7:0 changed
01-04 21:45:35.197   320   320 I irsc_util: Starting irsc tool
01-04 21:45:35.224   320   320 I irsc_util: Num of entries:286
01-04 21:45:35.322   320   320 I irsc_util: Ending irsc tool
01-04 21:45:35.451   307   307 I android.hardware.wifi@1.0-service: Wifi Hal is booting up...
04-25 18:41:54.969   334   334 I installd: installd firing up
04-25 18:41:55.154   342   342 I wificond: wificond is starting up...
04-25 18:41:55.924   341   422 I /system/bin/storaged: storaged: Start
04-25 18:41:58.352  1008  1008 I SystemServer: InitBeforeStartServices
04-25 18:41:58.354  1008  1008 I SystemServer: Entered the Android system server!
04-25 18:41:58.768  1008  1008 I SystemServer: StartServices
04-25 18:41:58.769  1008  1008 I SystemServer: Reading configuration...
04-25 18:41:58.769  1008  1008 I SystemServer: ReadingSystemConfig
04-25 18:41:58.770  1008  1008 I SystemServer: StartInstaller
04-25 18:41:58.772  1008  1008 I SystemServiceManager: Starting com.android.server.pm.Installer
04-25 18:41:58.778  1008  1008 I SystemServer: DeviceIdentifiersPolicyService
04-25 18:41:58.779  1008  1008 I SystemServiceManager: Starting com.android.server.os.DeviceIdentifiersPolicyService
04-25 18:41:58.782  1008  1008 I SystemServer: StartActivityManager
04-25 18:41:58.784  1008  1008 I SystemServiceManager: Starting com.android.server.am.ActivityManagerService$Lifecycle
04-25 18:41:58.845  1008  1008 I ActivityManager: Memory class: 128
04-25 18:41:58.917  1008  1008 D BatteryStatsImpl: Reading daily items from /data/system/batterystats-daily.xml
04-25 18:41:58.949  1008  1120 E BatteryExternalStatsWorker: no controller energy info supplied for telephony
04-25 18:41:58.953  1008  1120 E KernelUidCpuFreqTimeReader: Failed to read /proc/uid_time_in_state: java.io.FileNotFoundException: /proc/uid_time_in_state (No such file or directory)
04-25 18:41:58.960  1008  1120 W KernelMemoryBandwidthStats: No kernel memory bandwidth stats available
04-25 18:41:59.158  1008  1008 I IntentFirewall: Read new rules (A:0 B:0 S:0)
04-25 18:41:59.436  1008  1008 D AppOps  : AppOpsService published
04-25 18:41:59.437  1008  1008 W SystemServiceManager: Service com.android.server.am.ActivityManagerService$Lifecycle took 268 ms in onStart
04-25 18:41:59.437  1008  1008 I SystemServer: StartPowerManager
04-25 18:41:59.437  1008  1008 I SystemServiceManager: Starting com.android.server.power.PowerManagerService
04-25 18:41:59.455  1008  1008 I SystemServer: InitPowerManagement
04-25 18:41:59.461  1008  1008 I SystemServer: StartRecoverySystemService
04-25 18:41:59.461  1008  1008 I SystemServiceManager: Starting com.android.server.RecoverySystemService
04-25 18:41:59.467  1008  1008 W RescueParty: Noticed 1 events for UID 0 in last 10 sec
04-25 18:41:59.467  1008  1008 I SystemServer: StartLightsService
04-25 18:41:59.467  1008  1008 I SystemServiceManager: Starting com.android.server.lights.LightsService
04-25 18:41:59.471  1008  1008 I SystemServer: StartDisplayManager
04-25 18:41:59.474  1008  1008 I SystemServiceManager: Starting com.android.server.display.DisplayManagerService
04-25 18:41:59.486  1008  1008 I SystemServer: WaitForDisplay
04-25 18:41:59.486  1008  1008 I SystemServiceManager: Starting phase 100
04-25 18:41:59.494  1008  1143 E LocalDisplayAdapter: Default and active color mode is no longer available! Reverting to first available mode.
04-25 18:41:59.501  1008  1143 I DisplayManagerService: Display device added: DisplayDeviceInfo{"Built-in Screen": uniqueId="local:0", 720 x 1280, modeId 1, defaultModeId 1, supportedModes [{id=1, width=720, height=1280, fps=60.0}], colorMode -1, supportedColorModes [-1], HdrCapabilities android.view.Display$HdrCapabilities@1d6308, density 320, 160.421 x 160.157 dpi, appVsyncOff 1000000, presDeadline 16666667, touch INTERNAL, rotation 0, type BUILT_IN, state UNKNOWN, FLAG_DEFAULT_DISPLAY, FLAG_ROTATES_WITH_CONTENT, FLAG_SECURE, FLAG_SUPPORTS_PROTECTED_BUFFERS}
04-25 18:41:59.532  1008  1143 I DisplayManagerService: Display device changed state: "Built-in Screen", ON
04-25 18:41:59.532  1008  1008 I SystemServer: StartPackageManagerService
04-25 18:41:59.617  1008  1008 D SELinuxMMAC: Using policy file /system/etc/selinux/plat_mac_permissions.xml
04-25 18:41:59.620  1008  1008 D SELinuxMMAC: Using policy file /vendor/etc/selinux/nonplat_mac_permissions.xml
04-25 18:41:59.996  1008  1176 W PackageParser: No actions in intent filter at /system/priv-app/Contacts/Contacts.apk Binary XML file line #443
04-25 18:42:00.123  1008  1175 W PackageParser: Ignoring duplicate uses-permissions/uses-permissions-sdk-m: android.permission.READ_EXTERNAL_STORAGE in package: com.android.providers.media at: Binary XML file line #14
04-25 18:42:00.387  1008  1175 W PackageParser: Ignoring duplicate uses-permissions/uses-permissions-sdk-m: android.permission.MODIFY_AUDIO_SETTINGS in package: com.android.systemui at: Binary XML file line #216
04-25 18:42:00.388  1008  1175 W PackageParser: Ignoring duplicate uses-permissions/uses-permissions-sdk-m: android.permission.RECORD_AUDIO in package: com.android.systemui at: Binary XML file line #217
04-25 18:42:00.559  1008  1174 W PackageParser: No actions in intent filter at /system/priv-app/Settings/Settings.apk Binary XML file line #2129
04-25 18:42:00.674  1008  1194 W PackageParser: Ignoring duplicate uses-permissions/uses-permissions-sdk-m: android.permission.READ_CONTACTS in package: com.android.bluetooth at: Binary XML file line #61
04-25 18:42:00.681  1008  1194 W PackageParser: No actions in intent filter at /system/app/Bluetooth/Bluetooth.apk Binary XML file line #225
04-25 18:42:00.725  1008  1195 W PackageParser: No actions in intent filter at /system/app/CarrierDefaultApp/CarrierDefaultApp.apk Binary XML file line #50
04-25 18:42:00.850  1008  1195 W PackageParser: Ignoring duplicate uses-permissions/uses-permissions-sdk-m: android.permission.WRITE_CONTACTS in package: com.android.email at: Binary XML file line #40
04-25 18:42:01.122  1008  1202 W PackageParser: Service exported request ignored due to singleUser: org.codeaurora.ims.ImsService at /system/vendor/app/ims/ims.apk Binary XML file line #36
04-25 18:42:01.128  1008  1008 I PackageManager: Finished scanning system apps. Time: 1376 ms, packageCount: 102 , timePerPackage: 13 , cached: 0
04-25 18:42:01.130  1008  1008 I PackageManager: Finished scanning non-system apps. Time: 1 ms, packageCount: 0 , timePerPackage: 0 , cached: 0
04-25 18:42:01.140  1008  1008 I PackageManager: Time to scan packages: 1.388 seconds
04-25 18:42:01.145  1008  1008 V PackageManager: reconcileAppsData for null u0 0x3 migrateAppData=true
04-25 18:42:01.148  1008  1008 W PackageManager: Destroying /data/user/0/media due to: com.android.server.pm.PackageManagerException: Package media is unknown
04-25 18:42:01.607  1008  1008 V PackageManager: reconcileAppsData finished 20 packages
04-25 18:42:01.608  1008  1008 V PackageManager: Disabling com.google.android.gsf/com.google.android.gsf.update.SystemUpdateActivity
04-25 18:42:01.608  1008  1008 W PackageManager: Unable to disable com.google.android.gsf/com.google.android.gsf.update.SystemUpdateActivity
04-25 18:42:01.608  1008  1008 V PackageManager: Disabling com.google.android.gsf/com.google.android.gsf.update.SystemUpdateService$Receiver
04-25 18:42:01.608  1008  1008 W PackageManager: Unable to disable com.google.android.gsf/com.google.android.gsf.update.SystemUpdateService$Receiver
04-25 18:42:01.608  1008  1008 V PackageManager: Disabling com.google.android.gsf/com.google.android.gsf.update.SystemUpdateService$SecretCodeReceiver
04-25 18:42:01.608  1008  1008 W PackageManager: Unable to disable com.google.android.gsf/com.google.android.gsf.update.SystemUpdateService$SecretCodeReceiver
04-25 18:42:01.608  1008  1008 V PackageManager: Disabling com.google.android.gsf/com.google.android.gsf.update.SystemUpdateServiceReceiver
04-25 18:42:01.608  1008  1008 W PackageManager: Unable to disable com.google.android.gsf/com.google.android.gsf.update.SystemUpdateServiceReceiver
04-25 18:42:01.608  1008  1008 V PackageManager: Disabling com.google.android.gms/com.google.android.gms.update.SystemUpdateActivity
04-25 18:42:01.608  1008  1008 W PackageManager: Unable to disable com.google.android.gms/com.google.android.gms.update.SystemUpdateActivity
04-25 18:42:01.608  1008  1008 V PackageManager: Disabling com.google.android.gms/com.google.android.gms.update.SystemUpdateService$Receiver
04-25 18:42:01.608  1008  1008 W PackageManager: Unable to disable com.google.android.gms/com.google.android.gms.update.SystemUpdateService$Receiver
04-25 18:42:01.608  1008  1008 V PackageManager: Disabling com.google.android.gms/com.google.android.gms.update.SystemUpdateService$ActiveReceiver
04-25 18:42:01.608  1008  1008 W PackageManager: Unable to disable com.google.android.gms/com.google.android.gms.update.SystemUpdateService$ActiveReceiver
04-25 18:42:01.609  1008  1008 V PackageManager: Disabling com.google.android.gms/com.google.android.gms.update.SystemUpdateService$SecretCodeReceiver
04-25 18:42:01.609  1008  1008 W PackageManager: Unable to disable com.google.android.gms/com.google.android.gms.update.SystemUpdateService$SecretCodeReceiver
04-25 18:42:01.609  1008  1008 V PackageManager: Disabling com.google.android.gms/com.google.android.gms.update.SystemUpdateServiceReceiver
04-25 18:42:01.609  1008  1008 W PackageManager: Unable to disable com.google.android.gms/com.google.android.gms.update.SystemUpdateServiceReceiver
04-25 18:42:01.609  1008  1008 V PackageManager: Enabling com.google.android.gsf/com.google.android.gsf.update.SystemUpdateService
04-25 18:42:01.609  1008  1008 W PackageManager: Unable to enable com.google.android.gsf/com.google.android.gsf.update.SystemUpdateService
04-25 18:42:01.609  1008  1008 V PackageManager: Enabling com.google.android.gms/com.google.android.gms.update.SystemUpdateService
04-25 18:42:01.609  1008  1008 W PackageManager: Unable to enable com.google.android.gms/com.google.android.gms.update.SystemUpdateService
04-25 18:42:01.894  1008  1008 I SystemServer: StartOtaDexOptService
04-25 18:42:01.897  1008  1008 D OTADexopt: No upgrade, skipping A/B artifacts check.
04-25 18:42:01.897  1008  1008 I SystemServer: StartUserManagerService
04-25 18:42:01.898  1008  1008 I SystemServiceManager: Starting com.android.server.pm.UserManagerService$LifeCycle
04-25 18:42:01.900  1008  1008 I SystemServer: InitAttributerCache
04-25 18:42:01.900  1008  1008 I SystemServer: SetSystemProcess
04-25 18:42:01.926  1008  1008 I SystemServer: StartOverlayManagerService
04-25 18:42:01.929  1008  1008 I SystemServer: StartSubstratumService
04-25 18:42:01.942  1008  1008 I SystemServer: StartDropBoxManager
04-25 18:42:01.942  1008  1008 I SystemServiceManager: Starting com.android.server.DropBoxManagerService
04-25 18:42:01.945  1008  1008 I SystemServer: StartBatteryService
04-25 18:42:01.946  1008  1008 I SystemServiceManager: Starting com.android.server.BatteryService
04-25 18:42:02.009  1008  1008 W SystemServiceManager: Service com.android.server.BatteryService took 56 ms in onStart
04-25 18:42:02.009  1008  1008 I SystemServer: StartUsageService
04-25 18:42:02.010  1008  1120 E BatteryExternalStatsWorker: no controller energy info supplied for telephony
04-25 18:42:02.014  1008  1120 E KernelUidCpuFreqTimeReader: Failed to read /proc/uid_time_in_state: java.io.FileNotFoundException: /proc/uid_time_in_state (No such file or directory)
04-25 18:42:02.016  1008  1008 I SystemServiceManager: Starting com.android.server.usage.UsageStatsService
04-25 18:42:02.039  1008  1120 E KernelUidCpuFreqTimeReader: Failed to read /proc/uid_time_in_state: java.io.FileNotFoundException: /proc/uid_time_in_state (No such file or directory)
04-25 18:42:02.042  1008  1008 I SystemServer: StartWebViewUpdateService
04-25 18:42:02.046  1008  1008 I SystemServiceManager: Starting com.android.server.webkit.WebViewUpdateService
04-25 18:42:02.062  1008  1113 I SystemServer: SecondaryZygotePreload
04-25 18:42:02.067  1008  1008 I SystemServer: StartKeyAttestationApplicationIdProviderService
04-25 18:42:02.071  1008  1008 I SystemServer: StartKeyChainSystemService
04-25 18:42:02.071  1008  1008 I SystemServiceManager: Starting com.android.server.security.KeyChainSystemService
04-25 18:42:02.072  1008  1008 I SystemServer: StartSchedulingPolicyService
04-25 18:42:02.074  1008  1008 I SystemServer: StartTelecomLoaderService
04-25 18:42:02.075  1008  1008 I SystemServiceManager: Starting com.android.server.telecom.TelecomLoaderService
04-25 18:42:02.076  1008  1008 I SystemServer: StartTelephonyRegistry
04-25 18:42:02.080  1008  1113 E SystemServer: Unable to preload default resources
04-25 18:42:02.090  1008  1008 I SystemServer: StartEntropyMixer
04-25 18:42:02.095  1008  1115 W ProcessCpuTracker: Skipping unknown process pid 1252
04-25 18:42:02.096  1008  1008 I EntropyMixer: Writing entropy...
04-25 18:42:02.111  1008  1008 I SystemServer: StartAccountManagerService
04-25 18:42:02.112  1008  1008 I SystemServiceManager: Starting com.android.server.accounts.AccountManagerService$Lifecycle
04-25 18:42:02.180  1008  1008 W SystemServiceManager: Service com.android.server.accounts.AccountManagerService$Lifecycle took 68 ms in onStart
04-25 18:42:02.181  1008  1008 I SystemServer: StartContentService
04-25 18:42:02.183  1008  1008 I SystemServiceManager: Starting com.android.server.content.ContentService$Lifecycle
04-25 18:42:02.187  1008  1008 I SystemServer: InstallSystemProviders
04-25 18:42:02.252  1008  1008 I SettingsState: No settings state /data/system/users/0/settings_ssaid.xml
04-25 18:42:02.272  1008  1008 I SystemServer: StartVibratorService
04-25 18:42:02.308  1008  1008 I SystemServer: StartConsumerIrService
04-25 18:42:02.314  1008  1008 I SystemServer: StartAlarmManagerService
04-25 18:42:02.314  1008  1008 I SystemServiceManager: Starting com.android.server.AlarmManagerService
04-25 18:42:02.365  1008  1008 I SystemServer: InitWatchdog
04-25 18:42:02.366  1008  1008 I SystemServer: StartInputManagerService
04-25 18:42:02.374  1008  1008 I InputManager: Initializing input manager, mUseDevInputEventForAudioJack=true
04-25 18:42:02.385  1008  1008 I SystemServer: StartWindowManagerService
04-25 18:42:02.505  1008  1143 I WindowManager: No existing display settings /data/system/display_settings.xml; starting empty
04-25 18:42:02.613  1008  1008 I SystemServer: StartVrManagerService
04-25 18:42:02.614  1008  1008 I SystemServiceManager: Starting com.android.server.vr.VrManagerService
04-25 18:42:02.625  1008  1008 I SystemServer: SetWindowManagerService
04-25 18:42:02.632  1008  1008 I SystemServer: StartInputManager
04-25 18:42:02.632  1008  1008 I InputManager: Starting input manager
04-25 18:42:02.645  1008  1008 I SystemServer: DisplayManagerWindowManagerAndInputReady
04-25 18:42:02.654  1008  1008 I SystemServer: StartBluetoothService
04-25 18:42:02.654  1008  1008 I SystemServiceManager: Starting com.android.server.BluetoothService
04-25 18:42:02.680  1008  1008 D BluetoothManagerService: Loading stored name and address
04-25 18:42:02.681  1008  1008 D BluetoothManagerService: Stored bluetooth Name=null,Address=null
04-25 18:42:02.681  1008  1008 D BluetoothManagerService: Bluetooth persisted state: 0
04-25 18:42:02.684  1008  1008 I SystemServer: IpConnectivityMetrics
04-25 18:42:02.685  1008  1008 I SystemServiceManager: Starting com.android.server.connectivity.IpConnectivityMetrics
04-25 18:42:02.701  1008  1008 I SystemServer: PinnerService
04-25 18:42:02.703  1008  1008 I SystemServiceManager: Starting com.android.server.PinnerService
04-25 18:42:02.710  1008  1008 I SystemServer: StartInputMethodManagerLifecycle
04-25 18:42:02.710  1008  1008 I SystemServiceManager: Starting com.android.server.InputMethodManagerService$Lifecycle
04-25 18:42:02.712  1008  1114 E PinnerService: Could not pin file /system/framework/arm/boot-framework.oat with error open failed: ENOENT (No such file or directory)
04-25 18:42:02.713  1008  1114 E PinnerService: Failed to pin file = /system/framework/arm/boot-framework.oat
04-25 18:42:02.713  1008  1114 E PinnerService: Could not pin file /system/framework/arm/boot-framework.vdex with error open failed: ENOENT (No such file or directory)
04-25 18:42:02.713  1008  1114 E PinnerService: Failed to pin file = /system/framework/arm/boot-framework.vdex
04-25 18:42:02.713  1008  1114 E PinnerService: Could not pin file /system/framework/oat/arm/services.odex with error open failed: ENOENT (No such file or directory)
04-25 18:42:02.714  1008  1114 E PinnerService: Failed to pin file = /system/framework/oat/arm/services.odex
04-25 18:42:02.714  1008  1114 E PinnerService: Could not pin file /system/framework/oat/arm/services.vdex with error open failed: ENOENT (No such file or directory)
04-25 18:42:02.714  1008  1114 E PinnerService: Failed to pin file = /system/framework/oat/arm/services.vdex
04-25 18:42:02.714  1008  1114 E PinnerService: Could not pin file /system/framework/arm/boot.oat with error open failed: ENOENT (No such file or directory)
04-25 18:42:02.714  1008  1114 E PinnerService: Failed to pin file = /system/framework/arm/boot.oat
04-25 18:42:02.715  1008  1114 E PinnerService: Could not pin file /system/framework/arm/boot.vdex with error open failed: ENOENT (No such file or directory)
04-25 18:42:02.715  1008  1114 E PinnerService: Failed to pin file = /system/framework/arm/boot.vdex
04-25 18:42:02.715  1008  1114 E PinnerService: Could not pin file /system/framework/arm/boot-core-libart.oat with error open failed: ENOENT (No such file or directory)
04-25 18:42:02.715  1008  1114 E PinnerService: Failed to pin file = /system/framework/arm/boot-core-libart.oat
04-25 18:42:02.715  1008  1114 E PinnerService: Could not pin file /system/framework/arm/boot-core-libart.vdex with error open failed: ENOENT (No such file or directory)
04-25 18:42:02.715  1008  1114 E PinnerService: Failed to pin file = /system/framework/arm/boot-core-libart.vdex
04-25 18:42:02.741  1008  1008 I SystemServer: StartAccessibilityManagerService
04-25 18:42:02.761  1008  1008 I SystemServer: MakeDisplayReady
04-25 18:42:02.765  1008  1008 I ActivityManager: Config changes=5df8 {1.0 ?mcc?mnc [en_US] ldltr sw360dp w360dp h592dp 320dpi nrml port ?uimode ?night -touch -keyb/v/h -nav/h appBounds=Rect(0, 0 - 720, 1184) s.2}
04-25 18:42:02.782  1008  1008 I ActivityManager: Override config changes=40207dfc {1.0 ?mcc?mnc [en_US] ldltr sw360dp w360dp h592dp 320dpi nrml port ?uimode ?night -touch -keyb/v/h -nav/h appBounds=Rect(0, 0 - 720, 1184) s.2} for displayId=0
04-25 18:42:02.798  1008  1008 W LocalDisplayAdapter: Unable to find color mode 0, ignoring request.
04-25 18:42:02.808  1008  1008 I ActivityManager: Config changes=400 {1.0 ?mcc?mnc [en_US] ldltr sw360dp w360dp h568dp 320dpi nrml port ?uimode ?night -touch -keyb/v/h -nav/h appBounds=Rect(0, 0 - 720, 1184) s.3}
04-25 18:42:02.834  1008  1008 I ActivityManager: Override config changes=400 {1.0 ?mcc?mnc [en_US] ldltr sw360dp w360dp h568dp 320dpi nrml port ?uimode ?night -touch -keyb/v/h -nav/h appBounds=Rect(0, 0 - 720, 1184) s.3} for displayId=0
04-25 18:42:02.844  1008  1008 I SystemServer: StartStorageManagerService
04-25 18:42:02.844  1008  1287 I ActivityManager: Config changes=8 {1.0 ?mcc?mnc [en_US] ldltr sw360dp w360dp h568dp 320dpi nrml port ?uimode ?night finger -keyb/v/h -nav/h appBounds=Rect(0, 0 - 720, 1184) s.4}
04-25 18:42:02.844  1008  1008 I SystemServiceManager: Starting com.android.server.StorageManagerService$Lifecycle
04-25 18:42:02.874  1008  1287 I ActivityManager: Override config changes=8 {1.0 ?mcc?mnc [en_US] ldltr sw360dp w360dp h568dp 320dpi nrml port ?uimode ?night finger -keyb/v/h -nav/h appBounds=Rect(0, 0 - 720, 1184) s.4} for displayId=0
04-25 18:42:02.879  1008  1287 W LocalDisplayAdapter: Unable to find color mode 0, ignoring request.
04-25 18:42:02.895  1008  1008 I SystemServer: StartStorageStatsService
04-25 18:42:02.900  1008  1008 I SystemServiceManager: Starting com.android.server.usage.StorageStatsService$Lifecycle
04-25 18:42:02.901  1008  1296 D StorageManagerService: Thinking about init, mSystemReady=false, mDaemonConnected=true
04-25 18:42:02.901  1008  1296 D StorageManagerService: Thinking about reset, mSystemReady=false, mDaemonConnected=true
04-25 18:42:02.901  1008  1296 D StorageManagerService: Thinking about init, mSystemReady=false, mDaemonConnected=true
04-25 18:42:02.901  1008  1296 D StorageManagerService: Thinking about reset, mSystemReady=false, mDaemonConnected=true
04-25 18:42:02.902  1008  1296 D CryptdConnector: SND -> {1 cryptfs getfield SystemLocale}
04-25 18:42:02.914  1008  1008 I SystemServer: StartUiModeManager
04-25 18:42:02.917  1008  1008 I SystemServiceManager: Starting com.android.server.UiModeManagerService
04-25 18:42:02.926  1008  1248 I ActivityManager: Config changes=200 {1.0 ?mcc?mnc [en_US] ldltr sw360dp w360dp h568dp 320dpi nrml port finger -keyb/v/h -nav/h appBounds=Rect(0, 0 - 720, 1184) s.5}
04-25 18:42:02.927  1008  1008 I SystemServer: UpdatePackagesIfNeeded
04-25 18:42:02.936  1008  1008 I SystemServer: PerformFstrimIfNeeded
04-25 18:42:02.937  1008  1008 I SystemServer: StartLockSettingsService
04-25 18:42:02.951  1008  1008 I SystemServiceManager: Starting com.android.server.locksettings.LockSettingsService$Lifecycle
04-25 18:42:02.966  1008  1248 I ActivityManager: Override config changes=200 {1.0 ?mcc?mnc [en_US] ldltr sw360dp w360dp h568dp 320dpi nrml port finger -keyb/v/h -nav/h appBounds=Rect(0, 0 - 720, 1184) s.5} for displayId=0
04-25 18:42:03.007  1008  1008 W SystemServiceManager: Service com.android.server.locksettings.LockSettingsService$Lifecycle took 56 ms in onStart
04-25 18:42:03.008  1008  1008 I SystemServer: StartPersistentDataBlock
04-25 18:42:03.008  1008  1008 I SystemServiceManager: Starting com.android.server.PersistentDataBlockService
04-25 18:42:03.020  1008  1299 D CryptdConnector: RCV <- {200 1 -1}
04-25 18:42:03.024  1008  1008 I SystemServer: StartOemLockService
04-25 18:42:03.025  1008  1008 I SystemServiceManager: Starting com.android.server.oemlock.OemLockService
04-25 18:42:03.027  1008  1296 W StorageManagerService: No primary storage mounted!
04-25 18:42:03.027  1008  1296 D VoldConnector: SND -> {1 asec list}
04-25 18:42:03.032  1008  1298 D VoldConnector: RCV <- {200 1 asec operation succeeded}
04-25 18:42:03.040  1008  1008 I OemLock : OemLock HAL not present on device
04-25 18:42:03.040  1008  1008 I OemLock : Using persistent data block based lock
04-25 18:42:03.042  1008  1113 E PersistentDataBlockService: not able to find package 
04-25 18:42:03.042  1008  1113 E PersistentDataBlockService: android.content.pm.PackageManager$NameNotFoundException: 
04-25 18:42:03.042  1008  1113 E PersistentDataBlockService: 	at android.app.ApplicationPackageManager.getPackageUidAsUser(ApplicationPackageManager.java:282)
04-25 18:42:03.042  1008  1113 E PersistentDataBlockService: 	at com.android.server.PersistentDataBlockService.getAllowedUid(PersistentDataBlockService.java:112)
04-25 18:42:03.042  1008  1113 E PersistentDataBlockService: 	at com.android.server.PersistentDataBlockService.lambda$-com_android_server_PersistentDataBlockService_5033(PersistentDataBlockService.java:125)
04-25 18:42:03.042  1008  1113 E PersistentDataBlockService: 	at com.android.server.-$Lambda$VaVGUZuNs2jqHMhhxPzwNl4zK-M.$m$3(Unknown Source:4)
04-25 18:42:03.042  1008  1113 E PersistentDataBlockService: 	at com.android.server.-$Lambda$VaVGUZuNs2jqHMhhxPzwNl4zK-M.run(Unknown Source:23)
04-25 18:42:03.042  1008  1113 E PersistentDataBlockService: 	at java.util.concurrent.Executors$RunnableAdapter.call(Executors.java:457)
04-25 18:42:03.042  1008  1113 E PersistentDataBlockService: 	at java.util.concurrent.FutureTask.run(FutureTask.java:266)
04-25 18:42:03.042  1008  1113 E PersistentDataBlockService: 	at java.util.concurrent.ThreadPoolExecutor.runWorker(ThreadPoolExecutor.java:1162)
04-25 18:42:03.042  1008  1113 E PersistentDataBlockService: 	at java.util.concurrent.ThreadPoolExecutor$Worker.run(ThreadPoolExecutor.java:636)
04-25 18:42:03.042  1008  1113 E PersistentDataBlockService: 	at com.android.internal.util.ConcurrentUtils$1$1.run(ConcurrentUtils.java:59)
04-25 18:42:03.043  1008  1113 E PersistentDataBlockService: partition not available?
04-25 18:42:03.043  1008  1113 E PersistentDataBlockService: java.io.FileNotFoundException: /dev/block/bootdevice/by-name/frp (Permission denied)
04-25 18:42:03.043  1008  1113 E PersistentDataBlockService: 	at java.io.FileInputStream.open0(Native Method)
04-25 18:42:03.043  1008  1113 E PersistentDataBlockService: 	at java.io.FileInputStream.open(FileInputStream.java:200)
04-25 18:42:03.043  1008  1113 E PersistentDataBlockService: 	at java.io.FileInputStream.<init>(FileInputStream.java:150)
04-25 18:42:03.043  1008  1113 E PersistentDataBlockService: 	at com.android.server.PersistentDataBlockService.computeDigestLocked(PersistentDataBlockService.java:268)
04-25 18:42:03.043  1008  1113 E PersistentDataBlockService: 	at com.android.server.PersistentDataBlockService.enforceChecksumValidity(PersistentDataBlockService.java:227)
04-25 18:42:03.043  1008  1113 E PersistentDataBlockService: 	at com.android.server.PersistentDataBlockService.lambda$-com_android_server_PersistentDataBlockService_5033(PersistentDataBlockService.java:126)
04-25 18:42:03.043  1008  1113 E PersistentDataBlockService: 	at com.android.server.-$Lambda$VaVGUZuNs2jqHMhhxPzwNl4zK-M.$m$3(Unknown Source:4)
04-25 18:42:03.043  1008  1113 E PersistentDataBlockService: 	at com.android.server.-$Lambda$VaVGUZuNs2jqHMhhxPzwNl4zK-M.run(Unknown Source:23)
04-25 18:42:03.043  1008  1113 E PersistentDataBlockService: 	at java.util.concurrent.Executors$RunnableAdapter.call(Executors.java:457)
04-25 18:42:03.043  1008  1113 E PersistentDataBlockService: 	at java.util.concurrent.FutureTask.run(FutureTask.java:266)
04-25 18:42:03.043  1008  1113 E PersistentDataBlockService: 	at java.util.concurrent.ThreadPoolExecutor.runWorker(ThreadPoolExecutor.java:1162)
04-25 18:42:03.043  1008  1113 E PersistentDataBlockService: 	at java.util.concurrent.ThreadPoolExecutor$Worker.run(ThreadPoolExecutor.java:636)
04-25 18:42:03.043  1008  1113 E PersistentDataBlockService: 	at com.android.internal.util.ConcurrentUtils$1$1.run(ConcurrentUtils.java:59)
04-25 18:42:03.043  1008  1113 I PersistentDataBlockService: Formatting FRP partition...
04-25 18:42:03.044  1008  1113 E PersistentDataBlockService: partition not available?
04-25 18:42:03.044  1008  1113 E PersistentDataBlockService: java.io.FileNotFoundException: /dev/block/bootdevice/by-name/frp (Permission denied)
04-25 18:42:03.044  1008  1113 E PersistentDataBlockService: 	at java.io.FileOutputStream.open0(Native Method)
04-25 18:42:03.044  1008  1113 E PersistentDataBlockService: 	at java.io.FileOutputStream.open(FileOutputStream.java:287)
04-25 18:42:03.044  1008  1113 E PersistentDataBlockService: 	at java.io.FileOutputStream.<init>(FileOutputStream.java:223)
04-25 18:42:03.044  1008  1113 E PersistentDataBlockService: 	at java.io.FileOutputStream.<init>(FileOutputStream.java:171)
04-25 18:42:03.044  1008  1113 E PersistentDataBlockService: 	at com.android.server.PersistentDataBlockService.formatPartitionLocked(PersistentDataBlockService.java:310)
04-25 18:42:03.044  1008  1113 E PersistentDataBlockService: 	at com.android.server.PersistentDataBlockService.enforceChecksumValidity(PersistentDataBlockService.java:230)
04-25 18:42:03.044  1008  1113 E PersistentDataBlockService: 	at com.android.server.PersistentDataBlockService.lambda$-com_android_server_PersistentDataBlockService_5033(PersistentDataBlockService.java:126)
04-25 18:42:03.044  1008  1113 E PersistentDataBlockService: 	at com.android.server.-$Lambda$VaVGUZuNs2jqHMhhxPzwNl4zK-M.$m$3(Unknown Source:4)
04-25 18:42:03.044  1008  1113 E PersistentDataBlockService: 	at com.android.server.-$Lambda$VaVGUZuNs2jqHMhhxPzwNl4zK-M.run(Unknown Source:23)
04-25 18:42:03.044  1008  1113 E PersistentDataBlockService: 	at java.util.concurrent.Executors$RunnableAdapter.call(Executors.java:457)
04-25 18:42:03.044  1008  1113 E PersistentDataBlockService: 	at java.util.concurrent.FutureTask.run(FutureTask.java:266)
04-25 18:42:03.044  1008  1113 E PersistentDataBlockService: 	at java.util.concurrent.ThreadPoolExecutor.runWorker(ThreadPoolExecutor.java:1162)
04-25 18:42:03.044  1008  1113 E PersistentDataBlockService: 	at java.util.concurrent.ThreadPoolExecutor$Worker.run(ThreadPoolExecutor.java:636)
04-25 18:42:03.044  1008  1113 E PersistentDataBlockService: 	at com.android.internal.util.ConcurrentUtils$1$1.run(ConcurrentUtils.java:59)
04-25 18:42:03.045  1008  1113 E PersistentDataBlockService: partition not available
04-25 18:42:03.047  1008  1008 I SystemServer: StartDeviceIdleController
04-25 18:42:03.050  1008  1008 I SystemServiceManager: Starting com.android.server.DeviceIdleController
04-25 18:42:03.148  1008  1008 W SystemServiceManager: Service com.android.server.DeviceIdleController took 94 ms in onStart
04-25 18:42:03.148  1008  1008 I SystemServer: StartDevicePolicyManager
04-25 18:42:03.152  1008  1008 I SystemServiceManager: Starting com.android.server.devicepolicy.DevicePolicyManagerService$Lifecycle
04-25 18:42:03.152  1008  1296 W StorageManagerService: No primary storage mounted!
04-25 18:42:03.153  1008  1296 D VoldConnector: SND -> {2 asec list}
04-25 18:42:03.156  1008  1298 D VoldConnector: RCV <- {200 2 asec operation succeeded}
04-25 18:42:03.190  1008  1008 I SystemServer: StartStatusBarManagerService
04-25 18:42:03.205  1008  1008 I SystemServer: StartClipboardService
04-25 18:42:03.209  1008  1008 I SystemServiceManager: Starting com.android.server.clipboard.ClipboardService
04-25 18:42:03.235  1008  1008 I SystemServer: StartNetworkManagementService
04-25 18:42:03.251  1008  1323 I NetworkManagement: onDaemonConnected()
04-25 18:42:03.266  1008  1008 I SystemServer: StartTextServicesManager
04-25 18:42:03.266  1008  1008 I SystemServiceManager: Starting com.android.server.TextServicesManagerService$Lifecycle
04-25 18:42:03.300  1008  1008 I SystemServer: StartNetworkScoreService
04-25 18:42:03.311  1008  1008 I SystemServer: StartNetworkStatsService
04-25 18:42:03.359  1008  1008 I SystemServer: StartNetworkPolicyManagerService
04-25 18:42:03.377  1008  1008 I SystemServer: StartWifi
04-25 18:42:03.415  1008  1008 I SystemServiceManager: Starting com.android.server.wifi.WifiService
04-25 18:42:03.790  1008  1008 I SystemServer: StartWifiScanning
04-25 18:42:03.794  1008  1008 I SystemServiceManager: Starting com.android.server.wifi.scanner.WifiScanningService
04-25 18:42:03.805  1008  1008 I SystemServer: StartWifiRtt
04-25 18:42:03.806  1008  1008 I SystemServiceManager: Starting com.android.server.wifi.RttService
04-25 18:42:03.816  1008  1008 I SystemServer: No Wi-Fi Aware Service (Aware support Not Present)
04-25 18:42:03.816  1008  1008 I SystemServer: StartWifiP2P
04-25 18:42:03.816  1008  1008 I SystemServiceManager: Starting com.android.server.wifi.p2p.WifiP2pService
04-25 18:42:03.843  1008  1008 I SystemServer: StartEthernet
04-25 18:42:03.849  1008  1008 I SystemServiceManager: Starting com.android.server.ethernet.EthernetService
04-25 18:42:03.863  1008  1008 I SystemServer: StartConnectivityService
04-25 18:42:03.904  1008  1008 D ConnectivityService: wifiOnly=false
04-25 18:42:03.952  1008  1008 I SystemServer: StartNsdService
04-25 18:42:03.960  1008  1008 D NsdService: Network service discovery is enabled
04-25 18:42:03.965  1008  1008 I SystemServer: StartUpdateLockService
04-25 18:42:03.972  1008  1008 I SystemServer: WaitForAsecScan
04-25 18:42:03.972  1008  1008 I SystemServer: StartNotificationManager
04-25 18:42:03.985  1008  1008 I SystemServiceManager: Starting com.android.server.notification.NotificationManagerService
04-25 18:42:04.077  1008  1008 D ConditionProviders.SCP: new ScheduleConditionProvider()
04-25 18:42:04.097  1008  1008 I NotificationListeners: Read notification listener permissions from xml
04-25 18:42:04.098  1008  1008 I ConditionProviders: Read condition provider permissions from xml
04-25 18:42:04.098  1008  1008 I ConditionProviders: Read condition provider permissions from xml
04-25 18:42:04.106  1008  1008 W SystemServiceManager: Service com.android.server.notification.NotificationManagerService took 103 ms in onStart
04-25 18:42:04.111  1008  1008 I SystemServer: StartDeviceMonitor
04-25 18:42:04.111  1008  1008 I SystemServiceManager: Starting com.android.server.storage.DeviceStorageMonitorService
04-25 18:42:04.120  1008  1008 I SystemServer: StartLocationManagerService
04-25 18:42:04.134  1008  1008 I SystemServer: StartCountryDetectorService
04-25 18:42:04.138  1008  1008 I SystemServer: StartSearchManagerService
04-25 18:42:04.139  1008  1008 I SystemServiceManager: Starting com.android.server.search.SearchManagerService$Lifecycle
04-25 18:42:04.145  1008  1008 I SystemServer: StartWallpaperManagerService
04-25 18:42:04.146  1008  1008 I SystemServiceManager: Starting com.android.server.wallpaper.WallpaperManagerService$Lifecycle
04-25 18:42:04.150  1008  1008 I WallpaperManagerService: No static wallpaper imagery; defaults will be shown
04-25 18:42:04.159  1008  1008 I SystemServer: StartAudioService
04-25 18:42:04.160  1008  1008 I SystemServiceManager: Starting com.android.server.audio.AudioService$Lifecycle
04-25 18:42:04.267  1008  1114 I UsageStatsService: User[0] Rollover scheduled @ 2018-04-26 18:30:29(1524747629169)
04-25 18:42:04.298  1008  1008 I SystemServer: StartDockObserver
04-25 18:42:04.298  1008  1008 I SystemServiceManager: Starting com.android.server.DockObserver
04-25 18:42:04.300  1008  1008 W DockObserver: This kernel does not have dock station support
04-25 18:42:04.304  1008  1008 I SystemServer: StartWiredAccessoryManager
04-25 18:42:04.307  1008  1008 W WiredAccessoryManager: This kernel does not have usb audio support
04-25 18:42:04.308  1008  1008 W WiredAccessoryManager: This kernel does not have HDMI audio support
04-25 18:42:04.308  1008  1008 I SystemServer: StartMidiManager
04-25 18:42:04.308  1008  1008 I SystemServiceManager: Starting com.android.server.midi.MidiService$Lifecycle
04-25 18:42:04.313  1008  1008 I SystemServer: StartUsbService
04-25 18:42:04.314  1008  1008 I SystemServiceManager: Starting com.android.server.usb.UsbService$Lifecycle
04-25 18:42:04.341  1008  1289 I UsbPortManager: Usb hal service started android.hardware.usb@1.0::IUsb default
04-25 18:42:04.355  1008  1008 I SystemServer: StartSerialService
04-25 18:42:04.358  1008  1008 I SystemServer: StartHardwarePropertiesManagerService
04-25 18:42:04.367  1008  1008 I SystemServer: StartTwilightService
04-25 18:42:04.368  1008  1008 I SystemServiceManager: Starting com.android.server.twilight.TwilightService
04-25 18:42:04.369  1008  1008 I SystemServer: StartJobScheduler
04-25 18:42:04.369  1008  1008 I SystemServiceManager: Starting com.android.server.job.JobSchedulerService
04-25 18:42:04.377  1008  1008 I JobStore: Read 0 jobs
04-25 18:42:04.389  1008  1008 I SystemServer: StartSoundTrigger
04-25 18:42:04.390  1008  1008 I SystemServiceManager: Starting com.android.server.soundtrigger.SoundTriggerService
04-25 18:42:04.394  1008  1008 I SystemServer: StartTrustManager
04-25 18:42:04.394  1008  1008 I SystemServiceManager: Starting com.android.server.trust.TrustManagerService
04-25 18:42:04.397  1008  1008 I SystemServer: StartBackupManager
04-25 18:42:04.398  1008  1008 I SystemServiceManager: Starting com.android.server.backup.BackupManagerService$Lifecycle
04-25 18:42:04.402  1008  1008 I SystemServer: StartAppWidgerService
04-25 18:42:04.403  1008  1008 I SystemServiceManager: Starting com.android.server.appwidget.AppWidgetService
04-25 18:42:04.429  1008  1008 I SystemServer: StartVoiceRecognitionManager
04-25 18:42:04.430  1008  1008 I SystemServiceManager: Starting com.android.server.voiceinteraction.VoiceInteractionManagerService
04-25 18:42:04.435  1008  1008 I SystemServer: StartGestureLauncher
04-25 18:42:04.435  1008  1008 I SystemServiceManager: Starting com.android.server.GestureLauncherService
04-25 18:42:04.436  1008  1008 I SystemServer: StartSensorNotification
04-25 18:42:04.436  1008  1008 I SystemServiceManager: Starting com.android.server.SensorNotificationService
04-25 18:42:04.436  1008  1008 I SystemServer: StartContextHubSystemService
04-25 18:42:04.436  1008  1008 I SystemServiceManager: Starting com.android.server.ContextHubSystemService
04-25 18:42:04.437  1008  1008 I SystemServer: StartDiskStatsService
04-25 18:42:04.441  1008  1008 I SystemServer: StartNetworkTimeUpdateService
04-25 18:42:04.445  1008  1008 I SystemServer: StartCommonTimeManagementService
04-25 18:42:04.448  1008  1008 I SystemServer: CertBlacklister
04-25 18:42:04.450  1008  1008 I SystemServer: StartEmergencyAffordanceService
04-25 18:42:04.450  1008  1008 I SystemServiceManager: Starting com.android.server.emergency.EmergencyAffordanceService
04-25 18:42:04.453  1008  1008 I SystemServer: StartDreamManager
04-25 18:42:04.453  1008  1008 I SystemServiceManager: Starting com.android.server.dreams.DreamManagerService
04-25 18:42:04.457  1008  1008 I SystemServer: AddGraphicsStatsService
04-25 18:42:04.463  1008  1008 I SystemServer: StartPrintManager
04-25 18:42:04.463  1008  1008 I SystemServiceManager: Starting com.android.server.print.PrintManagerService
04-25 18:42:04.469  1008  1008 I SystemServer: StartRestrictionManager
04-25 18:42:04.469  1008  1008 I SystemServiceManager: Starting com.android.server.restrictions.RestrictionsManagerService
04-25 18:42:04.472  1008  1008 I SystemServer: StartMediaSessionService
04-25 18:42:04.472  1008  1008 I SystemServiceManager: Starting com.android.server.media.MediaSessionService
04-25 18:42:04.479  1008  1008 I SystemServer: StartMediaRouterService
04-25 18:42:04.484  1008  1008 I SystemServer: StartBackgroundDexOptService
04-25 18:42:04.487  1008  1008 I SystemServer: StartPruneInstantAppsJobService
04-25 18:42:04.488  1008  1008 I SystemServer: StartShortcutServiceLifecycle
04-25 18:42:04.489  1008  1008 I SystemServiceManager: Starting com.android.server.pm.ShortcutService$Lifecycle
04-25 18:42:04.506  1008  1008 I SystemServer: StartLauncherAppsService
04-25 18:42:04.507  1008  1008 I SystemServiceManager: Starting com.android.server.pm.LauncherAppsService
04-25 18:42:04.511  1008  1008 I SystemServer: StartMediaProjectionManager
04-25 18:42:04.512  1008  1008 I SystemServiceManager: Starting com.android.server.media.projection.MediaProjectionManagerService
04-25 18:42:04.536  1008  1008 I SystemServer: StartCameraServiceProxy
04-25 18:42:04.536  1008  1008 I SystemServiceManager: Starting com.android.server.camera.CameraServiceProxy
04-25 18:42:04.548  1008  1008 I SystemServer: StartJitCompilation
04-25 18:42:04.548  1008  1008 I SystemServer: StartMmsService
04-25 18:42:04.549  1008  1008 I SystemServiceManager: Starting com.android.server.MmsServiceBroker
04-25 18:42:04.556  1008  1008 I SystemServer: MakeVibratorServiceReady
04-25 18:42:04.569  1008  1008 I SystemServer: MakeLockSettingsServiceReady
04-25 18:42:04.619  1008  1008 I SyntheticPasswordManager: Device does not support weaver
04-25 18:42:04.623  1008  1008 E LockSettingsStorage: Cannot read file java.io.FileNotFoundException: /data/system/gatekeeper.password.key: open failed: ENOENT (No such file or directory)
04-25 18:42:04.623  1008  1008 E LockSettingsStorage: Cannot read file java.io.FileNotFoundException: /data/system/password.key: open failed: ENOENT (No such file or directory)
04-25 18:42:04.624  1008  1008 E LockSettingsStorage: Cannot read file java.io.FileNotFoundException: /data/system/gatekeeper.pattern.key: open failed: ENOENT (No such file or directory)
04-25 18:42:04.625  1008  1008 E LockSettingsStorage: Cannot read file java.io.FileNotFoundException: /data/system/gatekeeper.gesture.key: open failed: ENOENT (No such file or directory)
04-25 18:42:04.626  1008  1008 E LockSettingsStorage: Cannot read file java.io.FileNotFoundException: /data/system/gesture.key: open failed: ENOENT (No such file or directory)
04-25 18:42:04.626  1008  1008 I SystemServer: StartBootPhaseLockSettingsReady
04-25 18:42:04.626  1008  1008 I SystemServiceManager: Starting phase 480
04-25 18:42:04.636  1008  1008 I DevicePolicyManager: Set ro.device_owner property to false
04-25 18:42:04.651  1008  1008 I SystemServer: StartBootPhaseSystemServicesReady
04-25 18:42:04.651  1008  1008 I SystemServiceManager: Starting phase 500
04-25 18:42:04.689  1008  1008 W UsageStatsService: Missing procfs interface: /proc/uid_procstat/set
04-25 18:42:04.693  1008  1008 D AlarmManager: mAlarmsBlockingEnabled=0 blockedAlarmList=null
04-25 18:42:04.699  1008  1008 I VrManagerService: No default vr listener service found.
04-25 18:42:04.717  1008  1008 I WifiService: WifiService starting up with Wi-Fi disabled
04-25 18:42:04.806  1008  1008 W SoundTriggerHelper: listModules status=0, # of modules=0
04-25 18:42:04.812  1008  1008 I SystemServer: MakeWindowManagerServiceReady
04-25 18:42:04.840  1008  1008 I SystemServer: MakePowerManagerServiceReady
04-25 18:42:04.860  1008  1008 D PowerManagerService: mWakeLockBlockingEnabled=0 blockedWakelockList=null
04-25 18:42:04.884  1008  1008 I SystemServer: MakePackageManagerServiceReady
04-25 18:42:04.889  1008  1160 W KeyguardServiceDelegate: onScreenTurningOn(): no keyguard service!
04-25 18:42:04.896  1008  1008 V UserDataPreparer: Found /data/user_de/0 with serial number 0
04-25 18:42:04.897  1008  1008 V UserDataPreparer: Found /data/user/0 with serial number 0
04-25 18:42:04.897  1008  1008 V UserDataPreparer: Found /data/system_de/0 with serial number 0
04-25 18:42:04.897  1008  1008 V UserDataPreparer: Found /data/system_ce/0 with serial number 0
04-25 18:42:04.897  1008  1008 V UserDataPreparer: Found /data/misc_ce/0 with serial number -1
04-25 18:42:04.897  1008  1008 D UserDataPreparer: Serial number missing on /data/misc_ce/0; assuming current is valid
04-25 18:42:04.902  1008  1008 I SystemServer: MakeDisplayManagerServiceReady
04-25 18:42:04.913  1008  1008 I ActivityManager: System now ready
04-25 18:42:04.927  1008  1008 I SystemServer: Making services ready
04-25 18:42:04.927  1008  1008 I SystemServer: StartActivityManagerReadyPhase
04-25 18:42:04.927  1008  1008 I SystemServiceManager: Starting phase 550
04-25 18:42:05.016  1008  1008 W SystemServiceManager: Service com.android.server.content.ContentService$Lifecycle took 56 ms in onBootPhase
04-25 18:42:05.016  1008  1008 D BluetoothManagerService: Bluetooth boot completed
04-25 18:42:05.017  1008  1008 D BluetoothManagerService: Getting adapter name and address
04-25 18:42:05.017  1008  1142 D BluetoothManagerService: MESSAGE_GET_NAME_AND_ADDRESS
04-25 18:42:05.017  1008  1142 D BluetoothManagerService: Binding to service to get name and address
04-25 18:42:05.042  1008  1142 I ActivityManager: Start proc 1438:com.android.bluetooth/1002 for service com.android.bluetooth/.btservice.AdapterService
04-25 18:42:05.204  1008  1008 I ActivityManager: Start proc 1451:com.android.inputmethod.latin/u0a56 for service com.android.inputmethod.latin/.LatinIME
04-25 18:42:05.209  1008  1008 W SystemServiceManager: Service com.android.server.InputMethodManagerService$Lifecycle took 192 ms in onBootPhase
04-25 18:42:05.209  1008  1296 D StorageManagerService: Thinking about init, mSystemReady=true, mDaemonConnected=true
04-25 18:42:05.211  1008  1296 D StorageManagerService: Setting up emulation state, initlocked=false
04-25 18:42:05.211  1008  1296 D CryptdConnector: SND -> {2 cryptfs unlock_user_key 0 0 ! !}
04-25 18:42:05.214   251   255 D vold    : e4crypt_unlock_user_key 0 serial=0 token_present=0
04-25 18:42:05.215  1008  1008 W WallpaperManagerService: Invalid wallpaper data
04-25 18:42:05.215  1008  1299 D CryptdConnector: RCV <- {200 2 Command succeeded}
04-25 18:42:05.218  1008  1296 D StorageManagerService: Thinking about reset, mSystemReady=true, mDaemonConnected=true
04-25 18:42:05.220  1008  1008 E WallpaperManagerService: Unable to apply new wallpaper
04-25 18:42:05.220  1008  1008 V WallpaperManagerService: bindWallpaperComponentLocked: componentName=null
04-25 18:42:05.220  1008  1008 V WallpaperManagerService: No default component; using image wallpaper
04-25 18:42:05.221  1008  1296 D VoldConnector: SND -> {3 volume reset}
04-25 18:42:05.223  1008  1298 D VoldConnector: RCV <- {651 emulated 7}
04-25 18:42:05.223  1008  1298 D VoldConnector: RCV <- {659 emulated}
04-25 18:42:05.224  1008  1298 D VoldConnector: RCV <- {650 emulated 2 "" ""}
04-25 18:42:05.224  1008  1298 D VoldConnector: RCV <- {654 emulated emulated}
04-25 18:42:05.225   251   254 V vold    : /system/bin/sgdisk
04-25 18:42:05.225   251   254 V vold    :     --android-dump
04-25 18:42:05.225  1008  1298 D VoldConnector: RCV <- {651 emulated 0}
04-25 18:42:05.225   251   254 V vold    :     /dev/block/vold/disk:179_64
04-25 18:42:05.225  1008  1298 D VoldConnector: RCV <- {651 public:179_65 7}
04-25 18:42:05.226  1008  1298 D VoldConnector: RCV <- {659 public:179_65}
04-25 18:42:05.226  1008  1298 D VoldConnector: RCV <- {649 disk:179_64}
04-25 18:42:05.227  1008  1298 D VoldConnector: RCV <- {640 disk:179_64 5}
04-25 18:42:05.227  1008  1298 D VoldConnector: RCV <- {641 disk:179_64 16005464064}
04-25 18:42:05.228  1008  1298 D VoldConnector: RCV <- {642 disk:179_64 Samsung}
04-25 18:42:05.228  1008  1298 D VoldConnector: RCV <- {644 disk:179_64 /sys//devices/soc.0/7864900.sdhci/mmc_host/mmc1/mmc1:0001/block/mmcblk1}
04-25 18:42:05.235  1008  1141 V StorageManagerService: Found primary storage at VolumeInfo{emulated}:
04-25 18:42:05.235  1008  1141 V StorageManagerService:     type=EMULATED diskId=null partGuid=null mountFlags=0 mountUserId=-1 
04-25 18:42:05.235  1008  1141 V StorageManagerService:     state=UNMOUNTED 
04-25 18:42:05.235  1008  1141 V StorageManagerService:     fsType=null fsUuid=null fsLabel=null 
04-25 18:42:05.235  1008  1141 V StorageManagerService:     path=null internalPath=null 
04-25 18:42:05.237  1008  1115 I ActivityManager: Force stopping com.android.providers.media appid=10013 user=-1: vold reset
04-25 18:42:05.271  1008  1008 I ActivityManager: Start proc 1459:com.android.systemui/u0a32 for service com.android.systemui/.ImageWallpaper
04-25 18:42:05.274  1008  1008 W SystemServiceManager: Service com.android.server.wallpaper.WallpaperManagerService$Lifecycle took 62 ms in onBootPhase
04-25 18:42:05.283  1008  1008 D UsbAlsaManager: Adding ALSA device AlsaDevice: [card: 0, device: 0, type: 2]
04-25 18:42:05.283  1008  1008 D UsbAlsaManager: Adding ALSA device AlsaDevice: [card: 0, device: 0, type: 1]
04-25 18:42:05.283  1008  1008 D UsbAlsaManager: Adding ALSA device AlsaDevice: [card: 0, device: 1, type: 2]
04-25 18:42:05.283  1008  1008 D UsbAlsaManager: Adding ALSA device AlsaDevice: [card: 0, device: 1, type: 1]
04-25 18:42:05.284  1008  1008 D UsbAlsaManager: Adding ALSA device AlsaDevice: [card: 0, device: 2, type: 2]
04-25 18:42:05.284  1008  1008 D UsbAlsaManager: Adding ALSA device AlsaDevice: [card: 0, device: 2, type: 1]
04-25 18:42:05.284  1008  1008 D UsbAlsaManager: Adding ALSA device AlsaDevice: [card: 0, device: 3, type: 2]
04-25 18:42:05.284  1008  1008 D UsbAlsaManager: Adding ALSA device AlsaDevice: [card: 0, device: 3, type: 1]
04-25 18:42:05.284  1008  1008 D UsbAlsaManager: Adding ALSA device AlsaDevice: [card: 0, device: 4, type: 1]
04-25 18:42:05.284  1008  1008 D UsbAlsaManager: Adding ALSA device AlsaDevice: [card: 0, device: 5, type: 1]
04-25 18:42:05.284  1008  1008 D UsbAlsaManager: Adding ALSA device AlsaDevice: [card: 0, device: 6, type: 2]
04-25 18:42:05.284  1008  1008 D UsbAlsaManager: Adding ALSA device AlsaDevice: [card: 0, device: 6, type: 1]
04-25 18:42:05.284  1008  1008 D UsbAlsaManager: Adding ALSA device AlsaDevice: [card: 0, device: 7, type: 1]
04-25 18:42:05.284  1008  1008 D UsbAlsaManager: Adding ALSA device AlsaDevice: [card: 0, device: 8, type: 2]
04-25 18:42:05.284  1008  1008 D UsbAlsaManager: Adding ALSA device AlsaDevice: [card: 0, device: 10, type: 2]
04-25 18:42:05.284  1008  1008 D UsbAlsaManager: Adding ALSA device AlsaDevice: [card: 0, device: 10, type: 1]
