04-25 18:42:05.284  1008  1008 D UsbAlsaManager: Adding ALSA device AlsaDevice: [card: 0, device: 11, type: 2]
04-25 18:42:05.284  1008  1008 D UsbAlsaManager: Adding ALSA device AlsaDevice: [card: 0, device: 12, type: 2]
04-25 18:42:05.284  1008  1008 D UsbAlsaManager: Adding ALSA device AlsaDevice: [card: 0, device: 12, type: 1]
04-25 18:42:05.284  1008  1008 D UsbAlsaManager: Adding ALSA device AlsaDevice: [card: 0, device: 13, type: 2]
04-25 18:42:05.284  1008  1008 D UsbAlsaManager: Adding ALSA device AlsaDevice: [card: 0, device: 13, type: 1]
04-25 18:42:05.284  1008  1008 D UsbAlsaManager: Adding ALSA device AlsaDevice: [card: 0, device: 14, type: 2]
04-25 18:42:05.284  1008  1008 D UsbAlsaManager: Adding ALSA device AlsaDevice: [card: 0, device: 14, type: 1]
04-25 18:42:05.284  1008  1008 D UsbAlsaManager: Adding ALSA device AlsaDevice: [card: 0, device: 15, type: 2]
04-25 18:42:05.284  1008  1008 D UsbAlsaManager: Adding ALSA device AlsaDevice: [card: 0, device: 15, type: 1]
04-25 18:42:05.284  1008  1008 D UsbAlsaManager: Adding ALSA device AlsaDevice: [card: 0, device: 16, type: 2]
04-25 18:42:05.284  1008  1008 D UsbAlsaManager: Adding ALSA device AlsaDevice: [card: 0, device: 16, type: 1]
04-25 18:42:05.284  1008  1008 D UsbAlsaManager: Adding ALSA device AlsaDevice: [card: 0, device: 17, type: 2]
04-25 18:42:05.284  1008  1008 D UsbAlsaManager: Adding ALSA device AlsaDevice: [card: 0, device: 17, type: 1]
04-25 18:42:05.285  1008  1008 D UsbAlsaManager: Adding ALSA device AlsaDevice: [card: 0, device: 18, type: 2]
04-25 18:42:05.285  1008  1008 D UsbAlsaManager: Adding ALSA device AlsaDevice: [card: 0, device: 18, type: 1]
04-25 18:42:05.285  1008  1008 D UsbAlsaManager: Adding ALSA device AlsaDevice: [card: 0, device: 19, type: 2]
04-25 18:42:05.285  1008  1008 D UsbAlsaManager: Adding ALSA device AlsaDevice: [card: 0, device: 20, type: 2]
04-25 18:42:05.285  1008  1008 D UsbAlsaManager: Adding ALSA device AlsaDevice: [card: 0, device: 21, type: 2]
04-25 18:42:05.285  1008  1008 D UsbAlsaManager: Adding ALSA device AlsaDevice: [card: 0, device: 22, type: 2]
04-25 18:42:05.285  1008  1008 D UsbAlsaManager: Adding ALSA device AlsaDevice: [card: 0, device: 23, type: 2]
04-25 18:42:05.285  1008  1008 D UsbAlsaManager: Adding ALSA device AlsaDevice: [card: 0, device: 25, type: 1]
04-25 18:42:05.285  1008  1008 D UsbAlsaManager: Adding ALSA device AlsaDevice: [card: 0, device: 26, type: 2]
04-25 18:42:05.285  1008  1008 D UsbAlsaManager: Adding ALSA device AlsaDevice: [card: 0, device: 26, type: 1]
04-25 18:42:05.285  1008  1008 D UsbAlsaManager: Adding ALSA device AlsaDevice: [card: 0, device: 27, type: 2]
04-25 18:42:05.285  1008  1008 D UsbAlsaManager: Adding ALSA device AlsaDevice: [card: 0, device: 27, type: 1]
04-25 18:42:05.285  1008  1008 D UsbAlsaManager: Adding ALSA device AlsaDevice: [card: 0, device: 28, type: 2]
04-25 18:42:05.285  1008  1008 D UsbAlsaManager: Adding ALSA device AlsaDevice: [card: 0, device: 28, type: 1]
04-25 18:42:05.285  1008  1349 D BluetoothManagerService: Trying to bind to profile: 1, while Bluetooth was disabled
04-25 18:42:05.289  1008  1008 I SystemServer: StartObservingNativeCrashes
04-25 18:42:05.289  1008  1289 E UsbPortManager: port status enquiry failed
04-25 18:42:05.290  1008  1008 I SystemServer: StartSystemUI
04-25 18:42:05.290  1008  1113 I SystemServer: WebViewFactoryPreparation
04-25 18:42:05.292  1008  1008 I SystemServer: MakeNetworkScoreReady
04-25 18:42:05.293  1008  1008 I SystemServer: MakeNetworkManagementServiceReady
04-25 18:42:05.295  1008  1008 D NetworkManagement: enabling bandwidth control
04-25 18:42:05.356  1008  1008 I SystemServer: MakeNetworkStatsServiceReady
04-25 18:42:05.402  1008  1120 E BatteryExternalStatsWorker: no controller energy info supplied for wifi
04-25 18:42:05.402  1008  1120 E BatteryExternalStatsWorker: no controller energy info supplied for telephony
04-25 18:42:05.435   251   254 V vold    : DISK mbr
04-25 18:42:05.435   251   254 V vold    : 
04-25 18:42:05.435   251   254 V vold    : PART 1 c
04-25 18:42:05.435   251   254 V vold    : 
04-25 18:42:05.449  1008  1298 D VoldConnector: RCV <- {650 public:179_65 0 "disk:179_64" ""}
04-25 18:42:05.449  1008  1298 D VoldConnector: RCV <- {654 public:179_65 sdcard1}
04-25 18:42:05.450  1008  1298 D VoldConnector: RCV <- {651 public:179_65 0}
04-25 18:42:05.451  1008  1298 D VoldConnector: RCV <- {643 disk:179_64}
04-25 18:42:05.451  1008  1298 D VoldConnector: RCV <- {200 3 Command succeeded}
04-25 18:42:05.452  1008  1296 D VoldConnector: SND -> {4 volume user_added 0 0}
04-25 18:42:05.454  1008  1298 D VoldConnector: RCV <- {200 4 Command succeeded}
04-25 18:42:05.486  1008  1296 D VoldConnector: SND -> {5 volume mount emulated 3 -1}
04-25 18:42:05.487  1008  1298 D VoldConnector: RCV <- {651 emulated 1}
04-25 18:42:05.488  1008  1298 D VoldConnector: RCV <- {656 emulated /data/media}
04-25 18:42:05.489  1008  1298 D VoldConnector: RCV <- {655 emulated /storage/emulated}
04-25 18:42:05.489   251   254 V vold    : Waiting for FUSE to spin up...
04-25 18:42:05.539   251   254 V vold    : Waiting for FUSE to spin up...
04-25 18:42:05.541  1008  1113 I ActivityManager: Start proc 1494:WebViewLoader-armeabi-v7a/1037 [android.webkit.WebViewLibraryLoader$RelroFileCreator] for 
04-25 18:42:05.584  1008  1008 I SystemServer: MakeConnectivityServiceReady
04-25 18:42:05.590   251   254 V vold    : Waiting for FUSE to spin up...
04-25 18:42:05.646  1008  1298 D VoldConnector: RCV <- {651 emulated 2}
04-25 18:42:05.647  1008  1298 D VoldConnector: RCV <- {200 5 Command succeeded}
04-25 18:42:05.647  1008  1296 D VoldConnector: SND -> {6 volume mount public:179_65 2 0}
04-25 18:42:05.648   251   254 V vold    : /system/bin/blkid
04-25 18:42:05.648   251   254 V vold    :     -c
04-25 18:42:05.648   251   254 V vold    :     /dev/null
04-25 18:42:05.648   251   254 V vold    :     -s
04-25 18:42:05.648   251   254 V vold    :     TYPE
04-25 18:42:05.648   251   254 V vold    :     -s
04-25 18:42:05.648   251   254 V vold    :     UUID
04-25 18:42:05.648   251   254 V vold    :     -s
04-25 18:42:05.648   251   254 V vold    :     LABEL
04-25 18:42:05.648   251   254 V vold    :     /dev/block/vold/public:179_65
04-25 18:42:05.649  1008  1298 D VoldConnector: RCV <- {651 public:179_65 1}
04-25 18:42:05.648  1008  1008 I SystemServer: MakeNetworkPolicyServiceReady
04-25 18:42:05.910  1008  1326 D NetworkPolicy: setRestrictBackgroundUL(): false
04-25 18:42:05.972   251   254 V vold    : /dev/block/vold/public:179_65: UUID="0000-9DF7" TYPE="vfat" 
04-25 18:42:05.972   251   254 V vold    : 
04-25 18:42:05.973  1008  1298 D VoldConnector: RCV <- {652 public:179_65 vfat}
04-25 18:42:05.974  1008  1298 D VoldConnector: RCV <- {653 public:179_65 0000-9DF7}
04-25 18:42:05.975  1008  1298 D VoldConnector: RCV <- {654 public:179_65 sdcard1}
04-25 18:42:05.975  1008  1298 D VoldConnector: RCV <- {656 public:179_65 /mnt/media_rw/0000-9DF7}
04-25 18:42:05.976  1008  1298 D VoldConnector: RCV <- {655 public:179_65 /storage/0000-9DF7}
04-25 18:42:05.984   251   254 V vold    : /system/bin/fsck_msdos
04-25 18:42:05.984   251   254 V vold    :     -p
04-25 18:42:05.984   251   254 V vold    :     -f
04-25 18:42:05.984   251   254 V vold    :     /dev/block/vold/public:179_65
04-25 18:42:06.232  1008  1226 I PackageManager: Deferred reconcileAppsData finished 82 packages
04-25 18:42:06.241  1008  1008 I SystemServer: StartWatchdog
04-25 18:42:06.254  1008  1008 I SystemServer: PhaseThirdPartyAppsCanStart
04-25 18:42:06.254  1008  1008 I SystemServiceManager: Starting phase 600
04-25 18:42:06.545  1008  1008 W SystemServiceManager: Service com.android.server.power.PowerManagerService took 291 ms in onBootPhase
04-25 18:42:07.261  1008  1008 W SystemServiceManager: Service com.android.server.notification.NotificationManagerService took 699 ms in onBootPhase
04-25 18:42:07.472  1008  1008 V WallpaperManagerService: bindWallpaperComponentLocked: componentName=ComponentInfo{com.android.systemui/com.android.systemui.ImageWallpaper}
--------- beginning of crash
04-25 18:42:07.590   344   344 F libc    : invalid pthread_t 0xa5361970 passed to libc
04-25 18:42:07.606   251   254 I Vold    : Filesystem check completed OK
04-25 18:42:07.647   251   254 V vold    : Waiting for FUSE to spin up...
04-25 18:42:07.680   344   344 F DEBUG   : *** *** *** *** *** *** *** *** *** *** *** *** *** *** *** ***
04-25 18:42:07.686   344   344 F DEBUG   : Build fingerprint: 'YU/YU4711/YU4711:5.1.1/LMY47V/1450865915:user/release-keys'
04-25 18:42:07.686   344   344 F DEBUG   : Revision: '0'
04-25 18:42:07.686   344   344 F DEBUG   : ABI: 'arm'
04-25 18:42:07.686   344   344 F DEBUG   : pid: 344, tid: 344, name: media.codec  >>> android.hardwar <<<
04-25 18:42:07.686   344   344 F DEBUG   : signal 6 (SIGABRT), code -6 (SI_TKILL), fault addr --------
04-25 18:42:07.718   344   344 F DEBUG   : Abort message: 'invalid pthread_t 0xa5361970 passed to libc'
04-25 18:42:07.718   344   344 F DEBUG   :     r0 00000000  r1 00000158  r2 00000006  r3 00000008
04-25 18:42:07.718   344   344 F DEBUG   :     r4 00000158  r5 00000158  r6 beb1e65c  r7 0000010c
04-25 18:42:07.718   344   344 F DEBUG   :     r8 00000000  r9 00000002  sl beb1e8b4  fp beb1ea2c
04-25 18:42:07.718   344   344 F DEBUG   :     ip a69d00a0  sp beb1e648  lr a6c88861  pc a6c8234a  cpsr 20010030
04-25 18:42:07.697   251   254 V vold    : Waiting for FUSE to spin up...
04-25 18:42:07.783  1008  1298 D VoldConnector: RCV <- {651 public:179_65 2}
04-25 18:42:07.857   344   344 F DEBUG   : 
04-25 18:42:07.857   344   344 F DEBUG   : backtrace:
04-25 18:42:07.857   344   344 F DEBUG   :     #00 pc 0001a34a  /system/lib/libc.so (abort+63)
04-25 18:42:07.857   344   344 F DEBUG   :     #01 pc 00047779  /system/lib/libc.so (__pthread_internal_find(long)+96)
04-25 18:42:07.857   344   344 F DEBUG   :     #02 pc 000474b9  /system/lib/libc.so (pthread_detach+4)
04-25 18:42:07.857   344   344 F DEBUG   :     #03 pc 000216f5  /system/vendor/lib/libHevcSwDecoder.so (CSwVdecHevcComponent::BatchServer_Destroy()+244)
04-25 18:42:07.857   344   344 F DEBUG   :     #04 pc 000218d1  /system/vendor/lib/libHevcSwDecoder.so (CSwVdecHevcComponent::~CSwVdecHevcComponent()+88)
04-25 18:42:07.857   344   344 F DEBUG   :     #05 pc 00021919  /system/vendor/lib/libHevcSwDecoder.so (CSwVdecHevcComponent::~CSwVdecHevcComponent()+4)
04-25 18:42:07.857   344   344 F DEBUG   :     #06 pc 0001db91  /system/vendor/lib/libHevcSwDecoder.so (SwVdec_DeInit+40)
04-25 18:42:07.857   344   344 F DEBUG   :     #07 pc 0002685d  /system/lib/libOmxVdecHevc.so (omx_vdec::component_deinit(void*)+820)
04-25 18:42:07.857   344   344 F DEBUG   :     #08 pc 00001c13  /system/vendor/lib/libOmxCore.so (qc_omx_component_deinit+98)
04-25 18:42:07.857   344   344 F DEBUG   :     #09 pc 00002103  /system/vendor/lib/libOmxCore.so (OMX_FreeHandle+34)
04-25 18:42:07.857   344   344 F DEBUG   :     #10 pc 00031c25  /system/lib/libstagefright_omx.so (android::OMXMaster::destroyComponentInstance(OMX_COMPONENTTYPE*)+84)
04-25 18:42:07.857   344   344 F DEBUG   :     #11 pc 0002f091  /system/lib/libstagefright_omx.so (android::OMX::freeNode(android::sp<android::OMXNodeInstance> const&)+376)
04-25 18:42:07.857   344   344 F DEBUG   :     #12 pc 00032f99  /system/lib/libstagefright_omx.so (android::OMXNodeInstance::freeNode()+468)
04-25 18:42:07.858   344   344 F DEBUG   :     #13 pc 0001e3fd  /system/lib/libmedia_omx.so (android::BnOMXNode::onTransact(unsigned int, android::Parcel const&, android::Parcel*, unsigned int)+700)
04-25 18:42:07.858   344   344 F DEBUG   :     #14 pc 0003c777  /system/lib/libbinder.so (android::BBinder::transact(unsigned int, android::Parcel const&, android::Parcel*, unsigned int)+70)
04-25 18:42:07.858   344   344 F DEBUG   :     #15 pc 000428b9  /system/lib/libbinder.so (android::IPCThreadState::executeCommand(int)+564)
04-25 18:42:07.858   344   344 F DEBUG   :     #16 pc 0004258b  /system/lib/libbinder.so (android::IPCThreadState::getAndExecuteCommand()+110)
04-25 18:42:07.858   344   344 F DEBUG   :     #17 pc 00042a67  /system/lib/libbinder.so (android::IPCThreadState::joinThreadPool(bool)+38)
04-25 18:42:07.858   344   344 F DEBUG   :     #18 pc 0000187f  /system/vendor/bin/hw/android.hardware.media.omx@1.0-service
04-25 18:42:07.858   344   344 F DEBUG   :     #19 pc 0007662d  /system/lib/libc.so (__libc_init+48)
04-25 18:42:07.858   344   344 F DEBUG   :     #20 pc 000014a4  /system/vendor/bin/hw/android.hardware.media.omx@1.0-service
04-25 18:42:07.961  1008  1298 D VoldConnector: RCV <- {200 6 Command succeeded}
04-25 18:42:08.020  1008  1142 E BluetoothManagerService: MESSAGE_TIMEOUT_BIND
04-25 18:42:08.146  1008  1296 E VoldConnector: NDC Command {6 volume mount public:179_65 2 0} took too long (2330ms)
04-25 18:42:08.234  1008  1008 W SystemServiceManager: Service com.android.server.wallpaper.WallpaperManagerService$Lifecycle took 973 ms in onBootPhase
04-25 18:42:08.532  1008  1019 W ActivityManager: Slow operation: 87ms so far, now at getContentProviderImpl: before updateLruProcess
04-25 18:42:08.532  1008  1019 W ActivityManager: Slow operation: 121ms so far, now at getContentProviderImpl: after updateLruProcess
04-25 18:42:08.532  1008  1019 W ActivityManager: Slow operation: 121ms so far, now at getContentProviderImpl: before updateOomAdj
04-25 18:42:08.556  1008  1019 W ActivityManager: Slow operation: 144ms so far, now at getContentProviderImpl: after updateOomAdj
04-25 18:42:08.556  1008  1019 W ActivityManager: Slow operation: 145ms so far, now at getContentProviderImpl: done!
04-25 18:42:08.703  1008  1008 W SystemServiceManager: Service com.android.server.job.JobSchedulerService took 469 ms in onBootPhase
04-25 18:42:08.936  1008  1008 W SystemServiceManager: Service com.android.server.soundtrigger.SoundTriggerService took 233 ms in onBootPhase
04-25 18:42:09.287  1008  1008 W SystemServiceManager: Service com.android.server.trust.TrustManagerService took 351 ms in onBootPhase
04-25 18:42:09.453  1008  1008 W SystemServiceManager: Service com.android.server.voiceinteraction.VoiceInteractionManagerService took 165 ms in onBootPhase
04-25 18:42:09.548  1008  1008 W SystemServiceManager: Service com.android.server.GestureLauncherService took 95 ms in onBootPhase
04-25 18:42:09.822  1008  1008 W SystemServiceManager: Service com.android.server.emergency.EmergencyAffordanceService took 265 ms in onBootPhase
04-25 18:42:09.864  1008  1008 I SystemServer: MakeLocationServiceReady
04-25 18:42:09.888  1008  1116 W WindowManager: Keyguard drawn timeout. Setting mKeyguardDrawComplete
04-25 18:42:09.999  1008  1116 W Looper  : Dispatch took 111ms on android.ui, h=Handler (com.android.server.policy.PhoneWindowManager$PolicyHandler) {ec60f08} cb=null msg=6
04-25 18:42:11.982  1008  1008 W LocationManagerService: no network location provider found
04-25 18:42:11.993  1008  1008 E LocationManagerService: no geocoder provider found
04-25 18:42:12.011  1008  1008 D LocationManagerService: FLP HAL not supported
04-25 18:42:12.038  1008  1008 D LocationManagerService: Unable to bind FLP Geofence proxy.
04-25 18:42:12.038  1008  1008 D LocationManagerService: Hardware Activity-Recognition not supported.
04-25 18:42:12.066  1008  1008 D LocationManagerService: Unable to bind ActivityRecognitionProxy.
04-25 18:42:12.125  1008  1008 I SystemServer: MakeCountryDetectionServiceReady
04-25 18:42:12.131  1008  1008 I SystemServer: MakeNetworkTimeUpdateReady
04-25 18:42:12.145  1008  1008 I SystemServer: MakeCommonTimeManagementServiceReady
04-25 18:42:12.166  1008  1008 I SystemServer: MakeInputManagerServiceReady
04-25 18:42:12.222  1008  1008 I SystemServer: MakeTelephonyRegistryReady
04-25 18:42:12.222  1008  1008 I SystemServer: MakeMediaRouterServiceReady
04-25 18:42:12.223  1008  1008 I SystemServer: MakeMmsServiceReady
04-25 18:42:12.223  1008  1008 I MmsServiceBroker: Delay connecting to MmsService until an API is called
04-25 18:42:12.223  1008  1008 I SystemServer: MakeNetworkScoreServiceReady
04-25 18:42:12.223  1008  1008 I SystemServer: IncidentDaemonReady
04-25 18:42:12.270  1008  1008 I SystemServiceManager: Calling onStartUser u0
04-25 18:42:12.320  1008  1008 W VoiceInteractionManagerService: no available voice interaction services found for user 0
04-25 18:42:12.320  1008  1008 W VoiceInteractionManagerService: no available voice recognition services found for user 0
04-25 18:42:12.514  1008  1008 W ActivityManager: Slow operation: 136ms so far, now at startProcess: returned from zygote!
04-25 18:42:12.515  1008  1008 W ActivityManager: Slow operation: 136ms so far, now at startProcess: done updating battery stats
04-25 18:42:12.529  1008  1008 W ActivityManager: Slow operation: 151ms so far, now at startProcess: building log message
04-25 18:42:12.529  1008  1008 I ActivityManager: Start proc 2681:com.android.phone/1001 for added application com.android.phone
04-25 18:42:12.530  1008  1008 W ActivityManager: Slow operation: 151ms so far, now at startProcess: starting to update pids map
04-25 18:42:12.530  1008  1008 W ActivityManager: Slow operation: 151ms so far, now at startProcess: done updating pids map
04-25 18:42:12.565  1008  1008 I ActivityManager: START u0 {act=android.intent.action.MAIN cat=[android.intent.category.HOME] flg=0x10000100 cmp=com.android.settings/.FallbackHome} from uid 0
04-25 18:42:14.014  1008  1008 I ActivityManager: Loaded persisted task ids for user 0
04-25 18:42:14.143  1008  1008 I ActivityManager: Start proc 2702:com.android.settings/1000 for activity com.android.settings/.FallbackHome
04-25 18:42:14.188  1008  1008 D SystemServerInitThreadPool: Shutdown successful
04-25 18:42:14.200  1008  1160 D PowerManagerService: mWakeLockBlockingEnabled=0 blockedWakelockList=null
04-25 18:42:14.201  1008  1116 W Looper  : Dispatch took 1822ms on android.ui, h=Handler (com.android.server.am.ActivityManagerService$UiHandler) {91ede0f} cb=null msg=53
04-25 18:42:15.939  1008  1019 I ActivityManager: Process com.android.inputmethod.latin (pid 1451) has died: prcp IMPB
04-25 18:42:15.962  1008  1019 W ActivityManager: Scheduling restart of crashed service com.android.inputmethod.latin/.LatinIME in 1000ms
04-25 18:42:16.036  1008  1008 D ConditionProviders.SCP: onConnected
04-25 18:42:16.247  1008  1008 D ConditionProviders: Subscribing to condition://android/event?userId=-10000&calendar=&reply=1 with ComponentInfo{android/com.android.server.notification.EventConditionProvider}
04-25 18:42:16.248  1008  1008 D ConditionProviders: Subscribing to condition://android/schedule?days=1.2.3.4.5&start=22.0&end=7.0&exitAtAlarm=false with ComponentInfo{android/com.android.server.notification.ScheduleConditionProvider}
04-25 18:42:16.248  1008  1008 D ConditionProviders: Subscribing to condition://android/schedule?days=6.7&start=23.30&end=10.0&exitAtAlarm=false with ComponentInfo{android/com.android.server.notification.ScheduleConditionProvider}
04-25 18:42:16.268  1008  1143 W WindowManager: App freeze timeout expired.
04-25 18:42:16.268  1008  1143 W WindowManager: Force clearing freeze: AppWindowToken{2c8d0ed token=Token{ec0a304 ActivityRecord{a00a317 u0 com.android.settings/.FallbackHome t1}}}
04-25 18:42:17.090  1008  1115 W ActivityManager: Slow operation: 98ms so far, now at startProcess: returned from zygote!
04-25 18:42:17.090  1008  1115 W ActivityManager: Slow operation: 99ms so far, now at startProcess: done updating battery stats
04-25 18:42:17.090  1008  1115 W ActivityManager: Slow operation: 99ms so far, now at startProcess: building log message
04-25 18:42:17.090  1008  1115 I ActivityManager: Start proc 2745:com.android.inputmethod.latin/u0a56 for service com.android.inputmethod.latin/.LatinIME
04-25 18:42:17.090  1008  1115 W ActivityManager: Slow operation: 99ms so far, now at startProcess: starting to update pids map
04-25 18:42:17.090  1008  1115 W ActivityManager: Slow operation: 99ms so far, now at startProcess: done updating pids map
04-25 18:42:17.091  1008  1115 W ActivityManager: Slow operation: 107ms so far, now at startProcess: done starting proc!
04-25 18:42:17.630  1008  2740 W ActivityManager: Slow operation: 63ms so far, now at attachApplicationLocked: immediately after bindApplication
04-25 18:42:17.630  1008  2740 W ActivityManager: Slow operation: 63ms so far, now at attachApplicationLocked: after updateLruProcessLocked
04-25 18:42:17.670  1008  2740 W ActivityManager: Slow operation: 104ms so far, now at attachApplicationLocked: after mServices.attachApplicationLocked
04-25 18:42:17.736  1008  1167 W ActivityManager: Slow operation: 53ms so far, now at startProcess: returned from zygote!
04-25 18:42:17.736  1008  1167 W ActivityManager: Slow operation: 53ms so far, now at startProcess: done updating battery stats
04-25 18:42:17.737  1008  1167 W ActivityManager: Slow operation: 53ms so far, now at startProcess: building log message
04-25 18:42:17.737  1008  1167 I ActivityManager: Start proc 2760:com.android.defcontainer/u0a9 for service com.android.defcontainer/.DefaultContainerService
04-25 18:42:17.737  1008  1167 W ActivityManager: Slow operation: 53ms so far, now at startProcess: starting to update pids map
04-25 18:42:17.737  1008  1167 W ActivityManager: Slow operation: 53ms so far, now at startProcess: done updating pids map
04-25 18:42:17.737  1008  1167 W ActivityManager: Slow operation: 53ms so far, now at startProcess: done starting proc!
04-25 18:42:17.737  1008  1116 W Looper  : Dispatch took 102ms on android.ui, h=Handler (com.android.server.am.ActivityManagerService$UiHandler) {91ede0f} cb=null msg=53
04-25 18:42:20.015  1008  1120 E BatteryExternalStatsWorker: no controller energy info supplied for wifi
04-25 18:42:20.015  1008  1120 E BatteryExternalStatsWorker: no controller energy info supplied for bluetooth
04-25 18:42:20.015  1008  1120 E BatteryExternalStatsWorker: no controller energy info supplied for telephony
04-25 18:42:20.050  1008  1120 E KernelUidCpuFreqTimeReader: Failed to read /proc/uid_time_in_state: java.io.FileNotFoundException: /proc/uid_time_in_state (No such file or directory)
--------- beginning of main
04-25 18:42:20.280   233   233 W /system/bin/hwservicemanager: getTransport: Cannot find entry android.hardware.radio.deprecated@1.0::IOemHook/slot2 in either framework or device manifest.
04-25 18:42:20.346  2702  2789 D OpenGLRenderer: HWUI GL Pipeline
04-25 18:42:21.503  2702  2789 I Adreno-EGL: <qeglDrvAPI_eglInitialize:379>: EGL 1.4 QUALCOMM build: Nondeterministic_AU_msm8916_64_LA.BR.1.2.9_RB1__release_AU (I38fdb1353f)
04-25 18:42:21.503  2702  2789 I Adreno-EGL: OpenGL ES Shader Compiler Version: XE031.09.00.03
04-25 18:42:21.503  2702  2789 I Adreno-EGL: Build Date: 10/24/16 Mon
04-25 18:42:21.503  2702  2789 I Adreno-EGL: Local Branch: mybranch22985090
04-25 18:42:21.503  2702  2789 I Adreno-EGL: Remote Branch: quic/LA.BR.1.2.9_rb1.8
04-25 18:42:21.503  2702  2789 I Adreno-EGL: Local Patches: NONE
04-25 18:42:21.503  2702  2789 I Adreno-EGL: Reconstruct Branch: NOTHING
04-25 18:42:21.541  1008  2740 I ActivityManager: Process com.android.defcontainer (pid 2760) has died: vis  IMPF
04-25 18:42:21.561  1008  1287 I chatty  : uid=1000(system) InputDispatcher expire 11 lines
04-25 18:42:21.569  1008  2740 W ActivityManager: Scheduling restart of crashed service com.android.defcontainer/.DefaultContainerService in 1000ms
04-25 18:42:21.570   243   264 E Magisk  : read failed with 0: Success
04-25 18:42:21.575  1008  2635 I WindowManager: WIN DEATH: Window{2d2f3c4 u0 com.android.settings/com.android.settings.FallbackHome}
04-25 18:42:21.600  1008  2635 I chatty  : uid=1000(system) Binder:1008_7 expire 4 lines
04-25 18:42:21.645  1008  2739 I ActivityManager: Process com.android.settings (pid 2702) has died: fore TOP 
04-25 18:42:21.656  1008  2739 W ActivityManager: Force removing ActivityRecord{a00a317 u0 com.android.settings/.FallbackHome t1}: app died, no saved state
04-25 18:42:21.763  1008  2739 I ActivityManager: START u0 {act=android.intent.action.MAIN cat=[android.intent.category.HOME] flg=0x10000100 cmp=com.android.settings/.FallbackHome} from uid 0
04-25 18:42:21.872  1008  2739 I chatty  : uid=1000(system) Binder:1008_8 expire 6 lines
04-25 18:42:21.939  1008  2739 W ActivityManager: Slow operation: 58ms so far, now at startProcess: returned from zygote!
04-25 18:42:21.940  1008  2739 W ActivityManager: Slow operation: 59ms so far, now at startProcess: done updating battery stats
04-25 18:42:21.940  1008  2739 W ActivityManager: Slow operation: 59ms so far, now at startProcess: building log message
04-25 18:42:21.940  1008  2739 I ActivityManager: Start proc 2822:com.android.settings/1000 for activity com.android.settings/.FallbackHome
04-25 18:42:21.956  1008  2739 W ActivityManager: Slow operation: 76ms so far, now at startProcess: starting to update pids map
04-25 18:42:21.956  1008  2739 W ActivityManager: Slow operation: 76ms so far, now at startProcess: done updating pids map
04-25 18:42:21.957  1008  2739 W ActivityManager: Slow operation: 77ms so far, now at startProcess: done starting proc!
04-25 18:42:21.958  1008  1251 I ActivityManager: Process com.android.inputmethod.latin (pid 2745) has died: fore IMPB
04-25 18:42:21.959  1008  1251 W ActivityManager: Scheduling restart of crashed service com.android.inputmethod.latin/.LatinIME in 10611ms
04-25 18:42:21.984  1008  1143 W ActivityManager: setHasOverlayUi called on unknown pid: 2702
04-25 18:42:21.993  1008  1116 W Looper  : Dispatch took 414ms on android.ui, h=Handler (com.android.server.am.ActivityManagerService$UiHandler) {91ede0f} cb=null msg=53
04-25 18:42:22.050   314   314 I chatty  : uid=1000(system) /system/bin/vm_bms expire 21 lines
04-25 18:42:22.358  1008  1251 W ActivityManager: Slow operation: 98ms so far, now at attachApplicationLocked: after mServices.attachApplicationLocked
04-25 18:42:22.628  1008  1115 I ActivityManager: Start proc 2839:com.android.defcontainer/u0a9 for service com.android.defcontainer/.DefaultContainerService
04-25 18:42:22.629  1008  1115 W ActivityManager: Slow operation: 58ms so far, now at startProcess: starting to update pids map
04-25 18:42:22.629  1008  1115 W ActivityManager: Slow operation: 58ms so far, now at startProcess: done updating pids map
04-25 18:42:22.629  1008  1115 W ActivityManager: Slow operation: 59ms so far, now at startProcess: done starting proc!
04-25 18:42:22.853  1008  2617 W ActivityManager: Slow operation: 80ms so far, now at attachApplicationLocked: after mServices.attachApplicationLocked
04-25 18:42:22.857  1008  1336 I chatty  : uid=1000(system) WifiScanningSer expire 1 line
04-25 18:42:22.865  1008  1008 I chatty  : uid=1000 system_server expire 11 lines
04-25 18:42:22.915  1008  1337 I chatty  : uid=1000(system) WifiRttService expire 1 line
04-25 18:42:24.109  1008  1008 D BluetoothManagerService: Trying to bind to profile: 1, while Bluetooth was disabled
04-25 18:42:24.144  1008  2858 I Telecom : BluetoothRouteManager: getBluetoothAudioConnectedDevice: no headset service available.
04-25 18:42:24.270  1008  1008 I Telecom : SystemStateProvider: Registering car mode receiver: android.content.IntentFilter@3b28d4d: TS.init@AAA
04-25 18:42:24.277  1008  1143 W WindowManager: App freeze timeout expired.
04-25 18:42:24.277  1008  1143 W WindowManager: Force clearing freeze: AppWindowToken{39f906 token=Token{44567e1 ActivityRecord{1ce2d48 u0 com.android.settings/.FallbackHome t2}}}
04-25 18:42:24.356  1008  2859 I Telecom : Logging.Events: Non-call EVENT: AUDIO_ROUTE, Entering state QuiescentEarpieceRoute
04-25 18:42:24.395  1008  2860 I Telecom : CallAudioModeStateMachine: Message received: null.: TS.init->CAMSM.pM_1@AAA
04-25 18:42:24.476  1008  1008 I Telecom : MissedCallNotifierImpl: Boot not yet complete -- call log db may not be available. Deferring loading until boot complete.: TS.init@AAA
04-25 18:42:24.526  1008  1008 D BluetoothManagerService: Trying to bind to profile: 1, while Bluetooth was disabled
04-25 18:42:24.583  1008  1008 I Telecom : Class: TelecomSystem.INSTANCE being set
04-25 18:42:24.714  1008  1008 W ContextImpl: Calling a method in the system process without a qualified user: android.app.ContextImpl.startService:1485 android.content.ContextWrapper.startService:650 com.android.server.telecom.components.TelecomService.initializeTelecomSystem:180 com.android.server.telecom.components.TelecomService.onBind:64 android.app.ActivityThread.handleBindService:3388 
04-25 18:42:24.747  1008  1008 W ContextImpl: Calling a method in the system process without a qualified user: android.app.ContextImpl.startService:1485 com.android.server.content.SyncManager$13.run:722 android.os.Handler.handleCallback:790 android.os.Handler.dispatchMessage:99 android.os.Looper.loop:164 
04-25 18:42:24.768   334  1270 D installd: Found storage mount /dev/fuse at /mnt/runtime/default/emulated
04-25 18:42:24.768   334  1270 D installd: Found storage mount /dev/fuse at /mnt/runtime/default/0000-9DF7
04-25 18:42:24.867  1008  1008 D BluetoothManagerService: BluetoothServiceConnection: com.android.bluetooth.btservice.AdapterService
04-25 18:42:24.884  1459  2777 I vol.Events: writeEvent level_changed STREAM_VOICE_CALL 4
04-25 18:42:24.887  1459  2777 I vol.Events: writeEvent level_changed STREAM_SYSTEM 7
04-25 18:42:24.889  1459  2777 I vol.Events: writeEvent level_changed STREAM_RING 7
04-25 18:42:24.889  1008  1142 D BluetoothManagerService: MESSAGE_BLUETOOTH_SERVICE_CONNECTED: 1
04-25 18:42:24.892  1459  2777 I vol.Events: writeEvent level_changed STREAM_MUSIC 15
04-25 18:42:24.908  1459  2777 I vol.Events: writeEvent level_changed STREAM_ALARM 7
04-25 18:42:24.921  1459  2777 I vol.Events: writeEvent level_changed STREAM_BLUETOOTH_SCO 7
04-25 18:42:24.926  1008  1142 D BluetoothManagerService: MESSAGE_GET_NAME_AND_ADDRESS
04-25 18:42:25.146  1008  1142 D BluetoothManagerService: unbindAndFinish(): android.bluetooth.IBluetooth$Stub$Proxy@14f7b0b mBinding = false mUnbinding = false
04-25 18:42:25.218  1459  1459 W SystemUIService: Initialization of com.android.systemui.volume.VolumeUI took 7028 ms
04-25 18:42:25.237  1438  1438 D BluetoothAdapterService: onUnbind() - calling cleanup
04-25 18:42:25.243  1438  1438 D BluetoothAdapterService: cleanup()
04-25 18:42:25.270  1438  1438 W BluetoothSdpJni: Cleaning up Bluetooth SDP Interface...
04-25 18:42:25.291  1438  1438 W BluetoothSdpJni: Cleaning up Bluetooth SDP object
04-25 18:42:25.291  1438  1438 D BluetoothAdapterService: cleanup() - Cleaning up adapter native
04-25 18:42:25.308  1438  2551 I bt_stack_manager: event_clean_up_stack is cleaning up the stack
04-25 18:42:25.309  1438  2551 I bt_btif_core: btif_cleanup_bluetooth entered
04-25 18:42:25.317  1438  2551 E BluetoothServiceJni: Callback: 'callback_thread_event' is not called on the correct thread
04-25 18:42:25.317  1438  2551 I bt_btif_queue: btif_queue_release
04-25 18:42:25.341  1438  2574 I bt_btif_core: run_message_loop finished
04-25 18:42:25.341  1438  2574 W bt_osi_thread: run_thread: thread id 2574, thread name bt_jni_workqueue exited
04-25 18:42:25.933  1438  2551 I bt_core_module: module_clean_up Cleaning up module "stack_config_module"
04-25 18:42:25.933  1438  2551 I bt_core_module: module_clean_up Cleanup of module "stack_config_module" completed
04-25 18:42:26.005  1438  2551 I bt_core_module: module_clean_up Cleaning up module "interop_module"
04-25 18:42:26.005  1438  2551 I bt_core_module: module_clean_up Cleanup of module "interop_module" completed
04-25 18:42:26.005  1438  2551 I bt_btif_core: btif_cleanup_bluetooth finished
04-25 18:42:26.006  1438  2551 I bt_core_module: module_clean_up Cleaning up module "btif_config_module"
04-25 18:42:26.014  1459  2873 D OpenGLRenderer: HWUI GL Pipeline
04-25 18:42:26.084  1438  2551 I bt_core_module: module_clean_up Cleanup of module "btif_config_module" completed
04-25 18:42:26.089  1438  2551 I bt_core_module: module_clean_up Cleaning up module "bt_utils_module"
04-25 18:42:26.089  1438  2551 I bt_core_module: module_clean_up Cleanup of module "bt_utils_module" completed
04-25 18:42:26.097  1438  2551 I bt_core_module: module_clean_up Cleaning up module "osi_module"
04-25 18:42:26.097  1438  2564 D bt_osi_alarm: callback_dispatch Callback thread exited
04-25 18:42:26.097  1438  2564 W bt_osi_thread: run_thread: thread id 2564, thread name alarm_dispatcher exited
04-25 18:42:26.097  1438  2563 W bt_osi_thread: run_thread: thread id 2563, thread name alarm_default_ca exited
04-25 18:42:26.098  1438  2551 I bt_core_module: module_clean_up Cleanup of module "osi_module" completed
04-25 18:42:26.098  1438  2551 I bt_stack_manager: event_clean_up_stack finished
04-25 18:42:26.098  1438  1438 I BluetoothServiceJni: cleanupNative: return from cleanup
04-25 18:42:26.175  1438  1438 D BluetoothAdapterService: onDestroy()
04-25 18:42:26.189  1438  1438 I BluetoothAdapterService: Force exit to cleanup internal state in Bluetooth stack
04-25 18:42:26.206  1008  1008 V WiredAccessoryManager: notifyWiredAccessoryChanged: when=0 bits= mask=54
04-25 18:42:26.213  1008  1008 V WiredAccessoryManager: newName=h2w newState=0 headsetState=0 prev headsetState=0
04-25 18:42:26.224  1438  1438 I com.android.bluetooth: System.exit called, status: 0
04-25 18:42:26.224  1438  1438 I AndroidRuntime: VM exiting with result code 0, cleanup skipped.
04-25 18:42:26.235  1008  1008 V WiredAccessoryManager: init()
04-25 18:42:26.269  1008  2740 I ActivityManager: Process com.android.bluetooth (pid 1438) has died: fore SVC 
04-25 18:42:26.431  1459  1459 W SystemUIService: Initialization of com.android.systemui.stackdivider.Divider took 1189 ms
04-25 18:42:26.675  1008  1008 V NotificationListeners: enabling notification listener for 0: ComponentInfo{com.android.launcher3/com.android.launcher3.notification.NotificationListener}
04-25 18:42:26.731  1008  1008 V NotificationListeners: binding: Intent { act=android.service.notification.NotificationListenerService cmp=com.android.launcher3/.notification.NotificationListener (has extras) }
04-25 18:42:26.750  1008  1008 W ActivityManager: Unable to start service Intent { act=android.service.notification.NotificationListenerService cmp=com.android.launcher3/.notification.NotificationListener } U=0: not found
04-25 18:42:26.755  1008  1008 W NotificationListeners: Unable to bind notification listener service: Intent { act=android.service.notification.NotificationListenerService cmp=com.android.launcher3/.notification.NotificationListener (has extras) }
04-25 18:42:26.954  2681  2879 I chatty  : uid=1001(radio) com.android.phone expire 1 line
04-25 18:42:27.064  1008  2740 D BluetoothManagerService: Trying to bind to profile: 1, while Bluetooth was disabled
04-25 18:42:27.093  1008  2740 I chatty  : uid=1000(system) Binder:1008_9 expire 1 line
04-25 18:42:27.115  1008  1008 D ConditionProviders.SCP: onSubscribe condition://android/schedule?days=1.2.3.4.5&start=22.0&end=7.0&exitAtAlarm=false
04-25 18:42:27.190  1008  1008 D ConditionProviders.SCP: setRegistered true
04-25 18:42:27.222  1008  1008 D ConditionProviders.SCP: notifyCondition condition://android/schedule?days=1.2.3.4.5&start=22.0&end=7.0&exitAtAlarm=false STATE_FALSE reason=!meetsSchedule
04-25 18:42:27.287  2681  2681 I TelecomFramework: TtyManager: updateUiTtyMode -1 -> 0
04-25 18:42:27.291  2681  2681 I TelecomFramework: TtyManager: updateUiTtyMode -1 -> 0
04-25 18:42:27.709  1008  1008 D ConditionProviders.SCP: Scheduling evaluate for Wed Apr 25 22:00:00 GMT+05:30 2018 (1524673800000), in +3h17m32s826ms, now=Wed Apr 25 18:42:27 GMT+05:30 2018 (1524661947174)
04-25 18:42:27.714  1008  1008 D ConditionProviders.SCP: onSubscribe condition://android/schedule?days=6.7&start=23.30&end=10.0&exitAtAlarm=false
04-25 18:42:27.714  1008  1008 D ConditionProviders.SCP: notifyCondition condition://android/schedule?days=6.7&start=23.30&end=10.0&exitAtAlarm=false STATE_FALSE reason=!meetsSchedule
04-25 18:42:27.717  1008  1115 W ActivityManager: Activity pause timeout for ActivityRecord{1ce2d48 u0 com.android.settings/.FallbackHome t2}
04-25 18:42:27.717  1008  1008 D ConditionProviders.SCP: notifyCondition condition://android/schedule?days=1.2.3.4.5&start=22.0&end=7.0&exitAtAlarm=false STATE_FALSE reason=!meetsSchedule
04-25 18:42:27.740  1008  1008 D ConditionProviders.SCP: Scheduling evaluate for Wed Apr 25 22:00:00 GMT+05:30 2018 (1524673800000), in +3h17m32s286ms, now=Wed Apr 25 18:42:27 GMT+05:30 2018 (1524661947714)
04-25 18:42:27.830  1008  1008 I Telecom : WiredHeadsetManager: ACTION_HEADSET_PLUG event, plugged in: false, : WHC.oADA@AAE
04-25 18:42:27.883  2822  2953 D OpenGLRenderer: HWUI GL Pipeline
04-25 18:42:27.953  1008  1115 W ActivityManager: Timeout executing service: ServiceRecord{d3c6022 u0 com.android.systemui/.SystemUIService}
04-25 18:42:28.096  1008  1114 I SyncManager: Got SyncJobService instance.
04-25 18:42:28.218  1008  2740 W WallpaperManagerService: Cannot extract colors because wallpaper could not be read.
04-25 18:42:28.240  2681  2681 I chatty  : uid=1001(radio) com.android.phone expire 20 lines
04-25 18:42:28.607  1459  1459 D StatusBar: disable<e i a s b h r c s q >
04-25 18:42:28.219  1008  2740 W WallpaperManagerService: Cannot extract colors because wallpaper could not be read.
04-25 18:42:28.612  1008  2740 I StatusBarManagerService: registerStatusBar bar=com.android.internal.statusbar.IStatusBar$Stub$Proxy@be17038
04-25 18:42:28.694  1008  1115 I chatty  : uid=1000(system) ActivityManager expire 26 lines
04-25 18:42:28.701   353   353 I /system/bin/tombstoned: registered intercept for pid 1459 and type kDebuggerdJavaBacktrace
04-25 18:42:28.712  1459  1478 I zygote  : Thread[3,tid=1478,WaitingInMainSignalCatcherLoop,Thread*=0xacc2a200,peer=0x12ec0020,"Signal Catcher"]: reacting to signal 3
04-25 18:42:28.715  1459  1478 I zygote  : 
04-25 18:42:29.446  1008  1167 I chatty  : uid=1000(system) PackageManager expire 1 line
04-25 18:42:29.662  1008  2740 I Telecom : PhoneAccountRegistrar: New phone account registered: [[ ] PhoneAccount: ComponentInfo{com.android.phone/com.android.services.telephony.TelephonyConnectionService}, [****], UserHandle{0} Capabilities: SuppVideo CallProvider EmergOnly MultiUser PlaceEmerg SimSub  Audio Routes: BESW Schemes: tel voicemail  Extras: Bundle[mParcelledData.dataSize=124] GroupId: [****]]: TSI.rPA@AAI
04-25 18:42:29.728  1008  2740 I Telecom : CallsManager: Sending phone-account ComponentInfo{com.android.phone/com.android.services.telephony.TelephonyConnectionService}, [****], UserHandle{0} registered intent as user: TSI.rPA@AAI
04-25 18:42:29.789  1008  2740 I Telecom : CallsManager: Sending phone-account registered intent to default dialer: TSI.rPA@AAI
04-25 18:42:29.803  2681  2681 I TelecomFramework: AccountEntry: Registered phoneAccount: [[ ] PhoneAccount: ComponentInfo{com.android.phone/com.android.services.telephony.TelephonyConnectionService}, [****], UserHandle{0} Capabilities: SuppVideo CallProvider EmergOnly MultiUser PlaceEmerg SimSub  Audio Routes: BESW Schemes: tel voicemail  Extras: Bundle[{android.telecom.extra.SUPPORTS_VIDEO_CALLING_FALLBACK=false}] GroupId: [****]] with handle: ComponentInfo{com.android.phone/com.android.services.telephony.TelephonyConnectionService}, [****], UserHandle{0}
04-25 18:42:29.807  3126  3126 I dex2oat : /system/bin/dex2oat --input-vdex-fd=-1 --output-vdex-fd=13 --compiler-filter=quicken --classpath-dir=/data/app/com.topjohnwu.magisk-N32E0yRysvUhApENqGeicg== --class-loader-context=PCL[]
04-25 18:42:29.823  2681  2681 I TelecomFramework: PstnIncomingCallNotifier: Registering: Handler (com.android.internal.telephony.GsmCdmaPhone) {a343c51}
04-25 18:42:29.842  3126  3126 W dex2oat : Could not reserve sentinel fault page
04-25 18:42:29.859  2681  2681 I TelecomFramework: TelecomAccountRegistry: Unregistering phone account ComponentInfo{com.android.phone/com.android.services.telephony.TelephonyConnectionService}, [****], UserHandle{0}.
04-25 18:42:29.872  1008  2740 I Telecom : CallsManager: Sending phone-account ComponentInfo{com.android.phone/com.android.services.telephony.TelephonyConnectionService}, [****], UserHandle{0} unregistered intent as user: TSI.uPA@AAQ
04-25 18:42:29.873  1008  2740 I Telecom : CallsManager: Sending phone-account unregistered intent to default dialer: TSI.uPA@AAQ
04-25 18:42:30.041   353   353 I /system/bin/tombstoned: received crash request for pid 1459
04-25 18:42:30.042   353   353 I /system/bin/tombstoned: found intercept fd 512 for pid 1459 and type kDebuggerdJavaBacktrace
04-25 18:42:30.048   353   353 I /system/bin/tombstoned: registered intercept for pid 1008 and type kDebuggerdJavaBacktrace
04-25 18:42:30.048  1459  1478 I zygote  : Wrote stack traces to '[tombstoned]'
04-25 18:42:30.049  1008  1014 I chatty  : uid=1000(system) Signal Catcher expire 3 lines
04-25 18:42:30.139  2681  2681 I TelecomFramework: PstnPhoneCapabilitiesNotifier: handleVideoCapabilitesChanged. Video capability - false
04-25 18:42:30.303  1008  2740 I Telecom : PhoneAccountRegistrar: Modify account: [ComponentInfo{com.android.phone/com.android.services.telephony.TelephonyConnectionService}, [****], UserHandle{0}]: TSI.rPA@AAY
04-25 18:42:30.527  2681  2681 I TelecomFramework: PstnIncomingCallNotifier: Unregistering: Handler (com.android.internal.telephony.GsmCdmaPhone) {a343c51}
04-25 18:42:30.556  1008  2740 I Telecom : PhoneAccountRegistrar: Modify account: [ComponentInfo{com.android.phone/com.android.services.telephony.TelephonyConnectionService}, [****], UserHandle{0}]: TSI.rPA@AAc
04-25 18:42:30.572  2681  2681 I TelecomFramework: AccountEntry: Registered phoneAccount: [[ ] PhoneAccount: ComponentInfo{com.android.phone/com.android.services.telephony.TelephonyConnectionService}, [****], UserHandle{0} Capabilities: SuppVideo CallProvider EmergOnly MultiUser PlaceEmerg SimSub  Audio Routes: BESW Schemes: tel voicemail  Extras: Bundle[{android.telecom.extra.SUPPORTS_VIDEO_CALLING_FALLBACK=false}] GroupId: [****]] with handle: ComponentInfo{com.android.phone/com.android.services.telephony.TelephonyConnectionService}, [****], UserHandle{0}
04-25 18:42:30.585  2681  2681 I TelecomFramework: PstnIncomingCallNotifier: Registering: Handler (com.android.internal.telephony.GsmCdmaPhone) {a343c51}
04-25 18:42:30.828  2681  2688 I chatty  : uid=1001(radio) Jit thread pool expire 13 lines
04-25 18:42:31.420  1459  3195 I SecurityController: could not bind to KeyChainService
04-25 18:42:31.466  2681  2681 I TelecomFramework: PstnPhoneCapabilitiesNotifier: handleVideoCapabilitesChanged. Video capability - false
04-25 18:42:31.990  1008  1251 I Telecom : PhoneAccountRegistrar: Modify account: [ComponentInfo{com.android.phone/com.android.services.telephony.TelephonyConnectionService}, [****], UserHandle{0}]: TSI.rPA@AAo
04-25 18:42:32.308  2681  2681 D MccTable: updateMccMncConfiguration mccmnc='405870' fromServiceState=false
04-25 18:42:32.337  2681  2681 D MccTable: updateMccMncConfiguration defaultMccMnc=
04-25 18:42:32.337  2681  2681 D MccTable: updateMccMncConfiguration: mcc=405, mnc=870
04-25 18:42:32.337  2681  2681 D MccTable: updateMccMncConfiguration updateConfig config={0.0 405mcc870mnc ?localeList ?layoutDir ?swdp ?wdp ?hdp ?density ?lsize ?long ?ldr ?wideColorGamut ?orien ?uimode ?night ?touch ?keyb/?/? ?nav/?}
04-25 18:42:32.372  1008  1251 I ActivityManager: Config changes=3 {1.0 405mcc870mnc [en_US] ldltr sw360dp w360dp h568dp 320dpi nrml port finger -keyb/v/h -nav/h appBounds=Rect(0, 0 - 720, 1184) s.6}
04-25 18:42:32.921  1459  1459 I CameraManagerGlobal: Connecting to camera service
04-25 18:42:33.016   332   937 I CameraService: CameraService::connect call (PID -1 "cameraserver", camera ID 0) for HAL version default and Camera API version 1
04-25 18:42:33.053   332   937 I CameraService: onTorchStatusChangedLocked: Torch status changed for cameraId=0, newStatus=0
04-25 18:42:33.095   353   353 I /system/bin/tombstoned: received crash request for pid 1008
04-25 18:42:33.095   353   353 I /system/bin/tombstoned: found intercept fd 512 for pid 1008 and type kDebuggerdJavaBacktrace
04-25 18:42:33.118   353   353 I /system/bin/tombstoned: registered intercept for pid 2681 and type kDebuggerdJavaBacktrace
04-25 18:42:33.127  2681  2689 I chatty  : uid=1001(radio) Signal Catcher expire 3 lines
04-25 18:42:33.162   340   426 D NuPlayerDriver: NuPlayerDriver(0xa4d8b380) created, clientPid(332)
04-25 18:42:33.362   340  3201 D NuPlayerDriver: notifyListener_l(0xa4d8b380), (1, 0, 0, -1), loop setting(0, 0)
04-25 18:42:33.364   340   426 D NuPlayerDriver: NuPlayerDriver(0xa4d8b580) created, clientPid(332)
04-25 18:42:33.388   340  3203 D NuPlayerDriver: notifyListener_l(0xa4d8b580), (1, 0, 0, -1), loop setting(0, 0)
04-25 18:42:33.389   340   426 D NuPlayerDriver: NuPlayerDriver(0xa4d8b800) created, clientPid(332)
04-25 18:42:33.418   340  3205 D NuPlayerDriver: notifyListener_l(0xa4d8b800), (1, 0, 0, -1), loop setting(0, 0)
04-25 18:42:33.456   332   937 I CameraHardwareInterface: Opening camera 0
04-25 18:42:33.535   332   937 I CamDev@1.0-impl: Opening camera 0
04-25 18:42:33.623   332   937 I QCamera2HWI: getLogLevel gCamHalLogLevel=0
04-25 18:42:33.651   332   937 D vndksupport: Loading /vendor/lib/hw/power.msm8916.so from current namespace instead of sphal namespace.
04-25 18:42:33.665   332   937 E mm-camera-intf: mm_camera_open: dev name = /dev/video1, cam_idx = 1
04-25 18:42:33.669   347   347 I mm-qcamera-daem: type=1400 audit(0.0:380): avc: denied { ioctl } for path="/dev/video0" dev="tmpfs" ino=9230 ioctlcmd=5659 scontext=u:r:init:s0 tcontext=u:object_r:video_device:s0 tclass=chr_file permissive=1
04-25 18:42:33.708   347  3210 D mm-camera: mct_pipeline_start_session_thread thread_id is 3210
04-25 18:42:33.708   347  3211 D mm-camera: mct_pipeline_start_session_thread thread_id is 3211
04-25 18:42:33.708   347  3212 D mm-camera: mct_pipeline_start_session_thread thread_id is 3212
04-25 18:42:33.709   347  3213 D mm-camera: mct_pipeline_start_session_thread thread_id is 3213
04-25 18:42:33.706  3212  3212 W mct_pipe_start: type=1400 audit(0.0:381): avc: granted { read } for name="ion" dev="tmpfs" ino=8532 scontext=u:r:init:s0 tcontext=u:object_r:ion_device:s0 tclass=chr_file
04-25 18:42:33.706  3212  3212 W mct_pipe_start: type=1400 audit(0.0:382): avc: granted { read open } for path="/dev/ion" dev="tmpfs" ino=8532 scontext=u:r:init:s0 tcontext=u:object_r:ion_device:s0 tclass=chr_file
04-25 18:42:33.711   347  3214 D mm-camera: mct_pipeline_start_session_thread thread_id is 3214
04-25 18:42:33.712   347  3215 D mm-camera: mct_pipeline_start_session_thread thread_id is 3215
04-25 18:42:33.709  3210  3210 I mct_pipe_start: type=1400 audit(0.0:383): avc: denied { write } for name="v4l-subdev13" dev="tmpfs" ino=16387 scontext=u:r:init:s0 tcontext=u:object_r:video_device:s0 tclass=chr_file permissive=1
04-25 18:42:33.709  3210  3210 W mct_pipe_start: type=1400 audit(0.0:384): avc: granted { read open } for path="/dev/v4l-subdev13" dev="tmpfs" ino=16387 scontext=u:r:init:s0 tcontext=u:object_r:video_device:s0 tclass=chr_file
04-25 18:42:33.709  3210  3210 W mct_pipe_start: type=1400 audit(0.0:385): avc: granted { read } for name="v4l-subdev4" dev="tmpfs" ino=8481 scontext=u:r:init:s0 tcontext=u:object_r:video_device:s0 tclass=chr_file
04-25 18:42:33.709  3210  3210 W mct_pipe_start: type=1400 audit(0.0:386): avc: granted { read open } for path="/dev/v4l-subdev4" dev="tmpfs" ino=8481 scontext=u:r:init:s0 tcontext=u:object_r:video_device:s0 tclass=chr_file
04-25 18:42:33.716   347  3212 D mm-camera: isp_tintless_open: E: b0bfb751
04-25 18:42:33.722   347  3210 E mm-camera-sensor: eeprom_open:852 Enter
04-25 18:42:33.722   347  3210 E mm-camera-sensor: eeprom_open:866 sd name /dev/v4l-subdev6
04-25 18:42:33.722   347  3210 E mm-camera-sensor: eeprom_open:880 Exit
04-25 18:42:33.719  3210  3210 W mct_pipe_start: type=1400 audit(0.0:387): avc: granted { read } for name="v4l-subdev6" dev="tmpfs" ino=9229 scontext=u:r:init:s0 tcontext=u:object_r:video_device:s0 tclass=chr_file
04-25 18:42:33.719  3210  3210 W mct_pipe_start: type=1400 audit(0.0:388): avc: granted { read open } for path="/dev/v4l-subdev6" dev="tmpfs" ino=9229 scontext=u:r:init:s0 tcontext=u:object_r:video_device:s0 tclass=chr_file
04-25 18:42:33.719  3210  3210 W mct_pipe_start: type=1400 audit(0.0:389): avc: granted { read } for name="v4l-subdev5" dev="tmpfs" ino=8464 scontext=u:r:init:s0 tcontext=u:object_r:video_device:s0 tclass=chr_file
04-25 18:42:33.719  3210  3210 W mct_pipe_start: type=1400 audit(0.0:390): avc: granted { read open } for path="/dev/v4l-subdev5" dev="tmpfs" ino=8464 scontext=u:r:init:s0 tcontext=u:object_r:video_device:s0 tclass=chr_file
04-25 18:42:33.719  3210  3210 W mct_pipe_start: type=1400 audit(0.0:391): avc: granted { read } for name="v4l-subdev2" dev="tmpfs" ino=9228 scontext=u:r:init:s0 tcontext=u:object_r:video_device:s0 tclass=chr_file
04-25 18:42:33.719  3210  3210 W mct_pipe_start: type=1400 audit(0.0:392): avc: granted { read open } for path="/dev/v4l-subdev2" dev="tmpfs" ino=9228 scontext=u:r:init:s0 tcontext=u:object_r:video_device:s0 tclass=chr_file
04-25 18:42:33.719  3210  3210 W mct_pipe_start: type=1400 audit(0.0:393): avc: granted { read } for name="v4l-subdev0" dev="tmpfs" ino=8480 scontext=u:r:init:s0 tcontext=u:object_r:video_device:s0 tclass=chr_file
04-25 18:42:33.719  3210  3210 W mct_pipe_start: type=1400 audit(0.0:394): avc: granted { read open } for path="/dev/v4l-subdev0" dev="tmpfs" ino=8480 scontext=u:r:init:s0 tcontext=u:object_r:video_device:s0 tclass=chr_file
04-25 18:42:33.728   347  3214 D mm-camera: cpp_module_start_session:429, info: starting session 1
04-25 18:42:33.728   347  3215 E mm-camera-img: module_imglib_start_session:1446 ###Img_Loglevel 0
