04-25 18:43:17.759  1008  3973 V KeyValueBackupJob: Scheduling k/v pass in 240 minutes
04-25 18:43:17.777  1008  2876 I ActivityManager: Start proc 4105:com.android.dialer/u0a17 for broadcast com.android.dialer/.app.voicemail.LegacyVoicemailNotificationReceiver
04-25 18:43:17.785  2681  2681 I TelecomFramework: PstnPhoneCapabilitiesNotifier: handleVideoCapabilitesChanged. Video capability - false
04-25 18:43:17.814  1008  2876 I Telecom : PhoneAccountRegistrar: Modify account: [ComponentInfo{com.android.phone/com.android.services.telephony.TelephonyConnectionService}, [****], UserHandle{0}]: TSI.rPA@AHE
04-25 18:43:17.831  3333  3344 I zygote  : Do partial code cache collection, code=124KB, data=86KB
04-25 18:43:17.836  3333  3344 I zygote  : After code cache collection, code=124KB, data=86KB
04-25 18:43:17.836  3333  3344 I zygote  : Increasing code cache capacity to 512KB
04-25 18:43:17.877  4046  4046 I chatty  : uid=1001(radio) org.codeaurora.ims expire 8 lines
04-25 18:43:17.907  1008  1114 I ActivityManager: Start proc 4158:com.android.keychain/1000 for service com.android.keychain/.KeyChainService
04-25 18:43:17.946  1008  2876 I ActivityManager: Start proc 4165:android.process.media/u0a13 for broadcast com.android.providers.downloads/.DownloadReceiver
04-25 18:43:18.024   350   386 D QC-time-services: Daemon: Connection accepted:time_genoff
04-25 18:43:18.024  4207  4207 W time_daemon: type=1400 audit(0.0:453): avc: granted { read } for name="rtc0" dev="tmpfs" ino=8512 scontext=u:r:init:s0 tcontext=u:object_r:rtc_device:s0 tclass=chr_file
04-25 18:43:18.027   350  4207 D QC-time-services: Daemon:Received base = 13, unit = 1, operation = 0,value = 1524661998825
04-25 18:43:18.027   350  4207 D QC-time-services: Daemon:genoff_opr: Base = 13, val = 1524661998825, operation = 0
04-25 18:43:18.028   350  4207 D QC-time-services: Daemon:rtc_get: Time read from RTC -- MM/DD/YY HH:MM:SS0/4/70 16:16:58
04-25 18:43:18.028   350  4207 D QC-time-services: Daemon:Value read from RTC seconds = 317818000
04-25 18:43:18.028   350  4207 D QC-time-services: Daemon:new time 1524661998825 
04-25 18:43:18.028   350  4207 D QC-time-services: Daemon: delta 1524344180825 genoff 1524344180825 
04-25 18:43:18.028   350  4207 D QC-time-services: Daemon:genoff_persistent_update: Writing genoff = 1524344180825 to memory
04-25 18:43:18.028   350  4207 D QC-time-services: Daemon:Opening File: /data/time/ats_13
04-25 18:43:18.028   350  4207 D QC-time-services: Daemon:time_persistent_memory_opr:Genoff write operation 
04-25 18:43:18.029  3333  3333 I zygote  : Deoptimizing void com.android.systemui.statusbar.stack.ViewState.applyToView(android.view.View) due to JIT inline cache
04-25 18:43:18.032  3333  3333 I zygote  : Deoptimizing void com.android.systemui.statusbar.stack.NotificationStackScrollLayout.updateViewShadows() due to JIT inline cache
04-25 18:43:18.024  4207  4207 W time_daemon: type=1400 audit(0.0:454): avc: granted { read open } for path="/dev/rtc0" dev="tmpfs" ino=8512 scontext=u:r:init:s0 tcontext=u:object_r:rtc_device:s0 tclass=chr_file
04-25 18:43:18.024  4207  4207 I time_daemon: type=1400 audit(0.0:455): avc: denied { ioctl } for path="/dev/rtc0" dev="tmpfs" ino=8512 ioctlcmd=7009 scontext=u:r:init:s0 tcontext=u:object_r:rtc_device:s0 tclass=chr_file permissive=1
04-25 18:43:18.052   350   386 E QC-time-services: Daemon: Time-services: Waiting to acceptconnection
04-25 18:43:18.124  2681  2681 I TelecomFramework: PstnIncomingCallNotifier: Unregistering: Handler (com.android.internal.telephony.GsmCdmaPhone) {a343c51}
04-25 18:43:18.159  1008  1251 I Telecom : PhoneAccountRegistrar: Modify account: [ComponentInfo{com.android.phone/com.android.services.telephony.TelephonyConnectionService}, [****], UserHandle{0}(lbl: CARD 1 -> Jio 4G)]: TSI.rPA@AHQ
04-25 18:43:18.164  2681  2681 I TelecomFramework: AccountEntry: Registered phoneAccount: [[ ] PhoneAccount: ComponentInfo{com.android.phone/com.android.services.telephony.TelephonyConnectionService}, [****], UserHandle{0} Capabilities: SuppVideo CallProvider MultiUser PlaceEmerg SimSub  Audio Routes: BESW Schemes: tel voicemail  Extras: Bundle[{android.telecom.extra.SUPPORTS_VIDEO_CALLING_FALLBACK=false, android.telecom.extra.SORT_ORDER=0}] GroupId: [****]] with handle: ComponentInfo{com.android.phone/com.android.services.telephony.TelephonyConnectionService}, [****], UserHandle{0}
04-25 18:43:18.164  2681  2681 I TelecomFramework: PstnIncomingCallNotifier: Registering: Handler (com.android.internal.telephony.GsmCdmaPhone) {a343c51}
04-25 18:43:18.170  4105  4105 I chatty  : uid=10017(com.android.dialer) expire 49 lines
04-25 18:43:18.190  2681  2681 I TelecomFramework: PstnPhoneCapabilitiesNotifier: handleVideoCapabilitesChanged. Video capability - false
04-25 18:43:18.212  1008  1008 I Telecom : PhoneAccountRegistrar: SimCallManager queried, returning: null: TSI.gSCMFU@AHk
04-25 18:43:18.220  1008  1114 I SyncManager: Loaded persisted syncs: 0 periodic syncs, 0 oneshot syncs, 6 total system server jobs, JobStats: FirstLoad: 0/0/0 LastSave: -1/-1/-1
04-25 18:43:18.221  1008  1251 I Telecom : PhoneAccountRegistrar: Modify account: [ComponentInfo{com.android.phone/com.android.services.telephony.TelephonyConnectionService}, [****], UserHandle{0}]: TSI.rPA@AHo
04-25 18:43:18.434  2298  2298 I sdcard  : type=1400 audit(0.0:456): avc: denied { getattr } for path="/mnt/media_rw/0000-9DF7" dev="mmcblk1p1" ino=1 scontext=u:r:sdcardd:s0 tcontext=u:object_r:unlabeled:s0 tclass=dir permissive=1
04-25 18:43:18.439  4165  4165 D MediaScannerReceiver: action: android.intent.action.MEDIA_MOUNTED path: /storage/0000-9DF7
04-25 18:43:18.578  4165  4165 D MediaScannerReceiver: action: android.intent.action.MEDIA_MOUNTED path: /storage/emulated/0
04-25 18:43:18.872  1008  4281 I chatty  : uid=1000 system_server expire 6 lines
04-25 18:43:18.906  1008  4281 I BootReceiver: Copying /sys/fs/pstore/console-ramoops-0 to DropBox (SYSTEM_LAST_KMSG)
04-25 18:43:18.906  3962  3962 I libmdmdetect: ESOC framework not supported
04-25 18:43:18.907  3962  3962 I libmdmdetect: Found internal modem: modem
04-25 18:43:18.912  1008  3327 I ActivityManager: Start proc 4283:android.process.acore/u0a5 for content provider com.android.providers.contacts/.CallLogProvider
04-25 18:43:18.951  3962  3962 I netmgrd : type=1400 audit(0.0:457): avc: denied { ioctl } for path="socket:[38831]" dev="sockfs" ino=38831 ioctlcmd=89f2 scontext=u:r:init:s0 tcontext=u:r:init:s0 tclass=udp_socket permissive=1
04-25 18:43:18.953  1008  4281 I BootReceiver: Copying audit failures to DropBox
04-25 18:43:18.951  3962  3962 I netmgrd : type=1400 audit(0.0:458): avc: denied { ioctl } for path="socket:[38832]" dev="sockfs" ino=38832 ioctlcmd=89fd scontext=u:r:init:s0 tcontext=u:r:init:s0 tclass=udp_socket permissive=1
04-25 18:43:18.951  3962  3962 I netmgrd : type=1400 audit(0.0:459): avc: denied { ioctl } for path="socket:[38833]" dev="sockfs" ino=38833 ioctlcmd=89f8 scontext=u:r:init:s0 tcontext=u:r:init:s0 tclass=udp_socket permissive=1
04-25 18:43:18.951  4298  4298 I netmgrd : type=1400 audit(0.0:460): avc: denied { execute_no_trans } for path="/system/bin/sh" dev="mmcblk0p24" ino=401 scontext=u:r:init:s0 tcontext=u:object_r:shell_exec:s0 tclass=file permissive=1
04-25 18:43:18.963  1008  4281 I BootReceiver: Copied 8628 worth of audits to DropBox
04-25 18:43:18.975  1008  4281 I BootReceiver: Checking for fsck errors
04-25 18:43:18.976  1008  4281 I BootReceiver: fs_stat, partition:system stat:0x1
04-25 18:43:18.977  1008  4281 I BootReceiver: fs_stat, partition:userdata stat:0x3
04-25 18:43:18.977  1008  4281 I BootReceiver: fs_stat, partition:cache stat:0x1
04-25 18:43:18.977  1008  4281 I BootReceiver: fs_stat, partition:persist stat:0x3
04-25 18:43:18.981  1008  4281 I BootReceiver: Copying /data/tombstones/tombstone_01 to DropBox (SYSTEM_TOMBSTONE)
04-25 18:43:18.996  1008  1114 I chatty  : uid=1000(system) android.bg expire 10 lines
04-25 18:43:19.017  4299  4299 I ifconfig: type=1400 audit(0.0:461): avc: denied { write } for path="pipe:[34798]" dev="pipefs" ino=34798 scontext=u:r:toolbox:s0 tcontext=u:r:init:s0 tclass=fifo_file permissive=1
04-25 18:43:19.017  4299  4299 I ifconfig: type=1400 audit(0.0:462): avc: denied { read write } for path="/dev/diag" dev="tmpfs" ino=8553 scontext=u:r:toolbox:s0 tcontext=u:object_r:diag_device:s0 tclass=chr_file permissive=1
04-25 18:43:19.057  4299  4299 I ifconfig: type=1400 audit(0.0:463): avc: denied { create } for scontext=u:r:toolbox:s0 tcontext=u:r:toolbox:s0 tclass=udp_socket permissive=1
04-25 18:43:19.057  4299  4299 I ifconfig: type=1400 audit(0.0:464): avc: denied { ioctl } for path="socket:[34808]" dev="sockfs" ino=34808 ioctlcmd=8913 scontext=u:r:toolbox:s0 tcontext=u:r:toolbox:s0 tclass=udp_socket permissive=1
04-25 18:43:19.057  4299  4299 I ifconfig: type=1400 audit(0.0:465): avc: denied { ioctl } for path="socket:[34808]" dev="sockfs" ino=34808 ioctlcmd=8914 scontext=u:r:toolbox:s0 tcontext=u:r:toolbox:s0 tclass=udp_socket permissive=1
04-25 18:43:19.057  4299  4299 I ifconfig: type=1400 audit(0.0:466): avc: denied { net_admin } for capability=12 scontext=u:r:toolbox:s0 tcontext=u:r:toolbox:s0 tclass=capability permissive=1
04-25 18:43:19.084  3962  3962 I netmgrd : type=1400 audit(0.0:467): avc: denied { create } for scontext=u:r:init:s0 tcontext=u:r:init:s0 tclass=netlink_socket permissive=1
04-25 18:43:19.087  3962  3962 I netmgrd : type=1400 audit(0.0:468): avc: denied { bind } for scontext=u:r:init:s0 tcontext=u:r:init:s0 tclass=netlink_socket permissive=1
04-25 18:43:19.087  3962  3962 I netmgrd : type=1400 audit(0.0:469): avc: denied { write } for scontext=u:r:init:s0 tcontext=u:r:init:s0 tclass=netlink_socket permissive=1
04-25 18:43:19.087  3962  3962 I netmgrd : type=1400 audit(0.0:470): avc: denied { read } for scontext=u:r:init:s0 tcontext=u:r:init:s0 tclass=netlink_socket permissive=1
04-25 18:43:19.117  3962  3962 I libmdmdetect: ESOC framework not supported
04-25 18:43:19.117  3962  3962 I libmdmdetect: Found internal modem: modem
04-25 18:43:19.124  4283  4283 I ContactsPerf: VoicemailContentProvider.onCreate start
04-25 18:43:19.133  4283  4283 I ContactsPerf: VoicemailContentProvider.onCreate finish
04-25 18:43:19.147  4307  4307 I rm      : type=1400 audit(0.0:471): avc: denied { read write } for path="/dev/diag" dev="tmpfs" ino=8553 scontext=u:r:toolbox:s0 tcontext=u:object_r:diag_device:s0 tclass=chr_file permissive=1
04-25 18:43:19.197  4283  4303 D ContactsDatabaseHelper: WAL enabled for contacts2.db: true
04-25 18:43:19.211  3962  3962 I netmgrd : type=1400 audit(0.0:472): avc: denied { ioctl } for path="socket:[39969]" dev="sockfs" ino=39969 ioctlcmd=89f3 scontext=u:r:init:s0 tcontext=u:r:init:s0 tclass=udp_socket permissive=1
04-25 18:43:19.219  1008  1008 I Telecom : DefaultDialerCache: Refreshing default dialer for user 0: now com.android.dialer: DDC.oR@AII
04-25 18:43:19.250  1008  2876 I ActivityManager: Start proc 4312:com.android.carrierconfig/u0a7 for service com.android.carrierconfig/.DefaultCarrierConfigService
04-25 18:43:19.282  2681  4323 I chatty  : uid=1001(radio) com.android.phone expire 1 line
04-25 18:43:19.286  1008  2876 I ActivityManager: Start proc 4325:code.name.monkey.retromusic/u0a68 for broadcast code.name.monkey.retromusic/.appwidgets.BootReceiver
04-25 18:43:19.352  4283  4303 I ContactLocale: AddressBook Labels [[en_US]]: [, A, B, C, D, E, F, G, H, I, J, K, L, M, N, O, P, Q, R, S, T, U, V, W, X, Y, Z, , , , , , , , , , , , , , , , , , , , , , , , , , , , , , , , , , , , , , , , , , , , , , , , , , , , , , , , , , , , , , , , , , , , , , , , , , , , , , , , , , , , , , , , , , , , , , , , , , , , , , , , , , , , , , , , , , , , , , , , , , , , , , , , , , , , , , , , , , , , , , , , , , , , , , , , , , , , , , , , , , , , , , , , , , , , , , , , , , , , , , , , , , , #, ]
04-25 18:43:19.368  4312  4312 D DefaultCarrierConfigService: Service created
04-25 18:43:19.375  4312  4332 D DefaultCarrierConfigService: Config being fetched
04-25 18:43:19.380  4312  4332 D DefaultCarrierConfigService: java.io.FileNotFoundException: carrier_config_.xml
04-25 18:43:19.410  4283  4303 D ContactsDatabaseHelper: WAL enabled for profile.db: false
04-25 18:43:19.423  1008  1008 I Telecom : PhoneAccountRegistrar: SimCallManager queried, returning: null: TSI.gSCMFU@AIU
04-25 18:43:19.455  4325  4325 I MultiDex: VM with version 2.1.0 has multidex support
04-25 18:43:19.455  4325  4325 I MultiDex: Installing application
04-25 18:43:19.455  4325  4325 I MultiDex: VM has multidex support, MultiDex support library is disabled.
04-25 18:43:19.509  4325  4325 D FirebaseApp: com.google.firebase.auth.FirebaseAuth is not linked. Skipping initialization.
04-25 18:43:19.522  4325  4325 E FirebaseApp: Firebase API initialization failure.
04-25 18:43:19.522  4325  4325 E FirebaseApp: java.lang.reflect.InvocationTargetException
04-25 18:43:19.522  4325  4325 E FirebaseApp: 	at java.lang.reflect.Method.invoke(Native Method)
04-25 18:43:19.522  4325  4325 E FirebaseApp: 	at com.google.firebase.FirebaseApp.zza(Unknown Source:49)
04-25 18:43:19.522  4325  4325 E FirebaseApp: 	at com.google.firebase.FirebaseApp.initializeApp(Unknown Source:88)
04-25 18:43:19.522  4325  4325 E FirebaseApp: 	at com.google.firebase.FirebaseApp.initializeApp(Unknown Source:2)
04-25 18:43:19.522  4325  4325 E FirebaseApp: 	at com.google.firebase.FirebaseApp.zzbu(Unknown Source:8)
04-25 18:43:19.522  4325  4325 E FirebaseApp: 	at com.google.firebase.provider.FirebaseInitProvider.onCreate(Unknown Source:4)
04-25 18:43:19.522  4325  4325 E FirebaseApp: 	at android.content.ContentProvider.attachInfo(ContentProvider.java:1917)
04-25 18:43:19.522  4325  4325 E FirebaseApp: 	at android.content.ContentProvider.attachInfo(ContentProvider.java:1892)
04-25 18:43:19.522  4325  4325 E FirebaseApp: 	at com.google.firebase.provider.FirebaseInitProvider.attachInfo(Unknown Source:3)
04-25 18:43:19.522  4325  4325 E FirebaseApp: 	at android.app.ActivityThread.installProvider(ActivityThread.java:6265)
04-25 18:43:19.522  4325  4325 E FirebaseApp: 	at android.app.ActivityThread.installContentProviders(ActivityThread.java:5831)
04-25 18:43:19.522  4325  4325 E FirebaseApp: 	at android.app.ActivityThread.handleBindApplication(ActivityThread.java:5748)
04-25 18:43:19.522  4325  4325 E FirebaseApp: 	at android.app.ActivityThread.-wrap1(Unknown Source:0)
04-25 18:43:19.522  4325  4325 E FirebaseApp: 	at android.app.ActivityThread$H.handleMessage(ActivityThread.java:1672)
04-25 18:43:19.522  4325  4325 E FirebaseApp: 	at android.os.Handler.dispatchMessage(Handler.java:106)
04-25 18:43:19.522  4325  4325 E FirebaseApp: 	at android.os.Looper.loop(Looper.java:164)
04-25 18:43:19.522  4325  4325 E FirebaseApp: 	at android.app.ActivityThread.main(ActivityThread.java:6520)
04-25 18:43:19.522  4325  4325 E FirebaseApp: 	at java.lang.reflect.Method.invoke(Native Method)
04-25 18:43:19.522  4325  4325 E FirebaseApp: 	at com.android.internal.os.RuntimeInit$MethodAndArgsCaller.run(RuntimeInit.java:440)
04-25 18:43:19.522  4325  4325 E FirebaseApp: 	at com.android.internal.os.ZygoteInit.main(ZygoteInit.java:807)
04-25 18:43:19.522  4325  4325 E FirebaseApp: Caused by: java.lang.IllegalAccessError: Method 'void android.support.v4.content.ContextCompat.<init>()' is inaccessible to class 'com.google.firebase.iid.zzg' (declaration of 'com.google.firebase.iid.zzg' appears in /system/app/Retro/Retro.apk)
04-25 18:43:19.522  4325  4325 E FirebaseApp: 	at com.google.firebase.iid.zzg.zzeC(Unknown Source:2)
04-25 18:43:19.522  4325  4325 E FirebaseApp: 	at com.google.firebase.iid.zzg.<init>(Unknown Source:32)
04-25 18:43:19.522  4325  4325 E FirebaseApp: 	at com.google.firebase.iid.zzg.<init>(Unknown Source:2)
04-25 18:43:19.522  4325  4325 E FirebaseApp: 	at com.google.firebase.iid.zzd.zzb(Unknown Source:22)
04-25 18:43:19.522  4325  4325 E FirebaseApp: 	at com.google.firebase.iid.FirebaseInstanceId.getInstance(Unknown Source:26)
04-25 18:43:19.522  4325  4325 E FirebaseApp: 	... 20 more
04-25 18:43:19.530  4325  4325 D FirebaseApp: com.google.firebase.crash.FirebaseCrash is not linked. Skipping initialization.
04-25 18:43:19.550  4325  4325 I FA      : App measurement is starting up, version: 9080
04-25 18:43:19.550  4325  4325 I FA      : To enable debug logging run: adb shell setprop log.tag.FA VERBOSE
04-25 18:43:19.564  4283  4303 I ContactDirectoryManager: deleted 0 stale rows which don't have any relevant directory
04-25 18:43:19.570  4283  4303 I ContactDirectoryManager: Discovered 0 contact directories in 23ms
04-25 18:43:19.592  4325  4325 D FirebaseApp: Initialized class com.google.android.gms.measurement.AppMeasurement.
04-25 18:43:19.592  4325  4325 I FirebaseInitProvider: FirebaseApp initialization successful
04-25 18:43:19.706  1008  2876 I ActivityManager: Start proc 4457:com.android.calendar/u0a39 for broadcast com.android.calendar/.alerts.AlertReceiver
04-25 18:43:19.714  4462  4462 I netmgrd : type=1400 audit(0.0:473): avc: denied { execute_no_trans } for path="/system/bin/sh" dev="mmcblk0p24" ino=401 scontext=u:r:init:s0 tcontext=u:object_r:shell_exec:s0 tclass=file permissive=1
04-25 18:43:19.729  4325  4455 E FA      : Task exception on worker thread: java.lang.IllegalAccessError: Method 'void android.support.v4.content.ContextCompat.<init>()' is inaccessible to class 'com.google.firebase.iid.zzg' (declaration of 'com.google.firebase.iid.zzg' appears in /system/app/Retro/Retro.apk): com.google.android.gms.measurement.internal.zzt.zzEd(Unknown Source:3)
04-25 18:43:19.947  4457  4457 D ExtensionsFactory: No custom extensions.
04-25 18:43:19.944  4477  4477 I ip      : type=1400 audit(0.0:474): avc: denied { create } for scontext=u:r:init:s0 tcontext=u:r:init:s0 tclass=netlink_route_socket permissive=1
04-25 18:43:19.944  4477  4477 I ip      : type=1400 audit(0.0:475): avc: denied { setopt } for scontext=u:r:init:s0 tcontext=u:r:init:s0 tclass=netlink_route_socket permissive=1
04-25 18:43:19.944  4477  4477 I ip      : type=1400 audit(0.0:476): avc: denied { bind } for scontext=u:r:init:s0 tcontext=u:r:init:s0 tclass=netlink_route_socket permissive=1
04-25 18:43:19.944  4477  4477 I ip      : type=1400 audit(0.0:477): avc: denied { getattr } for scontext=u:r:init:s0 tcontext=u:r:init:s0 tclass=netlink_route_socket permissive=1
04-25 18:43:19.944  4477  4477 I ip      : type=1400 audit(0.0:478): avc: denied { create } for scontext=u:r:init:s0 tcontext=u:r:init:s0 tclass=netlink_xfrm_socket permissive=1
04-25 18:43:19.944  4477  4477 I ip      : type=1400 audit(0.0:479): avc: denied { setopt } for scontext=u:r:init:s0 tcontext=u:r:init:s0 tclass=netlink_xfrm_socket permissive=1
04-25 18:43:19.944  4477  4477 I ip      : type=1400 audit(0.0:480): avc: denied { bind } for scontext=u:r:init:s0 tcontext=u:r:init:s0 tclass=netlink_xfrm_socket permissive=1
04-25 18:43:19.944  4477  4477 I ip      : type=1400 audit(0.0:481): avc: denied { getattr } for scontext=u:r:init:s0 tcontext=u:r:init:s0 tclass=netlink_xfrm_socket permissive=1
04-25 18:43:19.944  4477  4477 I ip      : type=1400 audit(0.0:482): avc: denied { write } for scontext=u:r:init:s0 tcontext=u:r:init:s0 tclass=netlink_xfrm_socket permissive=1
04-25 18:43:19.944  4477  4477 I ip      : type=1400 audit(0.0:483): avc: denied { nlmsg_write } for scontext=u:r:init:s0 tcontext=u:r:init:s0 tclass=netlink_xfrm_socket permissive=1
04-25 18:43:19.944  4477  4477 I ip      : type=1400 audit(0.0:484): avc: denied { read } for scontext=u:r:init:s0 tcontext=u:r:init:s0 tclass=netlink_xfrm_socket permissive=1
04-25 18:43:19.952  4457  4457 D AlertReceiver: onReceive: a=android.intent.action.BOOT_COMPLETED Intent { act=android.intent.action.BOOT_COMPLETED flg=0x9000010 cmp=com.android.calendar/.alerts.AlertReceiver (has extras) }
04-25 18:43:19.991  4457  4485 D AlertService: 0 Action = android.intent.action.BOOT_COMPLETED
04-25 18:43:19.999  1008  3327 I ActivityManager: Start proc 4487:com.android.cellbroadcastreceiver/u0a10 for broadcast com.android.cellbroadcastreceiver/.CellBroadcastReceiver
04-25 18:43:20.011  4457  4485 D AlertService: Scheduling next alarm with AlarmScheduler. sEventReminderReceived: null
04-25 18:43:20.027   324   379 I ThermalEngine: TM Id 'LCD__MONITOR' Sensor 'pop_mem' - alarm raised 2 at 62.0 degC
04-25 18:43:20.028   324   379 I ThermalEngine: Mitigation:LCD:180
04-25 18:43:20.036   324   379 I ThermalEngine: Mitigation:LCD:255
04-25 18:43:20.063  3333  3333 I zygote  : Deoptimizing void com.android.systemui.statusbar.stack.NotificationStackScrollLayout.updateBackgroundBounds() due to JIT inline cache
04-25 18:43:20.086  1008  2876 I ActivityManager: Start proc 4502:com.android.providers.calendar/u0a6 for content provider com.android.providers.calendar/.CalendarProvider2
04-25 18:43:20.351  4487  4487 D CellBroadcastReceiver: onReceive Intent { act=android.intent.action.BOOT_COMPLETED flg=0x9000010 cmp=com.android.cellbroadcastreceiver/.CellBroadcastReceiver (has extras) }
04-25 18:43:20.359  4487  4487 D CellBroadcastReceiver: Start Cell Broadcast configuration.
04-25 18:43:20.380  4487  4487 D CellBroadcastReceiver: Default interval 0 did not change.
04-25 18:43:20.409  4487  4528 D CellBroadcastConfigService: Disable CellBroadcast on sub 2
04-25 18:43:20.430  1008  3327 I ActivityManager: Start proc 4530:com.android.contacts/u0a11 for broadcast com.android.contacts/.interactions.OnBootOrUpgradeReceiver
04-25 18:43:20.430  2681  2872 I chatty  : uid=1001(radio) Binder:2681_3 expire 20 lines
04-25 18:43:20.447  4502  4502 I CalendarProvider2: Created com.android.providers.calendar.CalendarAlarmManager@b7b43f8(com.android.providers.calendar.CalendarProvider2@c01b0d1)
04-25 18:43:20.598  4457  4485 D AlarmScheduler: No events found starting within 1 week.
04-25 18:43:20.694  1008  3326 I chatty  : uid=1000(system) Binder:1008_C expire 5 lines
04-25 18:43:20.716  3967  3967 I AlarmClock: AlarmInitReceiver android.intent.action.BOOT_COMPLETED
04-25 18:43:20.763  3967  4008 I AlarmClock: Fixing alarm instances
04-25 18:43:20.802   314   314 I chatty  : uid=1000(system) /system/bin/vm_bms expire 21 lines
04-25 18:43:20.886  1008  3326 I ActivityManager: Start proc 4558:com.android.email/u0a52 for broadcast com.android.email/.service.EmailBroadcastReceiver
04-25 18:43:20.911  4563  4563 I netmgrd : type=1400 audit(0.0:486): avc: denied { execute_no_trans } for path="/system/bin/sh" dev="mmcblk0p24" ino=401 scontext=u:r:init:s0 tcontext=u:object_r:shell_exec:s0 tclass=file permissive=1
04-25 18:43:21.024   233   233 W /system/bin/hwservicemanager: getTransport: Cannot find entry android.hardware.radio.deprecated@1.0::IOemHook/slot1 in either framework or device manifest.
04-25 18:43:21.121   396   396 I chatty  : uid=1000(system) /system/bin/imsdatadaemon expire 151 lines
04-25 18:43:21.332  1008  3327 W ActivityManager: Unable to start service Intent { act=com.android.email.EXCHANGE_INTENT pkg=com.android.exchange } U=0: not found
04-25 18:43:21.327  4640  4640 I ndc     : type=1400 audit(0.0:490): avc: denied { write } for name="netd" dev="tmpfs" ino=9472 scontext=u:r:init:s0 tcontext=u:object_r:netd_socket:s0 tclass=sock_file permissive=1
04-25 18:43:21.327  4640  4640 I ndc     : type=1400 audit(0.0:491): avc: denied { connectto } for path="/dev/socket/netd" scontext=u:r:init:s0 tcontext=u:r:netd:s0 tclass=unix_stream_socket permissive=1
04-25 18:43:21.367   312   312 I rmt_storage: rmt_storage_connect_cb: clnt_h=0xa conn_h=0xa810c120
04-25 18:43:21.367   312   312 I rmt_storage: rmt_storage_rw_iovec_cb: /boot/modem_fs1: clnt_h=0x6: req_h=0x12 msg_id=3: R/W request received
04-25 18:43:21.367   312   312 I rmt_storage: wakelock acquired: 1, error no: 42
04-25 18:43:21.368   312   327 I rmt_storage: rmt_storage_client_thread: /boot/modem_fs1: clnt_h=0x6 Unblock worker thread (th_id: -1476507280)
04-25 18:43:21.422  3333  3333 D StatusBar: disable<e i a s b H R c s q >
04-25 18:43:21.528   312   327 I rmt_storage: rmt_storage_client_thread: /boot/modem_fs1: clnt_h=0x6: req_h=0x12 msg_id=3: Bytes written = 917504
04-25 18:43:21.529   312   327 I rmt_storage: rmt_storage_client_thread: /boot/modem_fs1: clnt_h=0x6: req_h=0x12 msg_id=3: Send response: res=0 err=0
04-25 18:43:21.529   312   327 I rmt_storage: rmt_storage_client_thread: /boot/modem_fs1: clnt_h=0x6 About to block rmt_storage client thread (th_id: -1476507280) wakelock released: 1, error no: 0
04-25 18:43:21.529   312   327 I rmt_storage: 
04-25 18:43:21.530   312   312 I rmt_storage: rmt_storage_disconnect_cb: clnt_h=0xa conn_h=0xa810c120
04-25 18:43:21.558  1008  3326 I ActivityManager: Start proc 4701:com.android.inputmethod.latin/u0a56 for broadcast com.android.inputmethod.latin/.SystemBroadcastReceiver
04-25 18:43:21.692  1008  2876 I chatty  : uid=1000(system) Binder:1008_B expire 1 line
04-25 18:43:21.695  3333  3333 D StatusBar: disable<e i a s b H R c s q >
04-25 18:43:21.705  3333  3333 D StatusBar: disable<e i a s b H R c s q >
04-25 18:43:21.717  3333  3333 D StatusBar: disable<e i a s b H R c s q >
04-25 18:43:21.721  1008  3326 W ActivityManager: Unable to start service Intent { act=com.android.email.EXCHANGE_INTENT pkg=com.android.exchange } U=0: not found
04-25 18:43:21.749  1008  2876 W ActivityManager: Unable to start service Intent { cmp=com.android.email/.service.AttachmentService } U=0: not found
04-25 18:43:21.751  1008  2876 W ActivityManager: Unable to start service Intent { act=com.android.email.EXCHANGE_INTENT pkg=com.android.exchange } U=0: not found
04-25 18:43:21.763  1008  3893 W ActivityManager: Unable to start service Intent { act=com.android.email.EXCHANGE_INTENT pkg=com.android.exchange } U=0: not found
04-25 18:43:21.784  4558  4558 E ActivityThread: Service com.android.email.service.EmailBroadcastProcessorService has leaked ServiceConnection com.android.emailcommon.service.ServiceProxy$ProxyConnection@aff7041 that was originally bound here
04-25 18:43:21.784  4558  4558 E ActivityThread: android.app.ServiceConnectionLeaked: Service com.android.email.service.EmailBroadcastProcessorService has leaked ServiceConnection com.android.emailcommon.service.ServiceProxy$ProxyConnection@aff7041 that was originally bound here
04-25 18:43:21.784  4558  4558 E ActivityThread: 	at android.app.LoadedApk$ServiceDispatcher.<init>(LoadedApk.java:1532)
04-25 18:43:21.784  4558  4558 E ActivityThread: 	at android.app.LoadedApk.getServiceDispatcher(LoadedApk.java:1424)
04-25 18:43:21.784  4558  4558 E ActivityThread: 	at android.app.ContextImpl.bindServiceCommon(ContextImpl.java:1614)
04-25 18:43:21.784  4558  4558 E ActivityThread: 	at android.app.ContextImpl.bindService(ContextImpl.java:1566)
04-25 18:43:21.784  4558  4558 E ActivityThread: 	at android.content.ContextWrapper.bindService(ContextWrapper.java:684)
04-25 18:43:21.784  4558  4558 E ActivityThread: 	at com.android.emailcommon.service.ServiceProxy.setTask(ServiceProxy.java:181)
04-25 18:43:21.784  4558  4558 E ActivityThread: 	at com.android.emailcommon.service.ServiceProxy.test(ServiceProxy.java:224)
04-25 18:43:21.784  4558  4558 E ActivityThread: 	at com.android.email.service.EmailServiceUtils.isServiceAvailable(EmailServiceUtils.java:160)
04-25 18:43:21.784  4558  4558 E ActivityThread: 	at com.android.email.provider.AccountReconciler.reconcileAccountsInternal(AccountReconciler.java:171)
04-25 18:43:21.784  4558  4558 E ActivityThread: 	at com.android.email.provider.AccountReconciler.reconcileAccounts(AccountReconciler.java:115)
04-25 18:43:21.784  4558  4558 E ActivityThread: 	at com.android.email.service.EmailBroadcastProcessorService.reconcileAndStartServices(EmailBroadcastProcessorService.java:305)
04-25 18:43:21.784  4558  4558 E ActivityThread: 	at com.android.email.service.EmailBroadcastProcessorService.onBootCompleted(EmailBroadcastProcessorService.java:295)
04-25 18:43:21.784  4558  4558 E ActivityThread: 	at com.android.email.service.EmailBroadcastProcessorService.onHandleIntent(EmailBroadcastProcessorService.java:130)
04-25 18:43:21.784  4558  4558 E ActivityThread: 	at android.app.IntentService$ServiceHandler.handleMessage(IntentService.java:76)
04-25 18:43:21.784  4558  4558 E ActivityThread: 	at android.os.Handler.dispatchMessage(Handler.java:106)
04-25 18:43:21.784  4558  4558 E ActivityThread: 	at android.os.Looper.loop(Looper.java:164)
04-25 18:43:21.784  4558  4558 E ActivityThread: 	at android.os.HandlerThread.run(HandlerThread.java:65)
04-25 18:43:21.786  1008  1251 W ActivityManager: Unbind failed: could not find connection for android.os.BinderProxy@cb69f55
04-25 18:43:21.791  4558  4774 I Email   : Observing account changes for notifications
04-25 18:43:21.808  4701  4701 I SystemBroadcastReceiver: Boot has been completed
04-25 18:43:21.809  4701  4701 I SystemBroadcastReceiver: toggleAppIcon() : FLAG_SYSTEM = true
04-25 18:43:21.841  2681  2681 D MccTable: updateMccMncConfiguration mccmnc='405870' fromServiceState=true
04-25 18:43:21.845  2681  2681 D MccTable: updateMccMncConfiguration defaultMccMnc=
04-25 18:43:21.845  2681  2681 D MccTable: updateMccMncConfiguration: mcc=405, mnc=870
04-25 18:43:21.845  2681  2681 D MccTable: WIFI_COUNTRY_CODE set to in
04-25 18:43:21.852  1008  1251 I WifiService: WifiService trying to set country code to in with persist set to false
04-25 18:43:21.853  1008  1251 I chatty  : uid=1000(system) Binder:1008_3 expire 3 lines
04-25 18:43:21.889  4701  4701 E JniUtils: Could not load native library jni_latinimegoogle
04-25 18:43:21.889  4701  4701 E JniUtils: java.lang.UnsatisfiedLinkError: dalvik.system.PathClassLoader[DexPathList[[zip file "/system/app/LatinIME/LatinIME.apk"],nativeLibraryDirectories=[/system/app/LatinIME/lib/arm, /system/fake-libs, /system/app/LatinIME/LatinIME.apk!/lib/armeabi-v7a, /system/lib, /system/vendor/lib, /system/lib, /system/vendor/lib]]] couldn't find "libjni_latinimegoogle.so"
04-25 18:43:21.889  4701  4701 E JniUtils: 	at java.lang.Runtime.loadLibrary0(Runtime.java:1011)
04-25 18:43:21.889  4701  4701 E JniUtils: 	at java.lang.System.loadLibrary(System.java:1657)
04-25 18:43:21.889  4701  4701 E JniUtils: 	at com.android.inputmethod.latin.utils.JniUtils.<clinit>(JniUtils.java:29)
04-25 18:43:21.889  4701  4701 E JniUtils: 	at com.android.inputmethod.latin.utils.JniUtils.loadNativeLibrary(JniUtils.java:47)
04-25 18:43:21.889  4701  4701 E JniUtils: 	at com.android.inputmethod.latin.LatinIME.<clinit>(LatinIME.java:577)
04-25 18:43:21.889  4701  4701 E JniUtils: 	at java.lang.Class.newInstance(Native Method)
04-25 18:43:21.889  4701  4701 E JniUtils: 	at android.app.ActivityThread.handleCreateService(ActivityThread.java:3343)
04-25 18:43:21.889  4701  4701 E JniUtils: 	at android.app.ActivityThread.-wrap4(Unknown Source:0)
04-25 18:43:21.889  4701  4701 E JniUtils: 	at android.app.ActivityThread$H.handleMessage(ActivityThread.java:1693)
04-25 18:43:21.889  4701  4701 E JniUtils: 	at android.os.Handler.dispatchMessage(Handler.java:106)
04-25 18:43:21.889  4701  4701 E JniUtils: 	at android.os.Looper.loop(Looper.java:164)
04-25 18:43:21.889  4701  4701 E JniUtils: 	at android.app.ActivityThread.main(ActivityThread.java:6520)
04-25 18:43:21.889  4701  4701 E JniUtils: 	at java.lang.reflect.Method.invoke(Native Method)
04-25 18:43:21.889  4701  4701 E JniUtils: 	at com.android.internal.os.RuntimeInit$MethodAndArgsCaller.run(RuntimeInit.java:440)
04-25 18:43:21.889  4701  4701 E JniUtils: 	at com.android.internal.os.ZygoteInit.main(ZygoteInit.java:807)
04-25 18:43:21.898  1008  3893 I ActivityManager: Start proc 4789:com.android.managedprovisioning/u0a20 for broadcast com.android.managedprovisioning/.preprovisioning.BootReminder
04-25 18:43:21.907  1008  3893 I chatty  : uid=1000(system) Binder:1008_10 expire 2 lines
04-25 18:43:21.934  4701  4701 I LatinIME: Hardware accelerated drawing: true
04-25 18:43:21.971  2681  2681 I TelecomFramework: PstnIncomingCallNotifier: Unregistering: Handler (com.android.internal.telephony.GsmCdmaPhone) {a343c51}
04-25 18:43:22.028  1008  3893 I Telecom : PhoneAccountRegistrar: Modify account: [ComponentInfo{com.android.phone/com.android.services.telephony.TelephonyConnectionService}, [****], UserHandle{0}]: TSI.rPA@AIY
04-25 18:43:22.036  2681  2681 I TelecomFramework: AccountEntry: Registered phoneAccount: [[ ] PhoneAccount: ComponentInfo{com.android.phone/com.android.services.telephony.TelephonyConnectionService}, [****], UserHandle{0} Capabilities: SuppVideo CallProvider MultiUser PlaceEmerg SimSub  Audio Routes: BESW Schemes: tel voicemail  Extras: Bundle[{android.telecom.extra.SUPPORTS_VIDEO_CALLING_FALLBACK=false, android.telecom.extra.SORT_ORDER=0}] GroupId: [****]] with handle: ComponentInfo{com.android.phone/com.android.services.telephony.TelephonyConnectionService}, [****], UserHandle{0}
04-25 18:43:22.037  2681  2681 I TelecomFramework: PstnIncomingCallNotifier: Registering: Handler (com.android.internal.telephony.GsmCdmaPhone) {a343c51}
04-25 18:43:22.115  4701  4701 W InputAttributes: No editor info for this field. Bug?
04-25 18:43:22.141  1008  3893 I ActivityManager: Start proc 4810:com.android.messaging/u0a75 for broadcast com.android.messaging/.receiver.BootAndPackageReplacedReceiver
04-25 18:43:22.185  4701  4818 I LatinIME:LogUtils: Dictionary info: dictionary = UserHistoryDictionary.en_US ; version = 1524661006 ; date = 1524661010
04-25 18:43:22.188  4701  4818 I LatinIME:LogUtils: Dictionary info: dictionary = userunigram.en_US ; version = 1524662002 ; date = ?
04-25 18:43:22.320  2681  2681 I TelecomFramework: PstnIncomingCallNotifier: Unregistering: Handler (com.android.internal.telephony.GsmCdmaPhone) {a343c51}
04-25 18:43:22.321  4701  4818 I LatinIME:LogUtils: Dictionary info: dictionary = main:en ; version = 54 ; date = 1414726273
04-25 18:43:22.358  1008  3327 I Telecom : PhoneAccountRegistrar: Modify account: [ComponentInfo{com.android.phone/com.android.services.telephony.TelephonyConnectionService}, [****], UserHandle{0}]: TSI.rPA@AI0
04-25 18:43:22.365  2681  2681 I TelecomFramework: AccountEntry: Registered phoneAccount: [[ ] PhoneAccount: ComponentInfo{com.android.phone/com.android.services.telephony.TelephonyConnectionService}, [****], UserHandle{0} Capabilities: SuppVideo CallProvider MultiUser PlaceEmerg SimSub  Audio Routes: BESW Schemes: tel voicemail  Extras: Bundle[{android.telecom.extra.SUPPORTS_VIDEO_CALLING_FALLBACK=false, android.telecom.extra.SORT_ORDER=0}] GroupId: [****]] with handle: ComponentInfo{com.android.phone/com.android.services.telephony.TelephonyConnectionService}, [****], UserHandle{0}
04-25 18:43:22.366  2681  2681 I TelecomFramework: PstnIncomingCallNotifier: Registering: Handler (com.android.internal.telephony.GsmCdmaPhone) {a343c51}
04-25 18:43:22.420  2681  2681 I TelecomFramework: PstnIncomingCallNotifier: Unregistering: Handler (com.android.internal.telephony.GsmCdmaPhone) {a343c51}
04-25 18:43:22.431  4810  4810 I MessagingApp: Carrier config changed. Reloading MMS config.
04-25 18:43:22.436  1008  3327 I ActivityManager: Start proc 4916:com.android.onetimeinitializer/u0a22 for broadcast com.android.onetimeinitializer/.OneTimeInitializerReceiver
04-25 18:43:22.453  4810  4909 I MessagingAppDataModel: Fixup: Send failed - 0 Download failed - 0
04-25 18:43:22.462  1008  3327 I Telecom : PhoneAccountRegistrar: Modify account: [ComponentInfo{com.android.phone/com.android.services.telephony.TelephonyConnectionService}, [****], UserHandle{0}]: TSI.rPA@AJQ
04-25 18:43:22.470  2681  2681 I TelecomFramework: AccountEntry: Registered phoneAccount: [[ ] PhoneAccount: ComponentInfo{com.android.phone/com.android.services.telephony.TelephonyConnectionService}, [****], UserHandle{0} Capabilities: SuppVideo CallProvider MultiUser PlaceEmerg SimSub  Audio Routes: BESW Schemes: tel voicemail  Extras: Bundle[{android.telecom.extra.SUPPORTS_VIDEO_CALLING_FALLBACK=false, android.telecom.extra.SORT_ORDER=0}] GroupId: [****]] with handle: ComponentInfo{com.android.phone/com.android.services.telephony.TelephonyConnectionService}, [****], UserHandle{0}
04-25 18:43:22.471  2681  2681 I TelecomFramework: PstnIncomingCallNotifier: Registering: Handler (com.android.internal.telephony.GsmCdmaPhone) {a343c51}
04-25 18:43:22.491  2681  2681 I TelecomFramework: PstnPhoneCapabilitiesNotifier: handleVideoCapabilitesChanged. Video capability - false
04-25 18:43:22.506  4810  4908 W MessagingApp: canonicalizeMccMnc: invalid mccmnc:null ,null
04-25 18:43:22.511  3333  3344 I zygote  : Do full code cache collection, code=254KB, data=171KB
04-25 18:43:22.518  3333  3344 I zygote  : After code cache collection, code=225KB, data=138KB
04-25 18:43:22.527  1008  2876 D MmsServiceBroker: getCarrierConfigValues() by com.android.messaging
04-25 18:43:22.529  1008  2876 W MmsServiceBroker: MmsService not connected. Try connecting...
04-25 18:43:22.530  4810  4914 W MessagingApp: PhoneUtils.getSelfRawNumber: subInfo is null for 1
04-25 18:43:22.531  1008  1008 I MmsServiceBroker: Connecting to MmsService
04-25 18:43:22.546  1008  1008 W ContextImpl: Calling a method in the system process without a qualified user: android.app.ContextImpl.bindService:1565 com.android.server.MmsServiceBroker.tryConnecting:241 com.android.server.MmsServiceBroker.-wrap3:0 com.android.server.MmsServiceBroker$1.handleMessage:83 android.os.Handler.dispatchMessage:106 
04-25 18:43:22.575  4916  4916 V OneTimeInitializerReceiver: OneTimeInitializerReceiver.onReceive
04-25 18:43:22.593  4810  4914 W MessagingApp: PhoneUtils.getSelfRawNumber: subInfo is null for 1
04-25 18:43:22.634  1008  3327 I ActivityManager: Start proc 4945:com.android.packageinstaller/u0a25 for broadcast com.android.packageinstaller/.TemporaryFileManager
04-25 18:43:22.643  2681  2681 D MccTable: updateMccMncConfiguration mccmnc='' fromServiceState=true
04-25 18:43:22.643  2681  2681 D MccTable: WIFI_COUNTRY_CODE set to 
04-25 18:43:22.644  1008  1251 I WifiService: WifiService trying to set country code to  with persist set to false
04-25 18:43:22.647  3962  3962 I netmgrd : type=1400 audit(0.0:493): avc: denied { ioctl } for path="socket:[41510]" dev="sockfs" ino=41510 ioctlcmd=89fd scontext=u:r:init:s0 tcontext=u:r:init:s0 tclass=udp_socket permissive=1
04-25 18:43:22.647  3962  3962 I netmgrd : type=1400 audit(0.0:494): avc: denied { create } for scontext=u:r:init:s0 tcontext=u:r:init:s0 tclass=netlink_route_socket permissive=1
04-25 18:43:22.653  3962  4306 I libmdmdetect: ESOC framework not supported
04-25 18:43:22.655  3962  4306 I libmdmdetect: Found internal modem: modem
04-25 18:43:22.647  3962  3962 I netmgrd : type=1400 audit(0.0:495): avc: denied { bind } for scontext=u:r:init:s0 tcontext=u:r:init:s0 tclass=netlink_route_socket permissive=1
04-25 18:43:22.647  3962  3962 I netmgrd : type=1400 audit(0.0:496): avc: denied { create } for scontext=u:r:init:s0 tcontext=u:r:init:s0 tclass=netlink_socket permissive=1
04-25 18:43:22.647  3962  3962 I netmgrd : type=1400 audit(0.0:497): avc: denied { bind } for scontext=u:r:init:s0 tcontext=u:r:init:s0 tclass=netlink_socket permissive=1
04-25 18:43:22.647  3962  3962 I netmgrd : type=1400 audit(0.0:498): avc: denied { create } for scontext=u:r:init:s0 tcontext=u:r:init:s0 tclass=netlink_xfrm_socket permissive=1
04-25 18:43:22.647  3962  3962 I netmgrd : type=1400 audit(0.0:499): avc: denied { bind } for scontext=u:r:init:s0 tcontext=u:r:init:s0 tclass=netlink_xfrm_socket permissive=1
04-25 18:43:22.661  4950  4950 I netmgrd : type=1400 audit(0.0:500): avc: denied { read } for scontext=u:r:init:s0 tcontext=u:r:init:s0 tclass=netlink_route_socket permissive=1
04-25 18:43:22.663  3962  4306 I libmdmdetect: ESOC framework not supported
04-25 18:43:22.664  3962  4306 I libmdmdetect: Found internal modem: modem
04-25 18:43:22.661  4306  4306 I netmgrd : type=1400 audit(0.0:501): avc: denied { create } for scontext=u:r:init:s0 tcontext=u:r:init:s0 tclass=socket permissive=1
04-25 18:43:22.661  4306  4306 I netmgrd : type=1400 audit(0.0:502): avc: denied { ioctl } for path="socket:[40879]" dev="sockfs" ino=40879 ioctlcmd=c302 scontext=u:r:init:s0 tcontext=u:r:init:s0 tclass=socket permissive=1
04-25 18:43:22.661  4306  4306 I netmgrd : type=1400 audit(0.0:503): avc: denied { write } for name="qmux_connect_socket" dev="tmpfs" ino=12224 scontext=u:r:init:s0 tcontext=u:object_r:qmuxd_socket:s0 tclass=sock_file permissive=1
04-25 18:43:22.691  3962  4306 I libmdmdetect: ESOC framework not supported
04-25 18:43:22.692  3962  4306 I libmdmdetect: Found internal modem: modem
04-25 18:43:22.692  4810  4963 I MessagingAppDataModel: SyncMessagesAction: Starting batch for messages from 1524661026054 to 1524662002382 (message update limit = 80, message scan limit = 4000)
04-25 18:43:22.703  3962  4306 I libmdmdetect: ESOC framework not supported
04-25 18:43:22.704  3962  4306 I libmdmdetect: Found internal modem: modem
04-25 18:43:22.714  4965  4965 I netmgrd : type=1400 audit(0.0:504): avc: denied { execute_no_trans } for path="/system/bin/sh" dev="mmcblk0p24" ino=401 scontext=u:r:init:s0 tcontext=u:object_r:shell_exec:s0 tclass=file permissive=1
04-25 18:43:22.730  3962  4306 I libmdmdetect: ESOC framework not supported
04-25 18:43:22.731  3962  4306 I libmdmdetect: Found internal modem: modem
04-25 18:43:22.734  3962  4306 I libmdmdetect: ESOC framework not supported
04-25 18:43:22.734  3962  4306 I libmdmdetect: Found internal modem: modem
04-25 18:43:22.757  3962  4306 I libmdmdetect: ESOC framework not supported
04-25 18:43:22.757  3962  4306 I libmdmdetect: Found internal modem: modem
04-25 18:43:22.767  4306  4306 I netmgrd : type=1400 audit(0.0:505): avc: denied { write } for scontext=u:r:init:s0 tcontext=u:r:init:s0 tclass=netlink_socket permissive=1
04-25 18:43:22.771  3962  4306 I libmdmdetect: ESOC framework not supported
04-25 18:43:22.767  4306  4306 I netmgrd : type=1400 audit(0.0:506): avc: denied { read } for scontext=u:r:init:s0 tcontext=u:r:init:s0 tclass=netlink_socket permissive=1
04-25 18:43:22.772  3962  4306 I libmdmdetect: Found internal modem: modem
04-25 18:43:22.787  2681  2681 I TelecomFramework: PstnPhoneCapabilitiesNotifier: handleVideoCapabilitesChanged. Video capability - false
04-25 18:43:22.812   276   292 E Netd    : duplicate netId 11
04-25 18:43:22.807  5012  5012 I ndc     : type=1400 audit(0.0:507): avc: denied { write } for name="netd" dev="tmpfs" ino=9472 scontext=u:r:init:s0 tcontext=u:object_r:netd_socket:s0 tclass=sock_file permissive=1
04-25 18:43:22.807  5012  5012 I ndc     : type=1400 audit(0.0:508): avc: denied { connectto } for path="/dev/socket/netd" scontext=u:r:init:s0 tcontext=u:r:netd:s0 tclass=unix_stream_socket permissive=1
04-25 18:43:22.787  2681  2681 I TelecomFramework: PstnPhoneCapabilitiesNotifier: handleVideoCapabilitesChanged. Video capability - false
04-25 18:43:22.825  1008  3893 I Telecom : PhoneAccountRegistrar: Modify account: [ComponentInfo{com.android.phone/com.android.services.telephony.TelephonyConnectionService}, [****], UserHandle{0}]: TSI.rPA@AJ8
04-25 18:43:22.827  3962  3962 I netmgrd : type=1400 audit(0.0:509): avc: denied { write } for scontext=u:r:init:s0 tcontext=u:r:init:s0 tclass=socket permissive=1
04-25 18:43:22.837  5024  5024 I netmgrd : type=1400 audit(0.0:510): avc: denied { read } for scontext=u:r:init:s0 tcontext=u:r:init:s0 tclass=socket permissive=1
04-25 18:43:22.845  2681  2681 D MccTable: updateMccMncConfiguration mccmnc='405870' fromServiceState=false
04-25 18:43:22.847  2681  2681 D MccTable: updateMccMncConfiguration defaultMccMnc=
04-25 18:43:22.848  2681  2681 D MccTable: updateMccMncConfiguration: mcc=405, mnc=870
04-25 18:43:22.848  2681  2681 D MccTable: updateMccMncConfiguration updateConfig config={0.0 405mcc870mnc ?localeList ?layoutDir ?swdp ?wdp ?hdp ?density ?lsize ?long ?ldr ?wideColorGamut ?orien ?uimode ?night ?touch ?keyb/?/? ?nav/?}
04-25 18:43:22.871  5021  5021 I iptables: type=1400 audit(0.0:511): avc: denied { create } for scontext=u:r:init:s0 tcontext=u:r:init:s0 tclass=rawip_socket permissive=1
04-25 18:43:23.001  1008  1008 I MmsServiceBroker: MmsService connected
04-25 18:43:23.005  4810  4908 I MessagingApp: Carrier configs loaded: Bundle[{smsToMmsTextThreshold=-1, maxMessageTextSize=-1, recipientLimit=-1, maxImageHeight=480, maxMessageSize=307200, maxImageWidth=640, enabledMMS=true, enableMultipartSMS=true}] from resources+system for subId=2
04-25 18:43:23.016  2681  2681 I TelecomFramework: PstnIncomingCallNotifier: Unregistering: Handler (com.android.internal.telephony.GsmCdmaPhone) {a343c51}
04-25 18:43:23.031  4810  4913 W MessagingApp: canonicalizeMccMnc: invalid mccmnc:null ,null
04-25 18:43:23.052  1008  3327 D MmsServiceBroker: getCarrierConfigValues() by com.android.messaging
04-25 18:43:23.053  2681  2695 I chatty  : uid=1001(radio) Binder:2681_2 expire 2 lines
04-25 18:43:23.060  4810  4913 I MessagingApp: Carrier configs loaded: Bundle[{smsToMmsTextThreshold=-1, maxMessageTextSize=-1, recipientLimit=-1, maxImageHeight=480, maxMessageSize=307200, maxImageWidth=640, enabledMMS=true, enableMultipartSMS=true}] from resources+system for subId=2
04-25 18:43:23.083  4810  4915 W MessagingApp: canonicalizeMccMnc: invalid mccmnc:null ,null
04-25 18:43:23.095  2681  3129 I chatty  : uid=1001(radio) Binder:2681_6 expire 2 lines
04-25 18:43:23.097  4810  4915 I MessagingApp: Carrier configs loaded: Bundle[{smsToMmsTextThreshold=-1, maxMessageTextSize=-1, recipientLimit=-1, maxImageHeight=480, maxMessageSize=307200, maxImageWidth=640, enabledMMS=true, enableMultipartSMS=true}] from resources+system for subId=2
04-25 18:43:23.116  4810  5028 I MessagingAppDataModel: SyncMessagesAction: All messages now in sync
04-25 18:43:23.095  1008  3327 D MmsServiceBroker: getCarrierConfigValues() by com.android.messaging
04-25 18:43:23.135  1008  2876 I Telecom : PhoneAccountRegistrar: New phone account registered: [[ ] PhoneAccount: ComponentInfo{com.android.phone/com.android.services.telephony.TelephonyConnectionService}, [****], UserHandle{0} Capabilities: SuppVideo CallProvider MultiUser PlaceEmerg SimSub  Audio Routes: BESW Schemes: tel voicemail  Extras: Bundle[mParcelledData.dataSize=208] GroupId: [****]]: TSI.rPA@AKA
04-25 18:43:23.138  4810  4914 W MessagingApp: canonicalizeMccMnc: invalid mccmnc:null ,null
04-25 18:43:23.152  1008  2876 I Telecom : CallsManager: Sending phone-account ComponentInfo{com.android.phone/com.android.services.telephony.TelephonyConnectionService}, [****], UserHandle{0} registered intent as user: TSI.rPA@AKA
04-25 18:43:23.152  1008  3636 D MmsServiceBroker: getCarrierConfigValues() by com.android.messaging
04-25 18:43:23.153  2681  3315 I chatty  : uid=1001(radio) Binder:2681_9 expire 2 lines
04-25 18:43:23.154  4810  4914 I MessagingApp: Carrier configs loaded: Bundle[{smsToMmsTextThreshold=-1, maxMessageTextSize=-1, recipientLimit=-1, maxImageHeight=480, maxMessageSize=307200, maxImageWidth=640, enabledMMS=true, enableMultipartSMS=true}] from resources+system for subId=2
04-25 18:43:23.156  1008  2876 I Telecom : CallsManager: Sending phone-account registered intent to default dialer: TSI.rPA@AKA
04-25 18:43:23.161  4810  4913 W MessagingApp: PhoneUtils.getSelfRawNumber: subInfo is null for 1
04-25 18:43:23.162  2681  2681 I TelecomFramework: AccountEntry: Registered phoneAccount: [[ ] PhoneAccount: ComponentInfo{com.android.phone/com.android.services.telephony.TelephonyConnectionService}, [****], UserHandle{0} Capabilities: SuppVideo CallProvider MultiUser PlaceEmerg SimSub  Audio Routes: BESW Schemes: tel voicemail  Extras: Bundle[{android.telecom.extra.SUPPORTS_VIDEO_CALLING_FALLBACK=false, android.telecom.extra.SORT_ORDER=0}] GroupId: [****]] with handle: ComponentInfo{com.android.phone/com.android.services.telephony.TelephonyConnectionService}, [****], UserHandle{0}
04-25 18:43:23.162  2681  2681 I TelecomFramework: PstnIncomingCallNotifier: Registering: Handler (com.android.internal.telephony.GsmCdmaPhone) {a343c51}
04-25 18:43:23.163  3962  4306 I libmdmdetect: ESOC framework not supported
04-25 18:43:23.164  3962  4306 I libmdmdetect: Found internal modem: modem
04-25 18:43:23.170  3962  4306 I libmdmdetect: ESOC framework not supported
04-25 18:43:23.170  3962  4306 I libmdmdetect: Found internal modem: modem
04-25 18:43:23.178  2681  2681 I TelecomFramework: TelecomAccountRegistry: Unregistering phone account ComponentInfo{com.android.phone/com.android.services.telephony.TelephonyConnectionService}, [****], UserHandle{0}.
04-25 18:43:23.187  1008  3893 I Telecom : CallsManager: Sending phone-account ComponentInfo{com.android.phone/com.android.services.telephony.TelephonyConnectionService}, [****], UserHandle{0} unregistered intent as user: TSI.uPA@AKI
04-25 18:43:23.188  1008  3893 I Telecom : CallsManager: Sending phone-account unregistered intent to default dialer: TSI.uPA@AKI
04-25 18:43:23.193  3962  4306 I libmdmdetect: ESOC framework not supported
04-25 18:43:23.193  3962  4306 I libmdmdetect: Found internal modem: modem
04-25 18:43:23.197  3962  4306 I libmdmdetect: ESOC framework not supported
04-25 18:43:23.198  3962  4306 I libmdmdetect: Found internal modem: modem
04-25 18:43:23.218  4810  4913 W MessagingApp: PhoneUtils.getSelfRawNumber: subInfo is null for 1
04-25 18:43:23.287  5066  5066 I iptables: type=1400 audit(0.0:517): avc: denied { create } for scontext=u:r:init:s0 tcontext=u:r:init:s0 tclass=rawip_socket permissive=1
04-25 18:43:23.287  5066  5066 I iptables: type=1400 audit(0.0:518): avc: denied { getopt } for lport=255 scontext=u:r:init:s0 tcontext=u:r:init:s0 tclass=rawip_socket permissive=1
04-25 18:43:23.291  5066  5066 I iptables: type=1400 audit(0.0:519): avc: denied { setopt } for lport=255 scontext=u:r:init:s0 tcontext=u:r:init:s0 tclass=rawip_socket permissive=1
04-25 18:43:23.413  2681  5079 I chatty  : uid=1001(radio) com.android.phone expire 1 line
